Resolving dependencies...
Downloading packages...
  _fe_analyzer_shared 67.0.0 (99.0.0 available)
  _flutterfire_internals 1.3.59 (1.3.69 available)
  analyzer 6.4.1 (12.1.0 available)
  animate_do 4.2.0 (5.1.0 available)
  async 2.13.0 (2.13.1 available)
  build 2.4.1 (4.0.5 available)
  build_config 1.1.2 (1.3.0 available)
  build_resolvers 2.4.2 (3.0.4 available)
  build_runner 2.4.13 (2.14.0 available)
  build_runner_core 7.3.2 (9.3.2 available)
  built_value 8.12.4 (8.12.5 available)
  cli_util 0.4.2 (0.5.0 available)
  cloud_firestore 5.6.12 (6.3.0 available)
  cloud_firestore_platform_interface 6.6.12 (7.2.0 available)
  cloud_firestore_web 4.4.12 (5.3.0 available)
  cloud_functions 5.6.2 (6.2.0 available)
  cloud_functions_platform_interface 5.8.2 (5.8.12 available)
  cloud_functions_web 4.11.5 (5.1.5 available)
  connectivity_plus 7.0.0 (7.1.1 available)
  connectivity_plus_platform_interface 2.0.1 (2.1.0 available)
  dart_style 2.3.6 (3.1.8 available)
  firebase_analytics 11.6.0 (12.3.0 available)
  firebase_analytics_platform_interface 4.4.3 (5.1.1 available)
  firebase_analytics_web 0.5.10+16 (0.6.1+5 available)
  firebase_auth 5.7.0 (6.4.0 available)
  firebase_auth_platform_interface 7.7.3 (8.1.9 available)
  firebase_auth_web 5.15.3 (6.1.5 available)
  firebase_core 3.15.2 (4.7.0 available)
  firebase_core_platform_interface 6.0.2 (6.0.3 available)
  firebase_core_web 2.24.1 (3.6.0 available)
  firebase_crashlytics 4.3.10 (5.2.0 available)
  firebase_crashlytics_platform_interface 3.8.10 (3.8.20 available)
  firebase_messaging 15.2.10 (16.2.0 available)
  firebase_messaging_platform_interface 4.6.10 (4.7.9 available)
  firebase_messaging_web 3.10.10 (4.1.5 available)
  firebase_ml_model_downloader 0.3.3+8 (0.4.2 available)
  firebase_ml_model_downloader_platform_interface 0.1.5+10 (0.1.5+20 available)
  firebase_remote_config 5.5.0 (6.4.0 available)
  firebase_remote_config_platform_interface 2.0.0 (2.1.2 available)
  firebase_remote_config_web 1.8.9 (1.10.6 available)
  flutter_foreground_task 9.2.1 (9.2.2 available)
  flutter_map 8.2.2 (8.3.0 available)
  flutter_plugin_android_lifecycle 2.0.33 (2.0.34 available)
  geocoding_android 4.0.1 (5.0.1 available)
  geocoding_platform_interface 3.2.0 (5.0.0 available)
  go_router 17.1.0 (17.2.2 available)
  google_mobile_ads 7.0.0 (8.0.0 available)
  hooks 1.0.2 (1.0.3 available)
  local_auth_android 2.0.7 (2.0.8 available)
  meta 1.17.0 (1.18.2 available)
  mgrs_dart 2.0.0 (3.0.0 available)
  mocktail 1.0.4 (1.0.5 available)
  native_toolchain_c 0.17.6 (0.18.0 available)
  package_info_plus 9.0.0 (10.1.0 available)
  package_info_plus_platform_interface 3.2.1 (4.1.0 available)
  path_provider_android 2.2.22 (2.3.1 available)
  proj4dart 2.1.0 (3.0.0 available)
  purchases_flutter 9.15.1 (10.0.1 available)
  purchases_ui_flutter 9.15.1 (10.0.1 available)
  share_plus 12.0.1 (13.1.0 available)
  share_plus_platform_interface 6.1.0 (7.1.0 available)
  shared_preferences 2.5.4 (2.5.5 available)
  shared_preferences_android 2.4.21 (2.4.23 available)
  shared_preferences_platform_interface 2.4.1 (2.4.2 available)
  shelf_web_socket 2.0.1 (3.0.0 available)
  source_gen 1.5.0 (4.2.2 available)
  source_helper 1.3.5 (1.3.11 available)
  synchronized 3.4.0 (3.4.0+1 available)
  test_api 0.7.10 (0.7.11 available)
  unicode 0.3.1 (1.1.9 available)
  url_launcher_android 6.3.28 (6.3.29 available)
  vector_graphics 1.1.20 (1.1.21 available)
  vector_math 2.2.0 (2.3.0 available)
  vm_service 15.0.2 (15.1.0 available)
  webview_flutter_android 4.10.13 (4.11.0 available)
  webview_flutter_platform_interface 2.14.0 (2.15.1 available)
  webview_flutter_wkwebview 3.24.1 (3.24.4 available)
  win32 5.15.0 (6.0.1 available)
Got dependencies!
78 packages have newer versions incompatible with dependency constraints.
Try `flutter pub outdated` for more information.
00:00 +0: loading /Users/minhaj/Documents/MinhajSadik/Safora/test/real_validation_test.dart                                                                                                            00:01 +0: loading /Users/minhaj/Documents/MinhajSadik/Safora/test/real_validation_test.dart                                                                                                            00:01 +0: /Users/minhaj/Documents/MinhajSadik/Safora/test/real_validation_test.dart: Real Validation — EmergencyContact Serialization full round-trip preserves all fields                             00:01 +1: /Users/minhaj/Documents/MinhajSadik/Safora/test/real_validation_test.dart: Real Validation — EmergencyContact Serialization full round-trip preserves all fields                             00:01 +1: /Users/minhaj/Documents/MinhajSadik/Safora/test/real_validation_test.dart: Real Validation — EmergencyContact Serialization handles Unicode names (Bengali)                                  00:01 +2: /Users/minhaj/Documents/MinhajSadik/Safora/test/real_validation_test.dart: Real Validation — EmergencyContact Serialization handles Unicode names (Bengali)                                  00:01 +2: /Users/minhaj/Documents/MinhajSadik/Safora/test/real_validation_test.dart: Real Validation — EmergencyContact Serialization handles empty strings gracefully                                 00:01 +3: /Users/minhaj/Documents/MinhajSadik/Safora/test/real_validation_test.dart: Real Validation — EmergencyContact Serialization handles empty strings gracefully                                 00:01 +3: /Users/minhaj/Documents/MinhajSadik/Safora/test/real_validation_test.dart: Real Validation — AlertEvent Serialization full round-trip preserves all fields (id via Hive key)                 00:01 +4: /Users/minhaj/Documents/MinhajSadik/Safora/test/real_validation_test.dart: Real Validation — AlertEvent Serialization full round-trip preserves all fields (id via Hive key)                 00:01 +4: /Users/minhaj/Documents/MinhajSadik/Safora/test/real_validation_test.dart: Real Validation — AlertEvent Serialization handles null optional fields                                           00:01 +5: /Users/minhaj/Documents/MinhajSadik/Safora/test/real_validation_test.dart: Real Validation — AlertEvent Serialization handles null optional fields                                           00:01 +5: /Users/minhaj/Documents/MinhajSadik/Safora/test/real_validation_test.dart: Real Validation — AlertEvent Serialization negative coordinates (Southern/Western hemispheres)                    00:01 +6: /Users/minhaj/Documents/MinhajSadik/Safora/test/real_validation_test.dart: Real Validation — AlertEvent Serialization negative coordinates (Southern/Western hemispheres)                    00:01 +6: /Users/minhaj/Documents/MinhajSadik/Safora/test/real_validation_test.dart: Real Validation — UserProfile Serialization full round-trip preserves medical data                                00:01 +7: /Users/minhaj/Documents/MinhajSadik/Safora/test/real_validation_test.dart: Real Validation — UserProfile Serialization full round-trip preserves medical data                                00:01 +7: /Users/minhaj/Documents/MinhajSadik/Safora/test/real_validation_test.dart: Real Validation — UserProfile Serialization handles empty lists                                                   00:01 +8: /Users/minhaj/Documents/MinhajSadik/Safora/test/real_validation_test.dart: Real Validation — UserProfile Serialization handles empty lists                                                   00:01 +8: /Users/minhaj/Documents/MinhajSadik/Safora/test/real_validation_test.dart: Real Validation — MedicineReminder Serialization full round-trip preserves schedule data                          00:01 +9: /Users/minhaj/Documents/MinhajSadik/Safora/test/real_validation_test.dart: Real Validation — MedicineReminder Serialization full round-trip preserves schedule data                          00:01 +9: /Users/minhaj/Documents/MinhajSadik/Safora/test/real_validation_test.dart: Real Validation — MedicineReminder Serialization all frequency values round-trip correctly                        00:01 +10: /Users/minhaj/Documents/MinhajSadik/Safora/test/real_validation_test.dart: Real Validation — MedicineReminder Serialization all frequency values round-trip correctly                       00:01 +10: /Users/minhaj/Documents/MinhajSadik/Safora/test/real_validation_test.dart: Real Validation — Signal Processor Algorithms SMV at rest (phone on table) = 1G ± 0.1G                           00:01 +11: /Users/minhaj/Documents/MinhajSadik/Safora/test/real_validation_test.dart: Real Validation — Signal Processor Algorithms SMV at rest (phone on table) = 1G ± 0.1G                           00:01 +11: /Users/minhaj/Documents/MinhajSadik/Safora/test/real_validation_test.dart: Real Validation — Signal Processor Algorithms SMV during freefall = 0G (weightlessness)                          00:01 +12: /Users/minhaj/Documents/MinhajSadik/Safora/test/real_validation_test.dart: Real Validation — Signal Processor Algorithms SMV during freefall = 0G (weightlessness)                          00:01 +12: /Users/minhaj/Documents/MinhajSadik/Safora/test/real_validation_test.dart: Real Validation — Signal Processor Algorithms SMV for known impact (3G fall) matches research                    00:01 +13: /Users/minhaj/Documents/MinhajSadik/Safora/test/real_validation_test.dart: Real Validation — Signal Processor Algorithms SMV for known impact (3G fall) matches research                    00:01 +13: /Users/minhaj/Documents/MinhajSadik/Safora/test/real_validation_test.dart: Real Validation — Signal Processor Algorithms SMV for vehicle crash (4G) matches IEEE/WreckWatch                 00:01 +14: /Users/minhaj/Documents/MinhajSadik/Safora/test/real_validation_test.dart: Real Validation — Signal Processor Algorithms SMV for vehicle crash (4G) matches IEEE/WreckWatch                 00:01 +14: /Users/minhaj/Documents/MinhajSadik/Safora/test/real_validation_test.dart: Real Validation — Signal Processor Algorithms SMV vector math is correct (Pythagorean 3-4-5)                     00:01 +15: /Users/minhaj/Documents/MinhajSadik/Safora/test/real_validation_test.dart: Real Validation — Signal Processor Algorithms SMV vector math is correct (Pythagorean 3-4-5)                     00:01 +15: /Users/minhaj/Documents/MinhajSadik/Safora/test/real_validation_test.dart: Real Validation — Signal Processor Algorithms jerk computation detects sudden onset correctly                    00:01 +16: /Users/minhaj/Documents/MinhajSadik/Safora/test/real_validation_test.dart: Real Validation — Signal Processor Algorithms jerk computation detects sudden onset correctly                    00:01 +16: /Users/minhaj/Documents/MinhajSadik/Safora/test/real_validation_test.dart: Real Validation — Signal Processor Algorithms freefall detection identifies weightlessness                       00:01 +17: /Users/minhaj/Documents/MinhajSadik/Safora/test/real_validation_test.dart: Real Validation — Signal Processor Algorithms freefall detection identifies weightlessness                       00:01 +17: /Users/minhaj/Documents/MinhajSadik/Safora/test/real_validation_test.dart: Real Validation — Signal Processor Algorithms no freefall at normal walking                                      00:01 +18: /Users/minhaj/Documents/MinhajSadik/Safora/test/real_validation_test.dart: Real Validation — Signal Processor Algorithms no freefall at normal walking                                      00:01 +18: /Users/minhaj/Documents/MinhajSadik/Safora/test/real_validation_test.dart: Real Validation — Signal Processor Algorithms gravity removal isolates user acceleration after convergence       00:01 +19: /Users/minhaj/Documents/MinhajSadik/Safora/test/real_validation_test.dart: Real Validation — Signal Processor Algorithms gravity removal isolates user acceleration after convergence       00:01 +19: /Users/minhaj/Documents/MinhajSadik/Safora/test/real_validation_test.dart: Real Validation — Signal Processor Algorithms SMA at rest approximates gravity                                   00:01 +20: /Users/minhaj/Documents/MinhajSadik/Safora/test/real_validation_test.dart: Real Validation — Signal Processor Algorithms SMA at rest approximates gravity                                   00:01 +20: /Users/minhaj/Documents/MinhajSadik/Safora/test/real_validation_test.dart: Real Validation — Signal Processor Algorithms variance is zero for constant signal                               00:01 +21: /Users/minhaj/Documents/MinhajSadik/Safora/test/real_validation_test.dart: Real Validation — Signal Processor Algorithms variance is zero for constant signal                               00:01 +21: /Users/minhaj/Documents/MinhajSadik/Safora/test/real_validation_test.dart: Real Validation — Signal Processor Algorithms post-impact stillness detection works                              00:01 +22: /Users/minhaj/Documents/MinhajSadik/Safora/test/real_validation_test.dart: Real Validation — Signal Processor Algorithms post-impact stillness detection works                              00:01 +22: /Users/minhaj/Documents/MinhajSadik/Safora/test/real_validation_test.dart: Real Validation — Detection Engine Thresholds fall threshold is 3G (research standard)                           00:01 +23: /Users/minhaj/Documents/MinhajSadik/Safora/test/real_validation_test.dart: Real Validation — Detection Engine Thresholds fall threshold is 3G (research standard)                           00:01 +23: /Users/minhaj/Documents/MinhajSadik/Safora/test/real_validation_test.dart: Real Validation — Detection Engine Thresholds crash threshold is 4G (IEEE/WreckWatch standard)                   00:01 +24: /Users/minhaj/Documents/MinhajSadik/Safora/test/real_validation_test.dart: Real Validation — Detection Engine Thresholds crash threshold is 4G (IEEE/WreckWatch standard)                   00:01 +24: /Users/minhaj/Documents/MinhajSadik/Safora/test/real_validation_test.dart: Real Validation — Detection Engine Thresholds hard impact threshold is 6G                                        00:01 +25: /Users/minhaj/Documents/MinhajSadik/Safora/test/real_validation_test.dart: Real Validation — Detection Engine Thresholds hard impact threshold is 6G                                        00:01 +25: /Users/minhaj/Documents/MinhajSadik/Safora/test/real_validation_test.dart: Real Validation — Detection Engine Thresholds minimum confidence is 0.5 (suppress false alarms)                  00:01 +26: /Users/minhaj/Documents/MinhajSadik/Safora/test/real_validation_test.dart: Real Validation — Detection Engine Thresholds minimum confidence is 0.5 (suppress false alarms)                  00:01 +26: /Users/minhaj/Documents/MinhajSadik/Safora/test/real_validation_test.dart: Real Validation — Detection Engine Thresholds cooldown is 10 seconds (prevent alert spam)                        00:01 +27: /Users/minhaj/Documents/MinhajSadik/Safora/test/real_validation_test.dart: Real Validation — Detection Engine Thresholds cooldown is 10 seconds (prevent alert spam)                        00:01 +27: /Users/minhaj/Documents/MinhajSadik/Safora/test/real_validation_test.dart: Real Validation — Detection Engine Thresholds sampling rate is 50Hz (sufficient for detection)                   00:01 +28: /Users/minhaj/Documents/MinhajSadik/Safora/test/real_validation_test.dart: Real Validation — Detection Engine Thresholds sampling rate is 50Hz (sufficient for detection)                   00:01 +28: /Users/minhaj/Documents/MinhajSadik/Safora/test/real_validation_test.dart: Real Validation — Confidence Scoring phone drop (3G, no freefall, no stillness) = low confidence                 00:01 +29: /Users/minhaj/Documents/MinhajSadik/Safora/test/real_validation_test.dart: Real Validation — Confidence Scoring phone drop (3G, no freefall, no stillness) = low confidence                 00:01 +29: /Users/minhaj/Documents/MinhajSadik/Safora/test/real_validation_test.dart: Real Validation — Confidence Scoring real fall (4G + freefall + stillness) = high confidence                     00:01 +30: /Users/minhaj/Documents/MinhajSadik/Safora/test/real_validation_test.dart: Real Validation — Confidence Scoring real fall (4G + freefall + stillness) = high confidence                     00:01 +30: /Users/minhaj/Documents/MinhajSadik/Safora/test/real_validation_test.dart: Real Validation — Confidence Scoring severe crash (8G, no freefall) = high confidence                            00:01 +31: /Users/minhaj/Documents/MinhajSadik/Safora/test/real_validation_test.dart: Real Validation — Confidence Scoring severe crash (8G, no freefall) = high confidence                            00:01 +31: /Users/minhaj/Documents/MinhajSadik/Safora/test/real_validation_test.dart: Real Validation — Battery Thresholds lowThreshold is 15%                                                         00:01 +32: /Users/minhaj/Documents/MinhajSadik/Safora/test/real_validation_test.dart: Real Validation — Battery Thresholds lowThreshold is 15%                                                         00:01 +32: /Users/minhaj/Documents/MinhajSadik/Safora/test/real_validation_test.dart: Real Validation — Battery Thresholds criticalThreshold is 5%                                                     00:01 +33: /Users/minhaj/Documents/MinhajSadik/Safora/test/real_validation_test.dart: Real Validation — Battery Thresholds criticalThreshold is 5%                                                     00:01 +33: /Users/minhaj/Documents/MinhajSadik/Safora/test/real_validation_test.dart: Real Validation — Battery Thresholds isLow boundary values                                                       00:01 +34: /Users/minhaj/Documents/MinhajSadik/Safora/test/real_validation_test.dart: Real Validation — Battery Thresholds isLow boundary values                                                       00:01 +34: /Users/minhaj/Documents/MinhajSadik/Safora/test/real_validation_test.dart: Real Validation — Battery Thresholds isCritical boundary values                                                  00:01 +35: /Users/minhaj/Documents/MinhajSadik/Safora/test/real_validation_test.dart: Real Validation — Battery Thresholds isCritical boundary values                                                  00:01 +35: /Users/minhaj/Documents/MinhajSadik/Safora/test/real_validation_test.dart: Real Validation — AlertType Enum Completeness every AlertType has a non-empty name                               00:01 +36: /Users/minhaj/Documents/MinhajSadik/Safora/test/real_validation_test.dart: Real Validation — AlertType Enum Completeness every AlertType has a non-empty name                               00:01 +36: /Users/minhaj/Documents/MinhajSadik/Safora/test/real_validation_test.dart: Real Validation — AlertType Enum Completeness every AlertType has a valid category                               00:01 +37: /Users/minhaj/Documents/MinhajSadik/Safora/test/real_validation_test.dart: Real Validation — AlertType Enum Completeness every AlertType has a valid category                               00:01 +37: /Users/minhaj/Documents/MinhajSadik/Safora/test/real_validation_test.dart: Real Validation — AlertType Enum Completeness every AlertType has a valid priority                               00:01 +38: /Users/minhaj/Documents/MinhajSadik/Safora/test/real_validation_test.dart: Real Validation — AlertType Enum Completeness every AlertType has a valid priority                               00:01 +38: /Users/minhaj/Documents/MinhajSadik/Safora/test/real_validation_test.dart: Real Validation — AlertType Enum Completeness AlertType count is at least 100 (comprehensive coverage)           00:01 +39: /Users/minhaj/Documents/MinhajSadik/Safora/test/real_validation_test.dart: Real Validation — AlertType Enum Completeness AlertType count is at least 100 (comprehensive coverage)           00:01 +39: /Users/minhaj/Documents/MinhajSadik/Safora/test/real_validation_test.dart: Real Validation — AlertType Enum Completeness critical safety types exist                                        00:01 +40: /Users/minhaj/Documents/MinhajSadik/Safora/test/real_validation_test.dart: Real Validation — AlertType Enum Completeness critical safety types exist                                        00:01 +40: /Users/minhaj/Documents/MinhajSadik/Safora/test/real_validation_test.dart: Real Validation — AlertType Enum Completeness AlertCategory has label for every category                         00:01 +41: /Users/minhaj/Documents/MinhajSadik/Safora/test/real_validation_test.dart: Real Validation — AlertType Enum Completeness AlertCategory has label for every category                         00:01 +41: /Users/minhaj/Documents/MinhajSadik/Safora/test/real_validation_test.dart: Real Validation — API Endpoints USGS earthquake URLs are valid                                                   00:01 +42: /Users/minhaj/Documents/MinhajSadik/Safora/test/real_validation_test.dart: Real Validation — API Endpoints USGS earthquake URLs are valid                                                   00:01 +42: /Users/minhaj/Documents/MinhajSadik/Safora/test/real_validation_test.dart: Real Validation — API Endpoints Open-Meteo URLs are valid                                                        00:01 +43: /Users/minhaj/Documents/MinhajSadik/Safora/test/real_validation_test.dart: Real Validation — API Endpoints Open-Meteo URLs are valid                                                        00:01 +43: /Users/minhaj/Documents/MinhajSadik/Safora/test/real_validation_test.dart: Real Validation — API Endpoints GDACS URLs are valid                                                             00:01 +44: /Users/minhaj/Documents/MinhajSadik/Safora/test/real_validation_test.dart: Real Validation — API Endpoints GDACS URLs are valid                                                             00:01 +44: /Users/minhaj/Documents/MinhajSadik/Safora/test/real_validation_test.dart: Real Validation — API Endpoints Google Maps link generator produces valid URL                                    00:01 +45: /Users/minhaj/Documents/MinhajSadik/Safora/test/real_validation_test.dart: Real Validation — API Endpoints Google Maps link generator produces valid URL                                    00:01 +45: /Users/minhaj/Documents/MinhajSadik/Safora/test/real_validation_test.dart: Real Validation — API Endpoints all URLs use HTTPS (except FFWC)                                                 00:01 +46: /Users/minhaj/Documents/MinhajSadik/Safora/test/real_validation_test.dart: Real Validation — API Endpoints all URLs use HTTPS (except FFWC)                                                 00:01 +46: /Users/minhaj/Documents/MinhajSadik/Safora/test/real_validation_test.dart: Real Validation — AlertSounds Constants all sound paths use consistent prefix                                    00:01 +47: /Users/minhaj/Documents/MinhajSadik/Safora/test/real_validation_test.dart: Real Validation — AlertSounds Constants all sound paths use consistent prefix                                    00:01 +47: /Users/minhaj/Documents/MinhajSadik/Safora/test/real_validation_test.dart: Real Validation — AlertSounds Constants forType maps every priority to a valid path                              00:01 +48: /Users/minhaj/Documents/MinhajSadik/Safora/test/real_validation_test.dart: Real Validation — AlertSounds Constants forType maps every priority to a valid path                              00:01 +48: /Users/minhaj/Documents/MinhajSadik/Safora/test/real_validation_test.dart: Real Validation — AlertSounds Constants critical alerts use siren, non-critical use phone_ring                   00:01 +49: /Users/minhaj/Documents/MinhajSadik/Safora/test/real_validation_test.dart: Real Validation — AlertSounds Constants critical alerts use siren, non-critical use phone_ring                   00:01 +49: /Users/minhaj/Documents/MinhajSadik/Safora/test/real_validation_test.dart: Real Validation — AlertSounds Constants all sound constants reference actual files (not ghost paths)             00:01 +50: /Users/minhaj/Documents/MinhajSadik/Safora/test/real_validation_test.dart: Real Validation — AlertSounds Constants all sound constants reference actual files (not ghost paths)             00:01 +50: /Users/minhaj/Documents/MinhajSadik/Safora/test/real_validation_test.dart: Real Validation — Business Logic Edge Cases EmergencyContact phone number with spaces still works                00:01 +51: /Users/minhaj/Documents/MinhajSadik/Safora/test/real_validation_test.dart: Real Validation — Business Logic Edge Cases EmergencyContact phone number with spaces still works                00:01 +51: /Users/minhaj/Documents/MinhajSadik/Safora/test/real_validation_test.dart: Real Validation — Business Logic Edge Cases AlertEvent with magnitude 0 is valid (not treated as null)           00:01 +52: /Users/minhaj/Documents/MinhajSadik/Safora/test/real_validation_test.dart: Real Validation — Business Logic Edge Cases AlertEvent with magnitude 0 is valid (not treated as null)           00:01 +52: /Users/minhaj/Documents/MinhajSadik/Safora/test/real_validation_test.dart: Real Validation — Business Logic Edge Cases MedicineReminder timeParts handles edge times                        00:01 +53: /Users/minhaj/Documents/MinhajSadik/Safora/test/real_validation_test.dart: Real Validation — Business Logic Edge Cases MedicineReminder timeParts handles edge times                        00:01 +53: /Users/minhaj/Documents/MinhajSadik/Safora/test/real_validation_test.dart: Real Validation — Business Logic Edge Cases UserProfile handles extreme weight/height values                     00:01 +54: /Users/minhaj/Documents/MinhajSadik/Safora/test/real_validation_test.dart: Real Validation — Business Logic Edge Cases UserProfile handles extreme weight/height values                     00:01 +54: /Users/minhaj/Documents/MinhajSadik/Safora/test/real_validation_test.dart: Real Validation — Business Logic Edge Cases DetectionEngine default parameters match research values             00:01 +55: /Users/minhaj/Documents/MinhajSadik/Safora/test/real_validation_test.dart: Real Validation — Business Logic Edge Cases DetectionEngine default parameters match research values             00:01 +55: loading /Users/minhaj/Documents/MinhajSadik/Safora/test/branding/branding_consistency_test.dart                                                                                             00:01 +55: /Users/minhaj/Documents/MinhajSadik/Safora/test/branding/branding_consistency_test.dart: AppColors — Palette Completeness has all required brand colors                                     00:01 +56: /Users/minhaj/Documents/MinhajSadik/Safora/test/branding/branding_consistency_test.dart: AppColors — Palette Completeness has all required brand colors                                     00:01 +56: /Users/minhaj/Documents/MinhajSadik/Safora/test/branding/branding_consistency_test.dart: AppColors — Palette Completeness has all semantic status colors                                    00:01 +57: /Users/minhaj/Documents/MinhajSadik/Safora/test/branding/branding_consistency_test.dart: AppColors — Palette Completeness has all semantic status colors                                    00:01 +57: /Users/minhaj/Documents/MinhajSadik/Safora/test/branding/branding_consistency_test.dart: AppColors — Palette Completeness has text hierarchy colors                                         00:01 +58: /Users/minhaj/Documents/MinhajSadik/Safora/test/branding/branding_consistency_test.dart: AppColors — Palette Completeness has text hierarchy colors                                         00:01 +58: /Users/minhaj/Documents/MinhajSadik/Safora/test/branding/branding_consistency_test.dart: AppColors — Palette Completeness has surface and background colors                                 00:01 +59: /Users/minhaj/Documents/MinhajSadik/Safora/test/branding/branding_consistency_test.dart: AppColors — Palette Completeness has surface and background colors                                 00:01 +59: /Users/minhaj/Documents/MinhajSadik/Safora/test/branding/branding_consistency_test.dart: AppColors — Palette Completeness has all alert priority levels                                     00:01 +60: /Users/minhaj/Documents/MinhajSadik/Safora/test/branding/branding_consistency_test.dart: AppColors — Palette Completeness has all alert priority levels                                     00:01 +60: /Users/minhaj/Documents/MinhajSadik/Safora/test/branding/branding_consistency_test.dart: AppColors — Palette Completeness has gradient presets                                              00:01 +61: /Users/minhaj/Documents/MinhajSadik/Safora/test/branding/branding_consistency_test.dart: AppColors — Palette Completeness has gradient presets                                              00:01 +61: /Users/minhaj/Documents/MinhajSadik/Safora/test/branding/branding_consistency_test.dart: Branding — No Raw Colors in Modified Files settings_screen.dart has no raw Colors.*                00:01 +62: /Users/minhaj/Documents/MinhajSadik/Safora/test/branding/branding_consistency_test.dart: Branding — No Raw Colors in Modified Files settings_screen.dart has no raw Colors.*                00:01 +62: /Users/minhaj/Documents/MinhajSadik/Safora/test/branding/branding_consistency_test.dart: Branding — No Raw Colors in Modified Files more_screen.dart has no raw Colors.*                    00:01 +63: /Users/minhaj/Documents/MinhajSadik/Safora/test/branding/branding_consistency_test.dart: Branding — No Raw Colors in Modified Files more_screen.dart has no raw Colors.*                    00:01 +63: /Users/minhaj/Documents/MinhajSadik/Safora/test/branding/branding_consistency_test.dart: Branding — No Raw Colors in Modified Files sos_history_screen.dart has no raw Colors.*             00:01 +64: /Users/minhaj/Documents/MinhajSadik/Safora/test/branding/branding_consistency_test.dart: Branding — No Raw Colors in Modified Files sos_history_screen.dart has no raw Colors.*             00:01 +64: /Users/minhaj/Documents/MinhajSadik/Safora/test/branding/branding_consistency_test.dart: Branding — No Raw Colors in Modified Files alert_map_screen.dart has no raw Colors.*               00:01 +65: /Users/minhaj/Documents/MinhajSadik/Safora/test/branding/branding_consistency_test.dart: Branding — No Raw Colors in Modified Files alert_map_screen.dart has no raw Colors.*               00:01 +65: /Users/minhaj/Documents/MinhajSadik/Safora/test/branding/branding_consistency_test.dart: Version Sync — Dynamic Version more_screen.dart uses PackageInfo, not hardcoded version            00:01 +66: /Users/minhaj/Documents/MinhajSadik/Safora/test/branding/branding_consistency_test.dart: Version Sync — Dynamic Version more_screen.dart uses PackageInfo, not hardcoded version            00:01 +66: /Users/minhaj/Documents/MinhajSadik/Safora/test/branding/branding_consistency_test.dart: Settings Screen — Semantic IconColor _SettingsTile widget accepts iconColor parameter              00:01 +67: /Users/minhaj/Documents/MinhajSadik/Safora/test/branding/branding_consistency_test.dart: Settings Screen — Semantic IconColor _SettingsTile widget accepts iconColor parameter              00:01 +67: /Users/minhaj/Documents/MinhajSadik/Safora/test/branding/branding_consistency_test.dart: Settings Screen — Semantic IconColor all _SettingsTile calls specify iconColor                     00:01 +68: /Users/minhaj/Documents/MinhajSadik/Safora/test/branding/branding_consistency_test.dart: Settings Screen — Semantic IconColor all _SettingsTile calls specify iconColor                     00:01 +68: loading /Users/minhaj/Documents/MinhajSadik/Safora/test/branding/lottie_migration_integrity_test.dart                                                                                       00:01 +68: /Users/minhaj/Documents/MinhajSadik/Safora/test/branding/lottie_migration_integrity_test.dart: (setUpAll)                                                                                   00:01 +68: /Users/minhaj/Documents/MinhajSadik/Safora/test/branding/lottie_migration_integrity_test.dart: Lottie Removal — pubspec.yaml lottie dependency is not present                               00:01 +69: /Users/minhaj/Documents/MinhajSadik/Safora/test/branding/lottie_migration_integrity_test.dart: Lottie Removal — pubspec.yaml lottie dependency is not present                               00:01 +69: /Users/minhaj/Documents/MinhajSadik/Safora/test/branding/lottie_migration_integrity_test.dart: Lottie Removal — pubspec.yaml assets/lottie/ directory is not in asset bundle                00:01 +70: /Users/minhaj/Documents/MinhajSadik/Safora/test/branding/lottie_migration_integrity_test.dart: Lottie Removal — pubspec.yaml assets/lottie/ directory is not in asset bundle                00:01 +70: /Users/minhaj/Documents/MinhajSadik/Safora/test/branding/lottie_migration_integrity_test.dart: Lottie Removal — Source Code no Lottie imports in entire lib/ directory                      00:01 +71: /Users/minhaj/Documents/MinhajSadik/Safora/test/branding/lottie_migration_integrity_test.dart: Lottie Removal — Source Code no Lottie imports in entire lib/ directory                      00:01 +71: /Users/minhaj/Documents/MinhajSadik/Safora/test/branding/lottie_migration_integrity_test.dart: Lottie Removal — Source Code no Lottie.asset() calls in entire lib/ directory                00:01 +72: /Users/minhaj/Documents/MinhajSadik/Safora/test/branding/lottie_migration_integrity_test.dart: Lottie Removal — Source Code no Lottie.asset() calls in entire lib/ directory                00:01 +72: /Users/minhaj/Documents/MinhajSadik/Safora/test/branding/lottie_migration_integrity_test.dart: Settings Screen — customIcon Migration _SettingsTile has customIcon parameter                00:01 +73: /Users/minhaj/Documents/MinhajSadik/Safora/test/branding/lottie_migration_integrity_test.dart: Settings Screen — customIcon Migration _SettingsTile has customIcon parameter                00:01 +73: /Users/minhaj/Documents/MinhajSadik/Safora/test/branding/lottie_migration_integrity_test.dart: Settings Screen — customIcon Migration no lottiePath parameter remains                       00:01 +74: /Users/minhaj/Documents/MinhajSadik/Safora/test/branding/lottie_migration_integrity_test.dart: Settings Screen — customIcon Migration no lottiePath parameter remains                       00:01 +74: /Users/minhaj/Documents/MinhajSadik/Safora/test/branding/lottie_migration_integrity_test.dart: Settings Screen — customIcon Migration no Lottie import in settings_screen.dart              00:01 +75: /Users/minhaj/Documents/MinhajSadik/Safora/test/branding/lottie_migration_integrity_test.dart: Settings Screen — customIcon Migration no Lottie import in settings_screen.dart              00:01 +75: /Users/minhaj/Documents/MinhajSadik/Safora/test/branding/lottie_migration_integrity_test.dart: Settings Screen — customIcon Migration voice distress tile uses SaforaVoiceDistressIcon      00:01 +76: /Users/minhaj/Documents/MinhajSadik/Safora/test/branding/lottie_migration_integrity_test.dart: Settings Screen — customIcon Migration voice distress tile uses SaforaVoiceDistressIcon      00:01 +76: /Users/minhaj/Documents/MinhajSadik/Safora/test/branding/lottie_migration_integrity_test.dart: Settings Screen — customIcon Migration anomaly movement tile uses SaforaAnomalyMovementIcon  00:01 +77: /Users/minhaj/Documents/MinhajSadik/Safora/test/branding/lottie_migration_integrity_test.dart: Settings Screen — customIcon Migration anomaly movement tile uses SaforaAnomalyMovementIcon  00:01 +77: /Users/minhaj/Documents/MinhajSadik/Safora/test/branding/lottie_migration_integrity_test.dart: Settings Screen — customIcon Migration road condition tile uses SaforaRoadConditionIcon      00:01 +78: /Users/minhaj/Documents/MinhajSadik/Safora/test/branding/lottie_migration_integrity_test.dart: Settings Screen — customIcon Migration road condition tile uses SaforaRoadConditionIcon      00:01 +78: /Users/minhaj/Documents/MinhajSadik/Safora/test/branding/lottie_migration_integrity_test.dart: Settings Screen — customIcon Migration customIcon fallback renders Icon when null            00:01 +79: /Users/minhaj/Documents/MinhajSadik/Safora/test/branding/lottie_migration_integrity_test.dart: Settings Screen — customIcon Migration customIcon fallback renders Icon when null            00:01 +79: /Users/minhaj/Documents/MinhajSadik/Safora/test/branding/lottie_migration_integrity_test.dart: Splash Screen — Build Number Guard imports package_info_plus                                 00:01 +80: /Users/minhaj/Documents/MinhajSadik/Safora/test/branding/lottie_migration_integrity_test.dart: Splash Screen — Build Number Guard imports package_info_plus                                 00:01 +80: /Users/minhaj/Documents/MinhajSadik/Safora/test/branding/lottie_migration_integrity_test.dart: Splash Screen — Build Number Guard reads onboarding_build from Hive                          00:01 +81: /Users/minhaj/Documents/MinhajSadik/Safora/test/branding/lottie_migration_integrity_test.dart: Splash Screen — Build Number Guard reads onboarding_build from Hive                          00:01 +81: /Users/minhaj/Documents/MinhajSadik/Safora/test/branding/lottie_migration_integrity_test.dart: Splash Screen — Build Number Guard reads onboarding_completed from Hive                      00:01 +82: /Users/minhaj/Documents/MinhajSadik/Safora/test/branding/lottie_migration_integrity_test.dart: Splash Screen — Build Number Guard reads onboarding_completed from Hive                      00:01 +82: /Users/minhaj/Documents/MinhajSadik/Safora/test/branding/lottie_migration_integrity_test.dart: Splash Screen — Build Number Guard uses PackageInfo.fromPlatform()                           00:01 +83: /Users/minhaj/Documents/MinhajSadik/Safora/test/branding/lottie_migration_integrity_test.dart: Splash Screen — Build Number Guard uses PackageInfo.fromPlatform()                           00:01 +83: /Users/minhaj/Documents/MinhajSadik/Safora/test/branding/lottie_migration_integrity_test.dart: Splash Screen — Build Number Guard computes needsOnboarding from both keys                   00:01 +84: /Users/minhaj/Documents/MinhajSadik/Safora/test/branding/lottie_migration_integrity_test.dart: Splash Screen — Build Number Guard computes needsOnboarding from both keys                   00:01 +84: /Users/minhaj/Documents/MinhajSadik/Safora/test/branding/lottie_migration_integrity_test.dart: Splash Screen — Build Number Guard logs decision to AppLogger                                00:01 +85: /Users/minhaj/Documents/MinhajSadik/Safora/test/branding/lottie_migration_integrity_test.dart: Splash Screen — Build Number Guard logs decision to AppLogger                                00:01 +85: /Users/minhaj/Documents/MinhajSadik/Safora/test/branding/lottie_migration_integrity_test.dart: Splash Screen — Build Number Guard does not import or use Lottie                             00:01 +86: /Users/minhaj/Documents/MinhajSadik/Safora/test/branding/lottie_migration_integrity_test.dart: Splash Screen — Build Number Guard does not import or use Lottie                             00:01 +86: /Users/minhaj/Documents/MinhajSadik/Safora/test/branding/lottie_migration_integrity_test.dart: Onboarding Screen — Branded Icons & Completion imports package_info_plus                     00:01 +87: /Users/minhaj/Documents/MinhajSadik/Safora/test/branding/lottie_migration_integrity_test.dart: Onboarding Screen — Branded Icons & Completion imports package_info_plus                     00:01 +87: /Users/minhaj/Documents/MinhajSadik/Safora/test/branding/lottie_migration_integrity_test.dart: Onboarding Screen — Branded Icons & Completion writes onboarding_build stamp on completion   00:01 +88: /Users/minhaj/Documents/MinhajSadik/Safora/test/branding/lottie_migration_integrity_test.dart: Onboarding Screen — Branded Icons & Completion writes onboarding_build stamp on completion   00:01 +88: /Users/minhaj/Documents/MinhajSadik/Safora/test/branding/lottie_migration_integrity_test.dart: Onboarding Screen — Branded Icons & Completion writes onboarding_completed on completion     00:01 +89: /Users/minhaj/Documents/MinhajSadik/Safora/test/branding/lottie_migration_integrity_test.dart: Onboarding Screen — Branded Icons & Completion writes onboarding_completed on completion     00:01 +89: /Users/minhaj/Documents/MinhajSadik/Safora/test/branding/lottie_migration_integrity_test.dart: Onboarding Screen — Branded Icons & Completion does not import or use Lottie                 00:01 +90: /Users/minhaj/Documents/MinhajSadik/Safora/test/branding/lottie_migration_integrity_test.dart: Onboarding Screen — Branded Icons & Completion does not import or use Lottie                 00:01 +90: /Users/minhaj/Documents/MinhajSadik/Safora/test/branding/lottie_migration_integrity_test.dart: Onboarding Screen — Branded Icons & Completion uses only branded Safora icons                00:01 +91: /Users/minhaj/Documents/MinhajSadik/Safora/test/branding/lottie_migration_integrity_test.dart: Onboarding Screen — Branded Icons & Completion uses only branded Safora icons                00:01 +91: /Users/minhaj/Documents/MinhajSadik/Safora/test/branding/lottie_migration_integrity_test.dart: Global Cleanup assets/lottie/ directory does not exist                                       00:01 +92: /Users/minhaj/Documents/MinhajSadik/Safora/test/branding/lottie_migration_integrity_test.dart: Global Cleanup assets/lottie/ directory does not exist                                       00:01 +92: /Users/minhaj/Documents/MinhajSadik/Safora/test/branding/lottie_migration_integrity_test.dart: (tearDownAll)                                                                                00:01 +92: loading /Users/minhaj/Documents/MinhajSadik/Safora/test/user_journey/free_user_journey_test.dart                                                                                            00:01 +92: /Users/minhaj/Documents/MinhajSadik/Safora/test/user_journey/free_user_journey_test.dart: Free User Journey Core Safety — Always Available can trigger SOS panic button                     00:01 +93: /Users/minhaj/Documents/MinhajSadik/Safora/test/user_journey/pro_user_journey_test.dart: Pro User Journey All Features — Fully Unlocked can trigger SOS panic button                        00:01 +94: /Users/minhaj/Documents/MinhajSadik/Safora/test/user_journey/free_user_journey_test.dart: Free User Journey Core Safety — Always Available can use shake-to-SOS                             00:01 +95: /Users/minhaj/Documents/MinhajSadik/Safora/test/user_journey/free_user_journey_test.dart: Free User Journey Core Safety — Always Available can use shake-to-SOS                             00:01 +95: /Users/minhaj/Documents/MinhajSadik/Safora/test/user_journey/pro_user_journey_test.dart: Pro User Journey All Features — Fully Unlocked can use shake-to-SOS                                00:01 +96: /Users/minhaj/Documents/MinhajSadik/Safora/test/user_journey/free_user_journey_test.dart: Free User Journey Core Safety — Always Available can make decoy calls                             00:01 +97: /Users/minhaj/Documents/MinhajSadik/Safora/test/user_journey/pro_user_journey_test.dart: Pro User Journey All Features — Fully Unlocked can make decoy calls                                00:01 +98: /Users/minhaj/Documents/MinhajSadik/Safora/test/user_journey/free_user_journey_test.dart: Free User Journey Core Safety — Always Available can set up app lock with PIN/biometric           00:01 +99: /Users/minhaj/Documents/MinhajSadik/Safora/test/user_journey/free_user_journey_test.dart: Free User Journey Core Safety — Always Available can set up app lock with PIN/biometric           00:01 +99: /Users/minhaj/Documents/MinhajSadik/Safora/test/user_journey/pro_user_journey_test.dart: Pro User Journey All Features — Fully Unlocked can use app lock                                    00:01 +100: /Users/minhaj/Documents/MinhajSadik/Safora/test/user_journey/pro_user_journey_test.dart: Pro User Journey All Features — Fully Unlocked can use app lock                                   00:01 +101: /Users/minhaj/Documents/MinhajSadik/Safora/test/user_journey/pro_user_journey_test.dart: Pro User Journey All Features — Fully Unlocked can use app lock                                   00:01 +101: /Users/minhaj/Documents/MinhajSadik/Safora/test/user_journey/free_user_journey_test.dart: Free User Journey Core Safety — Always Available can access emergency center                     00:01 +102: /Users/minhaj/Documents/MinhajSadik/Safora/test/user_journey/pro_user_journey_test.dart: Pro User Journey All Features — Fully Unlocked can view basic alerts                              00:01 +103: /Users/minhaj/Documents/MinhajSadik/Safora/test/user_journey/pro_user_journey_test.dart: Pro User Journey All Features — Fully Unlocked can view basic alerts                              00:01 +103: /Users/minhaj/Documents/MinhajSadik/Safora/test/user_journey/free_user_journey_test.dart: Free User Journey Core Safety — Always Available can view live map                               00:01 +104: /Users/minhaj/Documents/MinhajSadik/Safora/test/user_journey/pro_user_journey_test.dart: Pro User Journey All Features — Fully Unlocked can use crash/fall detection (Pro)                 00:01 +105: /Users/minhaj/Documents/MinhajSadik/Safora/test/user_journey/free_user_journey_test.dart: Free User Journey Core Safety — Always Available can view alert map                              00:01 +106: /Users/minhaj/Documents/MinhajSadik/Safora/test/user_journey/pro_user_journey_test.dart: Pro User Journey All Features — Fully Unlocked can use snatch detection (Pro)                     00:01 +107: /Users/minhaj/Documents/MinhajSadik/Safora/test/user_journey/pro_user_journey_test.dart: Pro User Journey All Features — Fully Unlocked can use snatch detection (Pro)                     00:01 +107: /Users/minhaj/Documents/MinhajSadik/Safora/test/user_journey/pro_user_journey_test.dart: Pro User Journey All Features — Fully Unlocked can use speed alerts (Pro)                         00:01 +108: /Users/minhaj/Documents/MinhajSadik/Safora/test/user_journey/free_user_journey_test.dart: Free User Journey Tier Limits — Restricted can add up to 3 emergency contacts only               00:01 +109: /Users/minhaj/Documents/MinhajSadik/Safora/test/user_journey/free_user_journey_test.dart: Free User Journey Tier Limits — Restricted can add up to 3 emergency contacts only               00:01 +110: /Users/minhaj/Documents/MinhajSadik/Safora/test/user_journey/free_user_journey_test.dart: Free User Journey Tier Limits — Restricted can add up to 3 emergency contacts only               00:01 +110: /Users/minhaj/Documents/MinhajSadik/Safora/test/user_journey/pro_user_journey_test.dart: Pro User Journey All Features — Fully Unlocked can use dead man switch (Pro)                      00:01 +111: /Users/minhaj/Documents/MinhajSadik/Safora/test/user_journey/free_user_journey_test.dart: Free User Journey Tier Limits — Restricted can set up to 2 medicine reminders only               00:01 +112: /Users/minhaj/Documents/MinhajSadik/Safora/test/user_journey/pro_user_journey_test.dart: Pro User Journey All Features — Fully Unlocked has unlimited contacts                             00:01 +113: /Users/minhaj/Documents/MinhajSadik/Safora/test/user_journey/free_user_journey_test.dart: Free User Journey Tier Limits — Restricted can create 1 geofence zone only                       00:01 +114: /Users/minhaj/Documents/MinhajSadik/Safora/test/user_journey/pro_user_journey_test.dart: Pro User Journey All Features — Fully Unlocked has unlimited reminders                            00:01 +115: /Users/minhaj/Documents/MinhajSadik/Safora/test/user_journey/free_user_journey_test.dart: Free User Journey Tier Limits — Restricted SOS history retained for 7 days only                  00:01 +116: /Users/minhaj/Documents/MinhajSadik/Safora/test/user_journey/pro_user_journey_test.dart: Pro User Journey All Features — Fully Unlocked has unlimited geofence zones                       00:01 +117: /Users/minhaj/Documents/MinhajSadik/Safora/test/user_journey/free_user_journey_test.dart: Free User Journey Pro Features — Locked cannot use crash/fall detection                          00:01 +118: /Users/minhaj/Documents/MinhajSadik/Safora/test/user_journey/pro_user_journey_test.dart: Pro User Journey All Features — Fully Unlocked has full SOS history                               00:01 +119: /Users/minhaj/Documents/MinhajSadik/Safora/test/user_journey/pro_user_journey_test.dart: Pro User Journey All Features — Fully Unlocked has full SOS history                               00:01 +120: /Users/minhaj/Documents/MinhajSadik/Safora/test/user_journey/pro_user_journey_test.dart: Pro User Journey All Features — Fully Unlocked has full SOS history                               00:01 +120: /Users/minhaj/Documents/MinhajSadik/Safora/test/user_journey/free_user_journey_test.dart: Free User Journey Pro Features — Locked cannot use speed alerts                                  00:01 +121: /Users/minhaj/Documents/MinhajSadik/Safora/test/user_journey/pro_user_journey_test.dart: Pro User Journey All Features — Fully Unlocked has ad-free experience                             00:01 +122: /Users/minhaj/Documents/MinhajSadik/Safora/test/user_journey/pro_user_journey_test.dart: Pro User Journey All Features — Fully Unlocked has ad-free experience                             00:01 +122: /Users/minhaj/Documents/MinhajSadik/Safora/test/user_journey/free_user_journey_test.dart: Free User Journey Pro Features — Locked cannot use context alerts                                00:01 +123: /Users/minhaj/Documents/MinhajSadik/Safora/test/user_journey/pro_user_journey_test.dart: Pro User Journey Tier Limits — Unlimited contact limit is effectively unlimited (999)             00:01 +124: /Users/minhaj/Documents/MinhajSadik/Safora/test/user_journey/free_user_journey_test.dart: Free User Journey Pro Features — Locked cannot use dead man switch                               00:01 +125: /Users/minhaj/Documents/MinhajSadik/Safora/test/user_journey/pro_user_journey_test.dart: Pro User Journey Tier Limits — Unlimited reminder limit is effectively unlimited (999)            00:01 +126: /Users/minhaj/Documents/MinhajSadik/Safora/test/user_journey/pro_user_journey_test.dart: Pro User Journey Tier Limits — Unlimited reminder limit is effectively unlimited (999)            00:01 +127: /Users/minhaj/Documents/MinhajSadik/Safora/test/user_journey/pro_user_journey_test.dart: Pro User Journey Tier Limits — Unlimited reminder limit is effectively unlimited (999)            00:01 +127: /Users/minhaj/Documents/MinhajSadik/Safora/test/user_journey/free_user_journey_test.dart: Free User Journey Ad Visibility — User Sees Ads free user should see banner ads                  00:01 +128: /Users/minhaj/Documents/MinhajSadik/Safora/test/user_journey/pro_user_journey_test.dart: Pro User Journey Tier Limits — Unlimited geofence zone limit is effectively unlimited (999)       00:01 +129: /Users/minhaj/Documents/MinhajSadik/Safora/test/user_journey/pro_user_journey_test.dart: Pro User Journey Tier Limits — Unlimited geofence zone limit is effectively unlimited (999)       00:01 +129: /Users/minhaj/Documents/MinhajSadik/Safora/test/user_journey/free_user_journey_test.dart: Free User Journey Ad Visibility — User Sees Ads free user should see native ads in alerts feed   00:01 +130: /Users/minhaj/Documents/MinhajSadik/Safora/test/user_journey/pro_user_journey_test.dart: Pro User Journey Tier Limits — Unlimited SOS history retention is 365 days                        00:01 +131: /Users/minhaj/Documents/MinhajSadik/Safora/test/user_journey/pro_user_journey_test.dart: Pro User Journey Tier Limits — Unlimited SOS history retention is 365 days                        00:01 +131: /Users/minhaj/Documents/MinhajSadik/Safora/test/user_journey/free_user_journey_test.dart: Free User Journey Ad Visibility — User Sees Ads free user should see app open ads on resume      00:01 +132: /Users/minhaj/Documents/MinhajSadik/Safora/test/user_journey/pro_user_journey_test.dart: Pro User Journey Ad-Free — Zero Ads pro user is recognized as premium                             00:01 +133: /Users/minhaj/Documents/MinhajSadik/Safora/test/user_journey/pro_user_journey_test.dart: Pro User Journey Ad-Free — Zero Ads pro user is recognized as premium                             00:01 +133: /Users/minhaj/Documents/MinhajSadik/Safora/test/user_journey/pro_user_journey_test.dart: Pro User Journey Ad-Free — Zero Ads banner ads should be hidden                                   00:01 +134: /Users/minhaj/Documents/MinhajSadik/Safora/test/user_journey/pro_user_journey_test.dart: Pro User Journey Ad-Free — Zero Ads banner ads should be hidden                                   00:01 +135: /Users/minhaj/Documents/MinhajSadik/Safora/test/user_journey/pro_user_journey_test.dart: Pro User Journey Ad-Free — Zero Ads banner ads should be hidden                                   00:01 +135: /Users/minhaj/Documents/MinhajSadik/Safora/test/user_journey/pro_user_journey_test.dart: Pro User Journey Ad-Free — Zero Ads native ads in alerts feed should be hidden                    00:01 +136: /Users/minhaj/Documents/MinhajSadik/Safora/test/user_journey/free_user_journey_test.dart: Free User Journey Pro Badge Visibility crash/fall detection shows Pro badge                      00:01 +137: /Users/minhaj/Documents/MinhajSadik/Safora/test/user_journey/pro_user_journey_test.dart: Pro User Journey Ad-Free — Zero Ads app open ads should NOT show on resume                        00:01 +138: /Users/minhaj/Documents/MinhajSadik/Safora/test/user_journey/free_user_journey_test.dart: Free User Journey Pro Badge Visibility snatch detection shows Pro badge                          00:01 +139: /Users/minhaj/Documents/MinhajSadik/Safora/test/user_journey/free_user_journey_test.dart: Free User Journey Pro Badge Visibility snatch detection shows Pro badge                          00:01 +139: /Users/minhaj/Documents/MinhajSadik/Safora/test/user_journey/pro_user_journey_test.dart: Pro User Journey Subscription Persistence premium state persists across re-initialization         00:01 +140: /Users/minhaj/Documents/MinhajSadik/Safora/test/user_journey/pro_user_journey_test.dart: Pro User Journey Subscription Persistence premium state persists across re-initialization         00:01 +141: /Users/minhaj/Documents/MinhajSadik/Safora/test/user_journey/free_user_journey_test.dart: Free User Journey Pro Badge Visibility dead man switch shows Pro badge                           00:01 +142: /Users/minhaj/Documents/MinhajSadik/Safora/test/user_journey/pro_user_journey_test.dart: Pro User Journey Subscription Persistence downgrading to free removes all pro features            00:01 +143: /Users/minhaj/Documents/MinhajSadik/Safora/test/user_journey/free_user_journey_test.dart: Free User Journey Pro Badge Visibility SOS does NOT show Pro badge                               00:01 +144: /Users/minhaj/Documents/MinhajSadik/Safora/test/user_journey/free_user_journey_test.dart: Free User Journey Pro Badge Visibility SOS does NOT show Pro badge                               00:01 +144: /Users/minhaj/Documents/MinhajSadik/Safora/test/user_journey/free_user_journey_test.dart: Free User Journey Pro Badge Visibility decoy call does NOT show Pro badge                        00:01 +145: /Users/minhaj/Documents/MinhajSadik/Safora/test/user_journey/free_user_journey_test.dart: Free User Journey Pro Badge Visibility decoy call does NOT show Pro badge                        00:01 +145: loading /Users/minhaj/Documents/MinhajSadik/Safora/test/core/services/shake_detection_service_test.dart                                                                                    00:01 +145: /Users/minhaj/Documents/MinhajSadik/Safora/test/core/services/shake_detection_service_test.dart: ShakeDetectionService — Configuration has correct default configuration                   00:01 +146: /Users/minhaj/Documents/MinhajSadik/Safora/test/core/services/shake_detection_service_test.dart: ShakeDetectionService — Configuration has correct default configuration                   00:01 +146: /Users/minhaj/Documents/MinhajSadik/Safora/test/core/services/shake_detection_service_test.dart: ShakeDetectionService — Configuration accepts custom configuration                        00:01 +147: /Users/minhaj/Documents/MinhajSadik/Safora/test/core/services/shake_detection_service_test.dart: ShakeDetectionService — Configuration accepts custom configuration                        00:01 +147: /Users/minhaj/Documents/MinhajSadik/Safora/test/core/services/shake_detection_service_test.dart: ShakeDetectionService — Configuration stopListening when never started is safe            00:01 +148: /Users/minhaj/Documents/MinhajSadik/Safora/test/core/services/shake_detection_service_test.dart: ShakeDetectionService — Configuration stopListening when never started is safe            00:01 +148: /Users/minhaj/Documents/MinhajSadik/Safora/test/core/services/shake_detection_service_test.dart: ... — Real Detection Logic single shake below threshold does NOT trigger callback         00:01 +149: /Users/minhaj/Documents/MinhajSadik/Safora/test/core/services/shake_detection_service_test.dart: ... — Real Detection Logic single shake below threshold does NOT trigger callback         00:01 +149: /Users/minhaj/Documents/MinhajSadik/Safora/test/core/services/shake_detection_service_test.dart: ... — Real Detection Logic 2 shakes above threshold does NOT trigger (need 3)             00:01 +150: /Users/minhaj/Documents/MinhajSadik/Safora/test/core/services/shake_detection_service_test.dart: ... — Real Detection Logic 2 shakes above threshold does NOT trigger (need 3)             00:01 +150: /Users/minhaj/Documents/MinhajSadik/Safora/test/core/services/shake_detection_service_test.dart: ... — Real Detection Logic exactly 3 shakes above threshold TRIGGERS callback             00:01 +151: /Users/minhaj/Documents/MinhajSadik/Safora/test/core/services/shake_detection_service_test.dart: ... — Real Detection Logic exactly 3 shakes above threshold TRIGGERS callback             00:01 +151: /Users/minhaj/Documents/MinhajSadik/Safora/test/core/services/shake_detection_service_test.dart: ... Detection Logic 6 shakes = 2 callback triggers (counter resets after each detection)  00:01 +152: /Users/minhaj/Documents/MinhajSadik/Safora/test/core/services/shake_detection_service_test.dart: ... Detection Logic 6 shakes = 2 callback triggers (counter resets after each detection)  00:01 +152: /Users/minhaj/Documents/MinhajSadik/Safora/test/core/services/shake_detection_service_test.dart: ... — Real Detection Logic processAccelerometerEvent returns true only when shake fires   00:01 +153: /Users/minhaj/Documents/MinhajSadik/Safora/test/core/services/shake_detection_service_test.dart: ... — Real Detection Logic processAccelerometerEvent returns true only when shake fires   00:01 +153: /Users/minhaj/Documents/MinhajSadik/Safora/test/core/services/shake_detection_service_test.dart: ShakeDetectionService — Real Detection Logic high X-axis spike triggers shake correctly   00:01 +154: /Users/minhaj/Documents/MinhajSadik/Safora/test/core/services/shake_detection_service_test.dart: ShakeDetectionService — Real Detection Logic high X-axis spike triggers shake correctly   00:01 +154: /Users/minhaj/Documents/MinhajSadik/Safora/test/core/services/shake_detection_service_test.dart: ... — Real Detection Logic normal walking noise never triggers false positive             00:01 +155: /Users/minhaj/Documents/MinhajSadik/Safora/test/core/services/shake_detection_service_test.dart: ... — Real Detection Logic normal walking noise never triggers false positive             00:01 +155: /Users/minhaj/Documents/MinhajSadik/Safora/test/core/services/shake_detection_service_test.dart: ... — Real Detection Logic stopListening prevents further shake detection                 00:01 +156: /Users/minhaj/Documents/MinhajSadik/Safora/test/core/services/shake_detection_service_test.dart: ... — Real Detection Logic stopListening prevents further shake detection                 00:01 +156: loading /Users/minhaj/Documents/MinhajSadik/Safora/test/core/services/premium_manager_test.dart                                                                                            00:01 +156: /Users/minhaj/Documents/MinhajSadik/Safora/test/core/services/premium_manager_test.dart: (setUpAll)                                                                                        00:01 +156: /Users/minhaj/Documents/MinhajSadik/Safora/test/core/services/app_lock_service_test.dart: AppLockService — PIN Management hasPinSet returns false when no PIN stored                       00:01 +157: /Users/minhaj/Documents/MinhajSadik/Safora/test/core/services/app_lock_service_test.dart: AppLockService — PIN Management hasPinSet returns false when no PIN stored                       00:01 +158: /Users/minhaj/Documents/MinhajSadik/Safora/test/core/services/voice_distress_service_test.dart: VoiceDistressEvent alertType maps to voiceDistressSos                                      00:01 +159: /Users/minhaj/Documents/MinhajSadik/Safora/test/core/services/premium_manager_test.dart: PremiumManager initialization loads persisted premium state                                       00:01 +160: /Users/minhaj/Documents/MinhajSadik/Safora/test/core/services/app_lock_service_test.dart: AppLockService — PIN Management setPin stores SHA-256 hash                                       00:01 +161: /Users/minhaj/Documents/MinhajSadik/Safora/test/core/services/app_lock_service_test.dart: AppLockService — PIN Management setPin stores SHA-256 hash                                       00:01 +162: /Users/minhaj/Documents/MinhajSadik/Safora/test/core/services/app_lock_service_test.dart: AppLockService — PIN Management setPin stores SHA-256 hash                                       00:01 +163: /Users/minhaj/Documents/MinhajSadik/Safora/test/core/services/app_lock_service_test.dart: AppLockService — PIN Management setPin stores SHA-256 hash                                       00:01 +164: /Users/minhaj/Documents/MinhajSadik/Safora/test/core/services/app_lock_service_test.dart: AppLockService — PIN Management setPin stores SHA-256 hash                                       00:01 +165: /Users/minhaj/Documents/MinhajSadik/Safora/test/core/services/app_lock_service_test.dart: AppLockService — PIN Management setPin stores SHA-256 hash                                       00:01 +166: /Users/minhaj/Documents/MinhajSadik/Safora/test/core/services/app_lock_service_test.dart: AppLockService — PIN Management setPin stores SHA-256 hash                                       00:01 +166: /Users/minhaj/Documents/MinhajSadik/Safora/test/core/services/app_lock_service_test.dart: AppLockService — PIN Management setPin stores SHA-256 hash                                       
[INFO] [AppLock] PIN set successfully
00:01 +167: /Users/minhaj/Documents/MinhajSadik/Safora/test/core/services/app_lock_service_test.dart: AppLockService — PIN Management setPin stores SHA-256 hash                                       00:01 +168: /Users/minhaj/Documents/MinhajSadik/Safora/test/core/services/app_lock_service_test.dart: AppLockService — PIN Management setPin stores SHA-256 hash                                       00:01 +169: /Users/minhaj/Documents/MinhajSadik/Safora/test/core/services/app_lock_service_test.dart: AppLockService — PIN Management setPin stores SHA-256 hash                                       00:01 +170: /Users/minhaj/Documents/MinhajSadik/Safora/test/core/services/road_condition_service_test.dart: RoadConditionEvent alertType maps to roadHazardAlert                                       00:01 +171: /Users/minhaj/Documents/MinhajSadik/Safora/test/core/services/road_condition_service_test.dart: RoadConditionEvent alertType maps to roadHazardAlert                                       00:01 +172: /Users/minhaj/Documents/MinhajSadik/Safora/test/core/services/road_condition_service_test.dart: RoadConditionEvent alertType maps to roadHazardAlert                                       00:01 +173: /Users/minhaj/Documents/MinhajSadik/Safora/test/core/services/road_condition_service_test.dart: RoadConditionEvent alertType maps to roadHazardAlert                                       00:01 +174: /Users/minhaj/Documents/MinhajSadik/Safora/test/core/services/road_condition_service_test.dart: RoadConditionEvent alertType maps to roadHazardAlert                                       00:01 +175: /Users/minhaj/Documents/MinhajSadik/Safora/test/core/services/road_condition_service_test.dart: RoadConditionEvent alertType maps to roadHazardAlert                                       00:01 +176: /Users/minhaj/Documents/MinhajSadik/Safora/test/core/services/road_condition_service_test.dart: RoadConditionEvent alertType maps to roadHazardAlert                                       00:01 +176: /Users/minhaj/Documents/MinhajSadik/Safora/test/core/services/app_lock_service_test.dart: AppLockService — PIN Management clearPin deletes PIN hash                                        
[INFO] [AppLock] PIN cleared
00:01 +177: /Users/minhaj/Documents/MinhajSadik/Safora/test/core/services/road_condition_service_test.dart: RoadConditionEvent alertType maps to roadHazardAlert                                       00:01 +178: /Users/minhaj/Documents/MinhajSadik/Safora/test/core/services/road_condition_service_test.dart: RoadConditionEvent alertType maps to roadHazardAlert                                       00:01 +179: /Users/minhaj/Documents/MinhajSadik/Safora/test/core/services/road_condition_service_test.dart: RoadConditionEvent alertType maps to roadHazardAlert                                       00:01 +180: /Users/minhaj/Documents/MinhajSadik/Safora/test/core/services/road_condition_service_test.dart: RoadConditionEvent alertType maps to roadHazardAlert                                       00:01 +181: /Users/minhaj/Documents/MinhajSadik/Safora/test/core/services/premium_manager_test.dart: PremiumManager feature gates — free tier (ads shown) Decoy Call is always available               00:01 +182: /Users/minhaj/Documents/MinhajSadik/Safora/test/core/services/app_lock_service_test.dart: AppLockService — Lock Toggle enableLock sets flag to true                                        00:01 +183: /Users/minhaj/Documents/MinhajSadik/Safora/test/core/services/app_lock_service_test.dart: AppLockService — Lock Toggle enableLock sets flag to true                                        00:01 +184: /Users/minhaj/Documents/MinhajSadik/Safora/test/core/services/app_lock_service_test.dart: AppLockService — Lock Toggle enableLock sets flag to true                                        00:01 +184: /Users/minhaj/Documents/MinhajSadik/Safora/test/core/services/app_lock_service_test.dart: AppLockService — Lock Toggle enableLock sets flag to true                                        
[INFO] [AppLock] Lock enabled
00:01 +185: /Users/minhaj/Documents/MinhajSadik/Safora/test/core/services/voice_distress_service_test.dart: ... (real classifier, no mock) high-energy high-ZCR signal triggers distress               00:01 +186: /Users/minhaj/Documents/MinhajSadik/Safora/test/core/services/anomaly_movement_service_test.dart: AnomalyMovementEvent alertType maps to suspiciousMovementSos                             00:01 +187: /Users/minhaj/Documents/MinhajSadik/Safora/test/core/services/anomaly_movement_service_test.dart: AnomalyMovementEvent alertType maps to suspiciousMovementSos                             00:01 +188: /Users/minhaj/Documents/MinhajSadik/Safora/test/core/services/anomaly_movement_service_test.dart: AnomalyMovementEvent alertType maps to suspiciousMovementSos                             00:01 +189: /Users/minhaj/Documents/MinhajSadik/Safora/test/core/services/anomaly_movement_service_test.dart: AnomalyMovementEvent alertType maps to suspiciousMovementSos                             00:01 +190: /Users/minhaj/Documents/MinhajSadik/Safora/test/core/services/anomaly_movement_service_test.dart: AnomalyMovementEvent alertType maps to suspiciousMovementSos                             00:01 +191: /Users/minhaj/Documents/MinhajSadik/Safora/test/core/services/anomaly_movement_service_test.dart: AnomalyMovementEvent alertType maps to suspiciousMovementSos                             00:01 +192: /Users/minhaj/Documents/MinhajSadik/Safora/test/core/services/anomaly_movement_service_test.dart: AnomalyMovementEvent alertType maps to suspiciousMovementSos                             00:01 +193: /Users/minhaj/Documents/MinhajSadik/Safora/test/core/services/anomaly_movement_service_test.dart: AnomalyMovementEvent alertType maps to suspiciousMovementSos                             00:01 +194: /Users/minhaj/Documents/MinhajSadik/Safora/test/core/services/anomaly_movement_service_test.dart: AnomalyMovementEvent alertType maps to suspiciousMovementSos                             00:01 +194: /Users/minhaj/Documents/MinhajSadik/Safora/test/core/services/app_lock_service_test.dart: AppLockService — Lock Toggle disableLock sets flag to false                                      
[INFO] [AppLock] Lock disabled
00:01 +195: /Users/minhaj/Documents/MinhajSadik/Safora/test/core/services/anomaly_movement_service_test.dart: AnomalyMovementEvent alertType maps to suspiciousMovementSos                             00:01 +196: /Users/minhaj/Documents/MinhajSadik/Safora/test/core/services/anomaly_movement_service_test.dart: AnomalyMovementEvent alertType maps to suspiciousMovementSos                             00:01 +197: /Users/minhaj/Documents/MinhajSadik/Safora/test/core/services/anomaly_movement_service_test.dart: AnomalyMovementEvent alertType maps to suspiciousMovementSos                             00:01 +198: /Users/minhaj/Documents/MinhajSadik/Safora/test/core/services/anomaly_movement_service_test.dart: AnomalyMovementEvent alertType maps to suspiciousMovementSos                             00:01 +199: /Users/minhaj/Documents/MinhajSadik/Safora/test/core/services/anomaly_movement_service_test.dart: AnomalyMovementEvent alertType maps to suspiciousMovementSos                             00:01 +200: /Users/minhaj/Documents/MinhajSadik/Safora/test/core/services/anomaly_movement_service_test.dart: AnomalyMovementEvent alertType maps to suspiciousMovementSos                             00:01 +201: /Users/minhaj/Documents/MinhajSadik/Safora/test/core/services/anomaly_movement_service_test.dart: AnomalyMovementEvent alertType maps to suspiciousMovementSos                             00:01 +202: /Users/minhaj/Documents/MinhajSadik/Safora/test/core/services/anomaly_movement_service_test.dart: AnomalyMovementEvent alertType maps to suspiciousMovementSos                             00:01 +203: /Users/minhaj/Documents/MinhajSadik/Safora/test/core/services/anomaly_movement_service_test.dart: AnomalyMovementEvent alertType maps to suspiciousMovementSos                             00:01 +204: /Users/minhaj/Documents/MinhajSadik/Safora/test/core/services/anomaly_movement_service_test.dart: AnomalyMovementEvent alertType maps to suspiciousMovementSos                             00:01 +205: /Users/minhaj/Documents/MinhajSadik/Safora/test/core/services/anomaly_movement_service_test.dart: AnomalyMovementEvent alertType maps to suspiciousMovementSos                             00:01 +205: /Users/minhaj/Documents/MinhajSadik/Safora/test/core/services/app_lock_service_test.dart: AppLockService — Biometrics isBiometricAvailable returns false on exception                      
[WARN] [AppLock] Biometric check failed: Exception: platform error
00:01 +206: /Users/minhaj/Documents/MinhajSadik/Safora/test/core/services/anomaly_movement_service_test.dart: AnomalyMovementEvent alertType maps to suspiciousMovementSos                             00:01 +207: /Users/minhaj/Documents/MinhajSadik/Safora/test/core/services/anomaly_movement_service_test.dart: AnomalyMovementEvent alertType maps to suspiciousMovementSos                             00:01 +208: /Users/minhaj/Documents/MinhajSadik/Safora/test/core/services/anomaly_movement_service_test.dart: AnomalyMovementEvent alertType maps to suspiciousMovementSos                             00:01 +209: /Users/minhaj/Documents/MinhajSadik/Safora/test/core/services/anomaly_movement_service_test.dart: AnomalyMovementEvent alertType maps to suspiciousMovementSos                             00:01 +210: /Users/minhaj/Documents/MinhajSadik/Safora/test/core/services/app_lock_service_test.dart: AppLockService — Biometrics authenticateWithBiometric delegates to localAuth                     00:01 +211: /Users/minhaj/Documents/MinhajSadik/Safora/test/core/services/app_lock_service_test.dart: AppLockService — Biometrics authenticateWithBiometric delegates to localAuth                     00:01 +212: /Users/minhaj/Documents/MinhajSadik/Safora/test/core/services/app_lock_service_test.dart: AppLockService — Biometrics authenticateWithBiometric delegates to localAuth                     00:01 +213: /Users/minhaj/Documents/MinhajSadik/Safora/test/core/services/app_lock_service_test.dart: AppLockService — Biometrics authenticateWithBiometric delegates to localAuth                     00:01 +214: /Users/minhaj/Documents/MinhajSadik/Safora/test/core/services/app_lock_service_test.dart: AppLockService — Biometrics authenticateWithBiometric delegates to localAuth                     00:01 +215: /Users/minhaj/Documents/MinhajSadik/Safora/test/core/services/app_lock_service_test.dart: AppLockService — Biometrics authenticateWithBiometric delegates to localAuth                     00:01 +216: /Users/minhaj/Documents/MinhajSadik/Safora/test/core/services/app_lock_service_test.dart: AppLockService — Biometrics authenticateWithBiometric delegates to localAuth                     00:01 +217: /Users/minhaj/Documents/MinhajSadik/Safora/test/core/services/app_lock_service_test.dart: AppLockService — Biometrics authenticateWithBiometric delegates to localAuth                     00:01 +218: /Users/minhaj/Documents/MinhajSadik/Safora/test/core/services/app_lock_service_test.dart: AppLockService — Biometrics authenticateWithBiometric delegates to localAuth                     00:01 +219: /Users/minhaj/Documents/MinhajSadik/Safora/test/core/services/app_lock_service_test.dart: AppLockService — Biometrics authenticateWithBiometric delegates to localAuth                     00:01 +220: /Users/minhaj/Documents/MinhajSadik/Safora/test/core/services/anomaly_movement_service_test.dart: AnomalyMovementResult isAnomaly true for dragged                                         00:01 +221: /Users/minhaj/Documents/MinhajSadik/Safora/test/core/services/road_condition_service_test.dart: RoadConditionFallback (real classifier, no mock) continuous Z variance = roughRoad         00:01 +222: /Users/minhaj/Documents/MinhajSadik/Safora/test/core/services/road_condition_service_test.dart: RoadConditionFallback (real classifier, no mock) continuous Z variance = roughRoad         00:01 +223: /Users/minhaj/Documents/MinhajSadik/Safora/test/core/services/premium_manager_test.dart: PremiumManager feature gates — free tier (ads shown) dead man switch is LOCKED for free users     00:01 +224: /Users/minhaj/Documents/MinhajSadik/Safora/test/core/services/anomaly_movement_service_test.dart: AnomalyMovementResult isAnomaly false for normal                                         00:01 +225: /Users/minhaj/Documents/MinhajSadik/Safora/test/core/services/app_lock_service_test.dart: AppLockService — Biometrics authenticateWithBiometric returns false on failure                   00:01 +225: /Users/minhaj/Documents/MinhajSadik/Safora/test/core/services/app_lock_service_test.dart: AppLockService — Biometrics authenticateWithBiometric returns false on failure                   
[ERROR] [AppLock] Biometric auth failed: Exception: auth error
00:01 +226: /Users/minhaj/Documents/MinhajSadik/Safora/test/core/services/road_condition_service_test.dart: RoadConditionFallback (real classifier, no mock) speedKmh is preserved in result           00:01 +227: /Users/minhaj/Documents/MinhajSadik/Safora/test/core/services/premium_manager_test.dart: PremiumManager feature gates — free tier (ads shown) unlimited contacts is LOCKED for free users  00:01 +228: /Users/minhaj/Documents/MinhajSadik/Safora/test/core/services/premium_manager_test.dart: PremiumManager feature gates — free tier (ads shown) unlimited contacts is LOCKED for free users  00:01 +229: /Users/minhaj/Documents/MinhajSadik/Safora/test/core/services/app_lock_service_test.dart: AppLockService — Biometrics getAvailableBiometrics returns list                                  00:01 +230: /Users/minhaj/Documents/MinhajSadik/Safora/test/core/services/app_lock_service_test.dart: AppLockService — Biometrics getAvailableBiometrics returns list                                  00:01 +231: /Users/minhaj/Documents/MinhajSadik/Safora/test/core/services/anomaly_movement_service_test.dart: AnomalyMovementResult toString includes class name and confidence                        00:01 +232: /Users/minhaj/Documents/MinhajSadik/Safora/test/core/services/anomaly_movement_service_test.dart: AnomalyMovementResult toString includes class name and confidence                        00:01 +233: /Users/minhaj/Documents/MinhajSadik/Safora/test/core/services/premium_manager_test.dart: PremiumManager feature gates — free tier (ads shown) unlimited reminders is LOCKED for free users 00:01 +234: /Users/minhaj/Documents/MinhajSadik/Safora/test/core/services/app_lock_service_test.dart: AppLockService — Biometrics getAvailableBiometrics returns empty on error                        00:01 +234: /Users/minhaj/Documents/MinhajSadik/Safora/test/core/services/app_lock_service_test.dart: AppLockService — Biometrics getAvailableBiometrics returns empty on error                        
[WARN] [AppLock] Failed to get biometrics: Exception: error
00:01 +235: /Users/minhaj/Documents/MinhajSadik/Safora/test/core/services/road_condition_service_test.dart: RoadConditionService onHazardDetected is a broadcast stream                                00:01 +236: /Users/minhaj/Documents/MinhajSadik/Safora/test/core/services/anomaly_movement_service_test.dart: AnomalyMovementFallback (real classifier, no mock) too few samples classifies as normal  00:01 +237: /Users/minhaj/Documents/MinhajSadik/Safora/test/core/services/anomaly_movement_service_test.dart: AnomalyMovementFallback (real classifier, no mock) too few samples classifies as normal  00:01 +238: /Users/minhaj/Documents/MinhajSadik/Safora/test/core/services/premium_manager_test.dart: ... feature gates — free tier (ads shown) unlimited geofence zones is LOCKED for free users       00:01 +239: /Users/minhaj/Documents/MinhajSadik/Safora/test/core/services/road_condition_service_test.dart: RoadConditionService isRunning is false initially                                          00:01 +240: /Users/minhaj/Documents/MinhajSadik/Safora/test/core/services/app_lock_service_test.dart: AppLockService — Biometric Preference setBiometricEnabled persists preference                    00:01 +240: /Users/minhaj/Documents/MinhajSadik/Safora/test/core/services/app_lock_service_test.dart: AppLockService — Biometric Preference setBiometricEnabled persists preference                    
[INFO] [AppLock] Biometric disabled
00:01 +241: /Users/minhaj/Documents/MinhajSadik/Safora/test/core/services/anomaly_movement_service_test.dart: ... (real classifier, no mock) still person with gravity = unconscious                   00:01 +242: /Users/minhaj/Documents/MinhajSadik/Safora/test/core/services/anomaly_movement_service_test.dart: ... (real classifier, no mock) still person with gravity = unconscious                   00:01 +243: /Users/minhaj/Documents/MinhajSadik/Safora/test/core/services/premium_manager_test.dart: PremiumManager feature gates — free tier (ads shown) full SOS history is LOCKED for free users    00:01 +244: /Users/minhaj/Documents/MinhajSadik/Safora/test/core/services/premium_manager_test.dart: PremiumManager feature gates — free tier (ads shown) full SOS history is LOCKED for free users    00:01 +244: /Users/minhaj/Documents/MinhajSadik/Safora/test/core/services/anomaly_movement_service_test.dart: ... (real classifier, no mock) still person without gravity alignment = restrained       00:01 +245: /Users/minhaj/Documents/MinhajSadik/Safora/test/core/services/premium_manager_test.dart: ... feature gates — free tier (ads shown) ad-free is LOCKED for free users (they see ads)         00:01 +246: /Users/minhaj/Documents/MinhajSadik/Safora/test/core/services/premium_manager_test.dart: ... feature gates — free tier (ads shown) ad-free is LOCKED for free users (they see ads)         00:01 +246: /Users/minhaj/Documents/MinhajSadik/Safora/test/core/services/anomaly_movement_service_test.dart: ... (real classifier, no mock) X-axis dominant moderate movement = dragged               00:01 +247: /Users/minhaj/Documents/MinhajSadik/Safora/test/core/services/premium_manager_test.dart: PremiumManager feature gates — pro tier (paid, ad-free) all free features remain available for pro00:01 +248: /Users/minhaj/Documents/MinhajSadik/Safora/test/core/services/anomaly_movement_service_test.dart: AnomalyMovementFallback (real classifier, no mock) high variance = running (not anomaly) 00:01 +249: /Users/minhaj/Documents/MinhajSadik/Safora/test/core/services/premium_manager_test.dart: ... feature gates — pro tier (paid, ad-free) crash/fall detection is AVAILABLE for pro users      00:01 +250: /Users/minhaj/Documents/MinhajSadik/Safora/test/core/services/premium_manager_test.dart: ... feature gates — pro tier (paid, ad-free) crash/fall detection is AVAILABLE for pro users      00:01 +251: /Users/minhaj/Documents/MinhajSadik/Safora/test/core/services/premium_manager_test.dart: ... feature gates — pro tier (paid, ad-free) crash/fall detection is AVAILABLE for pro users      00:01 +251: /Users/minhaj/Documents/MinhajSadik/Safora/test/core/services/anomaly_movement_service_test.dart: ... (real classifier, no mock) probability map sums to approximately 1.0                 00:01 +252: /Users/minhaj/Documents/MinhajSadik/Safora/test/core/services/anomaly_movement_service_test.dart: ... (real classifier, no mock) probability map sums to approximately 1.0                 00:01 +253: /Users/minhaj/Documents/MinhajSadik/Safora/test/core/services/anomaly_movement_service_test.dart: ... (real classifier, no mock) probability map sums to approximately 1.0                 00:01 +253: /Users/minhaj/Documents/MinhajSadik/Safora/test/core/services/premium_manager_test.dart: PremiumManager feature gates — pro tier (paid, ad-free) speed alert is AVAILABLE for pro users    00:01 +254: /Users/minhaj/Documents/MinhajSadik/Safora/test/core/services/premium_manager_test.dart: PremiumManager feature gates — pro tier (paid, ad-free) speed alert is AVAILABLE for pro users    00:01 +255: /Users/minhaj/Documents/MinhajSadik/Safora/test/core/services/anomaly_movement_service_test.dart: AnomalyMovementClassifier constants featureCount is 24                                   00:01 +256: /Users/minhaj/Documents/MinhajSadik/Safora/test/core/services/premium_manager_test.dart: PremiumManager feature gates — pro tier (paid, ad-free) context alerts is AVAILABLE for pro users 00:01 +257: /Users/minhaj/Documents/MinhajSadik/Safora/test/core/services/anomaly_movement_service_test.dart: AnomalyMovementService stream onAnomalyDetected is a broadcast stream                    00:01 +258: /Users/minhaj/Documents/MinhajSadik/Safora/test/core/services/premium_manager_test.dart: PremiumManager feature gates — pro tier (paid, ad-free) dead man switch is AVAILABLE for pro users00:01 +259: /Users/minhaj/Documents/MinhajSadik/Safora/test/core/services/anomaly_movement_service_test.dart: AnomalyMovementService stream isRunning is false initially                               00:01 +260: /Users/minhaj/Documents/MinhajSadik/Safora/test/core/services/premium_manager_test.dart: ... feature gates — pro tier (paid, ad-free) ad-free is AVAILABLE for pro users (no ads)          00:01 +261: /Users/minhaj/Documents/MinhajSadik/Safora/test/core/services/premium_manager_test.dart: ... feature gates — pro tier (paid, ad-free) ad-free is AVAILABLE for pro users (no ads)          00:01 +261: /Users/minhaj/Documents/MinhajSadik/Safora/test/core/services/premium_manager_test.dart: PremiumManager feature gates — pro tier (paid, ad-free) all pro features available after purchase 00:01 +262: /Users/minhaj/Documents/MinhajSadik/Safora/test/core/services/premium_manager_test.dart: PremiumManager feature gates — pro tier (paid, ad-free) all pro features available after purchase 00:01 +262: /Users/minhaj/Documents/MinhajSadik/Safora/test/core/services/premium_manager_test.dart: PremiumManager isProOnly SOS is NOT pro-only                                                      00:01 +263: /Users/minhaj/Documents/MinhajSadik/Safora/test/core/services/premium_manager_test.dart: PremiumManager isProOnly SOS is NOT pro-only                                                      00:01 +263: /Users/minhaj/Documents/MinhajSadik/Safora/test/core/services/premium_manager_test.dart: PremiumManager isProOnly crash/fall detection IS pro-only                                         00:01 +264: /Users/minhaj/Documents/MinhajSadik/Safora/test/core/services/premium_manager_test.dart: PremiumManager isProOnly crash/fall detection IS pro-only                                         00:01 +264: /Users/minhaj/Documents/MinhajSadik/Safora/test/core/services/premium_manager_test.dart: PremiumManager isProOnly ad-free IS pro-only                                                      00:01 +265: /Users/minhaj/Documents/MinhajSadik/Safora/test/core/services/premium_manager_test.dart: PremiumManager isProOnly ad-free IS pro-only                                                      00:01 +265: /Users/minhaj/Documents/MinhajSadik/Safora/test/core/services/premium_manager_test.dart: PremiumManager tier limits — free user (ads shown) free user gets limited contacts (3)            00:01 +266: /Users/minhaj/Documents/MinhajSadik/Safora/test/core/services/premium_manager_test.dart: PremiumManager tier limits — free user (ads shown) free user gets limited contacts (3)            00:01 +266: /Users/minhaj/Documents/MinhajSadik/Safora/test/core/services/premium_manager_test.dart: PremiumManager tier limits — free user (ads shown) free user gets limited reminders (2)           00:01 +267: /Users/minhaj/Documents/MinhajSadik/Safora/test/core/services/premium_manager_test.dart: PremiumManager tier limits — free user (ads shown) free user gets limited reminders (2)           00:01 +267: /Users/minhaj/Documents/MinhajSadik/Safora/test/core/services/premium_manager_test.dart: PremiumManager tier limits — free user (ads shown) free user gets limited geofence zones (1)      00:01 +268: /Users/minhaj/Documents/MinhajSadik/Safora/test/core/services/premium_manager_test.dart: PremiumManager tier limits — free user (ads shown) free user gets limited geofence zones (1)      00:01 +268: /Users/minhaj/Documents/MinhajSadik/Safora/test/core/services/premium_manager_test.dart: PremiumManager tier limits — free user (ads shown) free user gets 7-day history retention         00:01 +269: /Users/minhaj/Documents/MinhajSadik/Safora/test/core/services/premium_manager_test.dart: PremiumManager tier limits — free user (ads shown) free user gets 7-day history retention         00:01 +269: /Users/minhaj/Documents/MinhajSadik/Safora/test/core/services/premium_manager_test.dart: PremiumManager tier limits — pro user (paid, ad-free) pro user gets unlimited contacts            00:01 +270: /Users/minhaj/Documents/MinhajSadik/Safora/test/core/services/premium_manager_test.dart: PremiumManager tier limits — pro user (paid, ad-free) pro user gets unlimited contacts            00:01 +270: /Users/minhaj/Documents/MinhajSadik/Safora/test/core/services/premium_manager_test.dart: PremiumManager tier limits — pro user (paid, ad-free) pro user gets unlimited reminders           00:01 +271: /Users/minhaj/Documents/MinhajSadik/Safora/test/core/services/premium_manager_test.dart: PremiumManager tier limits — pro user (paid, ad-free) pro user gets unlimited reminders           00:01 +271: /Users/minhaj/Documents/MinhajSadik/Safora/test/core/services/premium_manager_test.dart: PremiumManager tier limits — pro user (paid, ad-free) pro user gets unlimited geofence zones      00:01 +272: /Users/minhaj/Documents/MinhajSadik/Safora/test/core/services/premium_manager_test.dart: PremiumManager tier limits — pro user (paid, ad-free) pro user gets unlimited geofence zones      00:01 +272: /Users/minhaj/Documents/MinhajSadik/Safora/test/core/services/premium_manager_test.dart: PremiumManager tier limits — pro user (paid, ad-free) pro user gets 365-day history retention     00:01 +273: /Users/minhaj/Documents/MinhajSadik/Safora/test/core/services/premium_manager_test.dart: PremiumManager tier limits — pro user (paid, ad-free) pro user gets 365-day history retention     00:01 +273: /Users/minhaj/Documents/MinhajSadik/Safora/test/core/services/premium_manager_test.dart: PremiumManager static constants free contact limit is 3                                           00:01 +274: /Users/minhaj/Documents/MinhajSadik/Safora/test/core/services/premium_manager_test.dart: PremiumManager static constants free contact limit is 3                                           00:01 +274: /Users/minhaj/Documents/MinhajSadik/Safora/test/core/services/premium_manager_test.dart: PremiumManager static constants free reminder limit is 2                                          00:01 +275: /Users/minhaj/Documents/MinhajSadik/Safora/test/core/services/premium_manager_test.dart: PremiumManager static constants free reminder limit is 2                                          00:01 +275: /Users/minhaj/Documents/MinhajSadik/Safora/test/core/services/premium_manager_test.dart: PremiumManager static constants free geofence limit is 1                                          00:01 +276: /Users/minhaj/Documents/MinhajSadik/Safora/test/core/services/premium_manager_test.dart: PremiumManager static constants free geofence limit is 1                                          00:01 +276: /Users/minhaj/Documents/MinhajSadik/Safora/test/core/services/premium_manager_test.dart: PremiumManager static constants free history retention is 7 days                                  00:01 +277: /Users/minhaj/Documents/MinhajSadik/Safora/test/core/services/premium_manager_test.dart: PremiumManager static constants free history retention is 7 days                                  00:01 +277: /Users/minhaj/Documents/MinhajSadik/Safora/test/core/services/premium_manager_test.dart: PremiumManager full lifecycle free user has limited features and sees ads                         00:01 +278: /Users/minhaj/Documents/MinhajSadik/Safora/test/core/services/premium_manager_test.dart: PremiumManager full lifecycle free user has limited features and sees ads                         00:01 +278: /Users/minhaj/Documents/MinhajSadik/Safora/test/core/services/premium_manager_test.dart: PremiumManager full lifecycle free → purchase pro → all unlocked + ad-free                        00:01 +279: /Users/minhaj/Documents/MinhajSadik/Safora/test/core/services/premium_manager_test.dart: PremiumManager full lifecycle free → purchase pro → all unlocked + ad-free                        00:01 +279: /Users/minhaj/Documents/MinhajSadik/Safora/test/core/services/premium_manager_test.dart: PremiumManager full lifecycle pro → cancel subscription → back to free with ads                   00:01 +280: /Users/minhaj/Documents/MinhajSadik/Safora/test/core/services/premium_manager_test.dart: PremiumManager full lifecycle pro → cancel subscription → back to free with ads                   00:01 +280: /Users/minhaj/Documents/MinhajSadik/Safora/test/core/services/premium_manager_test.dart: PremiumManager full lifecycle premium state persists across init                                  00:01 +281: /Users/minhaj/Documents/MinhajSadik/Safora/test/core/services/premium_manager_test.dart: PremiumManager full lifecycle premium state persists across init                                  00:01 +281: /Users/minhaj/Documents/MinhajSadik/Safora/test/core/services/premium_manager_test.dart: PremiumManager full lifecycle free state persists across init                                     00:01 +282: /Users/minhaj/Documents/MinhajSadik/Safora/test/core/services/premium_manager_test.dart: PremiumManager full lifecycle free state persists across init                                     00:01 +282: /Users/minhaj/Documents/MinhajSadik/Safora/test/core/services/premium_manager_test.dart: (tearDownAll)                                                                                     00:02 +282: /Users/minhaj/Documents/MinhajSadik/Safora/test/core/services/premium_manager_test.dart: (tearDownAll)                                                                                     00:02 +282: loading /Users/minhaj/Documents/MinhajSadik/Safora/test/core/services/alert_permission_gate_test.dart                                                                                      00:02 +282: /Users/minhaj/Documents/MinhajSadik/Safora/test/core/services/alert_permission_gate_test.dart: AlertPermissionGate.needsLocation returns true for location-dependent categories            00:02 +283: /Users/minhaj/Documents/MinhajSadik/Safora/test/core/services/alert_permission_gate_test.dart: AlertPermissionGate.needsLocation returns true for location-dependent categories            00:02 +283: /Users/minhaj/Documents/MinhajSadik/Safora/test/core/services/alert_permission_gate_test.dart: AlertPermissionGate.needsLocation returns false for non-location categories                 00:02 +284: /Users/minhaj/Documents/MinhajSadik/Safora/test/core/services/alert_permission_gate_test.dart: AlertPermissionGate.needsLocation returns false for non-location categories                 00:02 +284: /Users/minhaj/Documents/MinhajSadik/Safora/test/core/services/alert_permission_gate_test.dart: AlertPermissionGate.needsNotification all categories except none require notification       00:02 +285: /Users/minhaj/Documents/MinhajSadik/Safora/test/core/services/alert_permission_gate_test.dart: AlertPermissionGate.needsNotification all categories except none require notification       00:02 +285: /Users/minhaj/Documents/MinhajSadik/Safora/test/core/services/alert_permission_gate_test.dart: AlertPermissionGate.requiredPermissions location+notification for vehicleTransport alertType00:02 +286: /Users/minhaj/Documents/MinhajSadik/Safora/test/core/services/alert_permission_gate_test.dart: AlertPermissionGate.requiredPermissions location+notification for vehicleTransport alertType00:02 +286: /Users/minhaj/Documents/MinhajSadik/Safora/test/core/services/alert_permission_gate_test.dart: AlertPermissionGate.requiredPermissions notification-only for healthMedical alertType       00:02 +287: /Users/minhaj/Documents/MinhajSadik/Safora/test/core/services/alert_permission_gate_test.dart: AlertPermissionGate.requiredPermissions notification-only for healthMedical alertType       00:02 +287: /Users/minhaj/Documents/MinhajSadik/Safora/test/core/services/alert_permission_gate_test.dart: PermissionResult granted=true when denied set is empty                                      00:02 +288: /Users/minhaj/Documents/MinhajSadik/Safora/test/core/services/alert_permission_gate_test.dart: PermissionResult granted=true when denied set is empty                                      00:02 +288: /Users/minhaj/Documents/MinhajSadik/Safora/test/core/services/alert_permission_gate_test.dart: PermissionResult granted=false when denied contains permissions                             00:02 +289: /Users/minhaj/Documents/MinhajSadik/Safora/test/core/services/alert_permission_gate_test.dart: PermissionResult granted=false when denied contains permissions                             00:02 +289: /Users/minhaj/Documents/MinhajSadik/Safora/test/core/services/alert_permission_gate_test.dart: PermissionResult deniedNames maps location to "Location"                                    00:02 +290: /Users/minhaj/Documents/MinhajSadik/Safora/test/core/services/alert_permission_gate_test.dart: PermissionResult deniedNames maps location to "Location"                                    00:02 +290: /Users/minhaj/Documents/MinhajSadik/Safora/test/core/services/alert_permission_gate_test.dart: PermissionResult deniedNames maps notification to "Notification"                            00:02 +291: /Users/minhaj/Documents/MinhajSadik/Safora/test/core/services/alert_permission_gate_test.dart: PermissionResult deniedNames maps notification to "Notification"                            00:02 +291: /Users/minhaj/Documents/MinhajSadik/Safora/test/core/services/alert_permission_gate_test.dart: AlertCategory all 16 categories have labels                                                 00:02 +292: /Users/minhaj/Documents/MinhajSadik/Safora/test/core/services/alert_permission_gate_test.dart: AlertCategory all 16 categories have labels                                                 00:02 +292: /Users/minhaj/Documents/MinhajSadik/Safora/test/core/services/alert_permission_gate_test.dart: AlertCategory has exactly 16 categories                                                     00:02 +293: /Users/minhaj/Documents/MinhajSadik/Safora/test/core/services/alert_permission_gate_test.dart: AlertCategory has exactly 16 categories                                                     00:02 +293: /Users/minhaj/Documents/MinhajSadik/Safora/test/core/services/alert_permission_gate_test.dart: AlertPriority has 5 levels: critical → info                                                 00:02 +294: /Users/minhaj/Documents/MinhajSadik/Safora/test/core/services/alert_permission_gate_test.dart: AlertPriority has 5 levels: critical → info                                                 00:02 +294: loading /Users/minhaj/Documents/MinhajSadik/Safora/test/core/services/sos_contact_alert_listener_test.dart                                                                                 00:02 +294: /Users/minhaj/Documents/MinhajSadik/Safora/test/core/services/sos_contact_alert_listener_test.dart: Phone masking logic (mirror test) masks full phone number                              00:02 +295: /Users/minhaj/Documents/MinhajSadik/Safora/test/core/services/sos_contact_alert_listener_test.dart: Phone masking logic (mirror test) masks full phone number                              00:02 +295: /Users/minhaj/Documents/MinhajSadik/Safora/test/core/services/sos_contact_alert_listener_test.dart: Phone masking logic (mirror test) masks short phone number                             00:02 +296: /Users/minhaj/Documents/MinhajSadik/Safora/test/core/services/sos_contact_alert_listener_test.dart: Phone masking logic (mirror test) masks short phone number                             00:02 +296: /Users/minhaj/Documents/MinhajSadik/Safora/test/core/services/sos_contact_alert_listener_test.dart: Phone masking logic (mirror test) masks 5-character phone                              00:02 +297: /Users/minhaj/Documents/MinhajSadik/Safora/test/core/services/sos_contact_alert_listener_test.dart: Phone masking logic (mirror test) masks 5-character phone                              00:02 +297: /Users/minhaj/Documents/MinhajSadik/Safora/test/core/services/sos_contact_alert_listener_test.dart: Phone masking logic (mirror test) handles empty string                                 00:02 +298: /Users/minhaj/Documents/MinhajSadik/Safora/test/core/services/sos_contact_alert_listener_test.dart: Phone masking logic (mirror test) handles empty string                                 00:02 +298: /Users/minhaj/Documents/MinhajSadik/Safora/test/core/services/sos_contact_alert_listener_test.dart: Phone masking logic (mirror test) handles 3-character string                           00:02 +299: /Users/minhaj/Documents/MinhajSadik/Safora/test/core/services/sos_contact_alert_listener_test.dart: Phone masking logic (mirror test) handles 3-character string                           00:02 +299: /Users/minhaj/Documents/MinhajSadik/Safora/test/core/services/sos_contact_alert_listener_test.dart: Phone masking logic (mirror test) masks exactly 4 characters                           00:02 +300: /Users/minhaj/Documents/MinhajSadik/Safora/test/core/services/sos_contact_alert_listener_test.dart: Phone masking logic (mirror test) masks exactly 4 characters                           00:02 +300: /Users/minhaj/Documents/MinhajSadik/Safora/test/core/services/sos_contact_alert_listener_test.dart: Notification body construction (mirror test) builds body with location URL             00:02 +301: /Users/minhaj/Documents/MinhajSadik/Safora/test/core/services/sos_contact_alert_listener_test.dart: Notification body construction (mirror test) builds body with location URL             00:02 +301: /Users/minhaj/Documents/MinhajSadik/Safora/test/core/services/sos_contact_alert_listener_test.dart: Notification body construction (mirror test) builds body without location URL          00:02 +302: /Users/minhaj/Documents/MinhajSadik/Safora/test/core/services/sos_contact_alert_listener_test.dart: Notification body construction (mirror test) builds body without location URL          00:02 +302: /Users/minhaj/Documents/MinhajSadik/Safora/test/core/services/sos_contact_alert_listener_test.dart: Notification body construction (mirror test) notification title format                 00:02 +303: /Users/minhaj/Documents/MinhajSadik/Safora/test/core/services/sos_contact_alert_listener_test.dart: Notification body construction (mirror test) notification title format                 00:02 +303: /Users/minhaj/Documents/MinhajSadik/Safora/test/core/services/sos_contact_alert_listener_test.dart: Notification ID hashing docId hashCode masked to positive 31-bit integer               00:02 +304: /Users/minhaj/Documents/MinhajSadik/Safora/test/core/services/sos_contact_alert_listener_test.dart: Notification ID hashing docId hashCode masked to positive 31-bit integer               00:02 +304: /Users/minhaj/Documents/MinhajSadik/Safora/test/core/services/sos_contact_alert_listener_test.dart: Notification ID hashing different docIds produce different notification IDs            00:02 +305: /Users/minhaj/Documents/MinhajSadik/Safora/test/core/services/sos_contact_alert_listener_test.dart: Notification ID hashing different docIds produce different notification IDs            00:02 +305: loading /Users/minhaj/Documents/MinhajSadik/Safora/test/core/services/audio_service_test.dart                                                                                              00:02 +305: /Users/minhaj/Documents/MinhajSadik/Safora/test/core/services/audio_service_test.dart: AudioService Initial State can be instantiated                                                      00:02 +306: /Users/minhaj/Documents/MinhajSadik/Safora/test/core/services/audio_service_test.dart: AudioService Initial State can be instantiated                                                      00:02 +306: /Users/minhaj/Documents/MinhajSadik/Safora/test/core/services/audio_service_test.dart: AudioService Initial State isSirenPlaying is false initially                                        00:02 +307: /Users/minhaj/Documents/MinhajSadik/Safora/test/core/services/audio_service_test.dart: AudioService Initial State isSirenPlaying is false initially                                        00:02 +307: /Users/minhaj/Documents/MinhajSadik/Safora/test/core/services/audio_service_test.dart: AudioService Initial State isRingtonePlaying is false initially                                     00:02 +308: /Users/minhaj/Documents/MinhajSadik/Safora/test/core/services/audio_service_test.dart: AudioService Initial State isRingtonePlaying is false initially                                     00:02 +308: /Users/minhaj/Documents/MinhajSadik/Safora/test/core/services/audio_service_test.dart: AudioService Initial State both flags are false on fresh instance                                   00:02 +309: /Users/minhaj/Documents/MinhajSadik/Safora/test/core/services/audio_service_test.dart: AudioService Initial State both flags are false on fresh instance                                   00:02 +309: /Users/minhaj/Documents/MinhajSadik/Safora/test/core/services/audio_service_test.dart: AudioService Stop Operations (Safe When Nothing Playing) stopAll completes without error            00:02 +310: /Users/minhaj/Documents/MinhajSadik/Safora/test/core/services/audio_service_test.dart: AudioService Stop Operations (Safe When Nothing Playing) stopAll completes without error            00:02 +310: /Users/minhaj/Documents/MinhajSadik/Safora/test/core/services/audio_service_test.dart: AudioService Stop Operations (Safe When Nothing Playing) stopAll resets isSirenPlaying to false     00:02 +311: /Users/minhaj/Documents/MinhajSadik/Safora/test/core/services/audio_service_test.dart: AudioService Stop Operations (Safe When Nothing Playing) stopAll resets isSirenPlaying to false     00:02 +311: /Users/minhaj/Documents/MinhajSadik/Safora/test/core/services/audio_service_test.dart: AudioService Stop Operations (Safe When Nothing Playing) stopAll resets isRingtonePlaying to false  00:02 +312: /Users/minhaj/Documents/MinhajSadik/Safora/test/core/services/audio_service_test.dart: AudioService Stop Operations (Safe When Nothing Playing) stopAll resets isRingtonePlaying to false  00:02 +312: /Users/minhaj/Documents/MinhajSadik/Safora/test/core/services/audio_service_test.dart: AudioService Stop Operations (Safe When Nothing Playing) stopRingtone completes without error       00:02 +313: /Users/minhaj/Documents/MinhajSadik/Safora/test/core/services/audio_service_test.dart: AudioService Stop Operations (Safe When Nothing Playing) stopRingtone completes without error       00:02 +313: /Users/minhaj/Documents/MinhajSadik/Safora/test/core/services/audio_service_test.dart: ... Operations (Safe When Nothing Playing) stopRingtone resets ringtone flag, leaves siren unchanged00:02 +314: /Users/minhaj/Documents/MinhajSadik/Safora/test/core/services/audio_service_test.dart: ... Operations (Safe When Nothing Playing) stopRingtone resets ringtone flag, leaves siren unchanged00:02 +314: /Users/minhaj/Documents/MinhajSadik/Safora/test/core/services/audio_service_test.dart: AudioService Idempotent Stop stopAll can be called multiple times                                   00:02 +315: /Users/minhaj/Documents/MinhajSadik/Safora/test/core/services/audio_service_test.dart: AudioService Idempotent Stop stopAll can be called multiple times                                   00:02 +315: /Users/minhaj/Documents/MinhajSadik/Safora/test/core/services/audio_service_test.dart: AudioService Idempotent Stop stopRingtone can be called multiple times                              00:02 +316: /Users/minhaj/Documents/MinhajSadik/Safora/test/core/services/audio_service_test.dart: AudioService Idempotent Stop stopRingtone can be called multiple times                              00:02 +316: /Users/minhaj/Documents/MinhajSadik/Safora/test/core/services/audio_service_test.dart: AudioService Dispose dispose completes without error                                                00:02 +317: /Users/minhaj/Documents/MinhajSadik/Safora/test/core/services/audio_service_test.dart: AudioService Dispose dispose completes without error                                                00:02 +317: /Users/minhaj/Documents/MinhajSadik/Safora/test/core/services/audio_service_test.dart: AudioService Dispose dispose resets all state                                                       00:02 +318: /Users/minhaj/Documents/MinhajSadik/Safora/test/core/services/audio_service_test.dart: AudioService Dispose dispose resets all state                                                       00:02 +318: /Users/minhaj/Documents/MinhajSadik/Safora/test/core/services/audio_service_test.dart: AudioService Dispose dispose on fresh instance is safe                                              00:02 +319: /Users/minhaj/Documents/MinhajSadik/Safora/test/core/services/audio_service_test.dart: AudioService Dispose dispose on fresh instance is safe                                              00:02 +319: /Users/minhaj/Documents/MinhajSadik/Safora/test/core/services/audio_service_test.dart: AudioService Multiple Instances instances are independent                                           00:02 +320: /Users/minhaj/Documents/MinhajSadik/Safora/test/core/services/audio_service_test.dart: AudioService Multiple Instances instances are independent                                           00:02 +320: loading /Users/minhaj/Documents/MinhajSadik/Safora/test/core/services/decoy_call_service_test.dart                                                                                         00:02 +320: /Users/minhaj/Documents/MinhajSadik/Safora/test/core/services/decoy_call_service_test.dart: DecoyCallService has correct defaults                                                          00:02 +321: /Users/minhaj/Documents/MinhajSadik/Safora/test/core/services/decoy_call_service_test.dart: DecoyCallService has correct defaults                                                          00:02 +321: /Users/minhaj/Documents/MinhajSadik/Safora/test/core/services/decoy_call_service_test.dart: DecoyCallService configure updates callerName and delay                                        00:02 +322: /Users/minhaj/Documents/MinhajSadik/Safora/test/core/services/decoy_call_service_test.dart: DecoyCallService configure updates callerName and delay                                        00:02 +322: /Users/minhaj/Documents/MinhajSadik/Safora/test/core/services/decoy_call_service_test.dart: DecoyCallService configure with null does not change values                                    00:02 +323: /Users/minhaj/Documents/MinhajSadik/Safora/test/core/services/decoy_call_service_test.dart: DecoyCallService configure with null does not change values                                    00:02 +323: /Users/minhaj/Documents/MinhajSadik/Safora/test/core/services/decoy_call_service_test.dart: DecoyCallService startRinging sets isRinging and calls playRingtone                            00:02 +324: /Users/minhaj/Documents/MinhajSadik/Safora/test/core/services/decoy_call_service_test.dart: DecoyCallService startRinging sets isRinging and calls playRingtone                            00:02 +324: /Users/minhaj/Documents/MinhajSadik/Safora/test/core/services/decoy_call_service_test.dart: DecoyCallService stopRinging resets isRinging and calls stopRingtone                           00:02 +325: /Users/minhaj/Documents/MinhajSadik/Safora/test/core/services/decoy_call_service_test.dart: DecoyCallService stopRinging resets isRinging and calls stopRingtone                           00:02 +325: /Users/minhaj/Documents/MinhajSadik/Safora/test/core/services/decoy_call_service_test.dart: DecoyCallService reset restores all defaults                                                   00:02 +326: /Users/minhaj/Documents/MinhajSadik/Safora/test/core/services/decoy_call_service_test.dart: DecoyCallService reset restores all defaults                                                   00:02 +326: /Users/minhaj/Documents/MinhajSadik/Safora/test/core/services/decoy_call_service_test.dart: DecoyCallService multiple startRinging calls play ringtone each time                           00:02 +327: /Users/minhaj/Documents/MinhajSadik/Safora/test/core/services/decoy_call_service_test.dart: DecoyCallService multiple startRinging calls play ringtone each time                           00:02 +327: loading /Users/minhaj/Documents/MinhajSadik/Safora/test/core/services/sms_service_test.dart                                                                                                00:02 +327: /Users/minhaj/Documents/MinhajSadik/Safora/test/core/services/sms_service_test.dart: SmsService sendEmergencySms returns 0 for empty contacts list                                         00:02 +328: /Users/minhaj/Documents/MinhajSadik/Safora/test/core/services/context_alert_service_test.dart: ContextAlertService.mapToAlertType heatStroke maps to AlertType.heatStroke                  00:02 +329: /Users/minhaj/Documents/MinhajSadik/Safora/test/core/services/sms_service_test.dart: SmsService sendEmergencySms calls buildLocationMessage                                                00:02 +330: /Users/minhaj/Documents/MinhajSadik/Safora/test/core/services/sms_service_test.dart: SmsService sendEmergencySms calls buildLocationMessage                                                00:02 +331: /Users/minhaj/Documents/MinhajSadik/Safora/test/core/services/sms_service_test.dart: SmsService sendEmergencySms calls buildLocationMessage                                                00:02 +332: /Users/minhaj/Documents/MinhajSadik/Safora/test/core/services/sms_service_test.dart: SmsService sendEmergencySms calls buildLocationMessage                                                00:02 +333: /Users/minhaj/Documents/MinhajSadik/Safora/test/core/services/sms_service_test.dart: SmsService sendEmergencySms calls buildLocationMessage                                                00:02 +333: /Users/minhaj/Documents/MinhajSadik/Safora/test/core/services/sms_service_test.dart: SmsService sendEmergencySms calls buildLocationMessage                                                
[WARN] [SMS] url_launcher failed for +1234567890: MissingPluginException(No implementation found for method launch on channel plugins.flutter.io/url_launcher)
00:02 +334: /Users/minhaj/Documents/MinhajSadik/Safora/test/core/services/sms_service_test.dart: SmsService sendEmergencySms calls buildLocationMessage                                                00:02 +335: /Users/minhaj/Documents/MinhajSadik/Safora/test/core/services/context_alert_service_test.dart: ContextAlertService — observable state temperature state sets correctly                     00:02 +335: /Users/minhaj/Documents/MinhajSadik/Safora/test/core/services/sms_service_test.dart: SmsService sendEmergencySms uses default name when userName is null                                   
[WARN] [SMS] url_launcher failed for +9876543210: MissingPluginException(No implementation found for method launch on channel plugins.flutter.io/url_launcher)
00:02 +336: /Users/minhaj/Documents/MinhajSadik/Safora/test/core/services/context_alert_service_test.dart: ContextAlertService — observable state temperature state sets correctly                     00:02 +336: /Users/minhaj/Documents/MinhajSadik/Safora/test/core/services/context_alert_service_test.dart: ContextAlertService — observable state temperature state sets correctly                     
[INFO] [ContextAlert] Stopped
00:02 +337: /Users/minhaj/Documents/MinhajSadik/Safora/test/core/services/sms_service_test.dart: SmsService sendBatteryAlert calls buildLocationMessage                                                00:02 +337: /Users/minhaj/Documents/MinhajSadik/Safora/test/core/services/context_alert_service_test.dart: ContextAlertService — observable state speed state sets correctly                           
[INFO] [ContextAlert] Stopped
00:02 +338: /Users/minhaj/Documents/MinhajSadik/Safora/test/core/services/sms_service_test.dart: SmsService sendBatteryAlert calls buildLocationMessage                                                00:02 +338: /Users/minhaj/Documents/MinhajSadik/Safora/test/core/services/sms_service_test.dart: SmsService sendBatteryAlert calls buildLocationMessage                                                
[WARN] [SMS] url_launcher failed for +1112223333: MissingPluginException(No implementation found for method launch on channel plugins.flutter.io/url_launcher)
00:02 +339: /Users/minhaj/Documents/MinhajSadik/Safora/test/core/services/context_alert_service_test.dart: ContextAlertService — observable state precipitation state sets correctly                   00:02 +339: /Users/minhaj/Documents/MinhajSadik/Safora/test/core/services/context_alert_service_test.dart: ContextAlertService — observable state precipitation state sets correctly                   
[INFO] [ContextAlert] Stopped
00:02 +340: /Users/minhaj/Documents/MinhajSadik/Safora/test/core/services/sms_service_test.dart: SmsService sendAlertSms does not require location service                                             00:02 +340: /Users/minhaj/Documents/MinhajSadik/Safora/test/core/services/sms_service_test.dart: SmsService sendAlertSms does not require location service                                             
[WARN] [SMS] url_launcher failed for +1234567890: MissingPluginException(No implementation found for method launch on channel plugins.flutter.io/url_launcher)
00:02 +341: /Users/minhaj/Documents/MinhajSadik/Safora/test/core/services/context_alert_service_test.dart: ContextAlertService — observable state start() and stop() do not throw                      00:02 +341: /Users/minhaj/Documents/MinhajSadik/Safora/test/core/services/context_alert_service_test.dart: ContextAlertService — observable state start() and stop() do not throw                      
[INFO] [ContextAlert] Started (interval: 999min)
[INFO] [ContextAlert] Stopped
00:02 +342: /Users/minhaj/Documents/MinhajSadik/Safora/test/core/services/context_alert_service_test.dart: ContextAlertService — observable state start() and stop() do not throw                      00:02 +342: /Users/minhaj/Documents/MinhajSadik/Safora/test/core/services/context_alert_service_test.dart: ContextAlertService — observable state dispose() is idempotent                              00:02 +342: /Users/minhaj/Documents/MinhajSadik/Safora/test/core/services/context_alert_service_test.dart: ContextAlertService — observable state dispose() is idempotent                              
[INFO] [ContextAlert] Stopped
[INFO] [ContextAlert] Stopped
00:02 +343: /Users/minhaj/Documents/MinhajSadik/Safora/test/core/services/context_alert_service_test.dart: ContextAlertService — observable state dispose() is idempotent                              00:02 +343: /Users/minhaj/Documents/MinhajSadik/Safora/test/core/services/context_alert_service_test.dart: ... — all values map without error every ContextAlertType value maps to a valid AlertType   00:02 +344: /Users/minhaj/Documents/MinhajSadik/Safora/test/core/services/context_alert_service_test.dart: ... — all values map without error every ContextAlertType value maps to a valid AlertType   00:02 +344: loading /Users/minhaj/Documents/MinhajSadik/Safora/test/core/services/geofence_service_test.dart                                                                                           00:02 +344: /Users/minhaj/Documents/MinhajSadik/Safora/test/core/services/geofence_service_test.dart: Haversine formula accuracy distance from a point to itself is zero                               00:02 +345: /Users/minhaj/Documents/MinhajSadik/Safora/test/core/services/service_bootstrapper_premium_gate_integrity_test.dart: ServiceBootstrapper Premium Gate Integrity (setUpAll)                 00:02 +346: /Users/minhaj/Documents/MinhajSadik/Safora/test/core/services/service_bootstrapper_premium_gate_integrity_test.dart: ServiceBootstrapper Premium Gate Integrity (setUpAll)                 00:02 +347: /Users/minhaj/Documents/MinhajSadik/Safora/test/core/services/service_bootstrapper_premium_gate_integrity_test.dart: ServiceBootstrapper Premium Gate Integrity (setUpAll)                 00:02 +348: /Users/minhaj/Documents/MinhajSadik/Safora/test/core/services/service_bootstrapper_premium_gate_integrity_test.dart: ServiceBootstrapper Premium Gate Integrity (setUpAll)                 00:02 +349: /Users/minhaj/Documents/MinhajSadik/Safora/test/core/services/service_bootstrapper_premium_gate_integrity_test.dart: ServiceBootstrapper Premium Gate Integrity (setUpAll)                 00:02 +349: /Users/minhaj/Documents/MinhajSadik/Safora/test/core/services/geofence_service_test.dart: GeofenceService.isInsideZone 400 m north is inside 500 m zone                                    00:02 +350: /Users/minhaj/Documents/MinhajSadik/Safora/test/core/services/service_bootstrapper_premium_gate_integrity_test.dart: ... Gate Integrity crash/fall startup checks Pro feature availability 00:02 +351: /Users/minhaj/Documents/MinhajSadik/Safora/test/core/services/service_bootstrapper_premium_gate_integrity_test.dart: ... Gate Integrity crash/fall startup checks Pro feature availability 00:02 +352: /Users/minhaj/Documents/MinhajSadik/Safora/test/core/services/service_bootstrapper_premium_gate_integrity_test.dart: ... Gate Integrity crash/fall startup checks Pro feature availability 00:02 +353: /Users/minhaj/Documents/MinhajSadik/Safora/test/core/services/service_bootstrapper_premium_gate_integrity_test.dart: ... Gate Integrity crash/fall startup checks Pro feature availability 00:02 +354: /Users/minhaj/Documents/MinhajSadik/Safora/test/core/services/service_bootstrapper_premium_gate_integrity_test.dart: ... Gate Integrity crash/fall startup checks Pro feature availability 00:02 +355: /Users/minhaj/Documents/MinhajSadik/Safora/test/core/services/geofence_service_test.dart: GeofenceService.firstZoneContaining returns null when outside all zones                          00:02 +356: /Users/minhaj/Documents/MinhajSadik/Safora/test/core/services/geofence_service_test.dart: GeofenceService.firstZoneContaining returns null when outside all zones                          00:02 +356: /Users/minhaj/Documents/MinhajSadik/Safora/test/core/services/geofence_service_test.dart: GeofenceService.firstZoneContaining returns null when outside all zones                          
[INFO] [Geofence] Added zone: Home (500.0m radius)
00:02 +357: /Users/minhaj/Documents/MinhajSadik/Safora/test/core/services/geofence_service_test.dart: GeofenceService.firstZoneContaining returns null when outside all zones                          00:02 +357: /Users/minhaj/Documents/MinhajSadik/Safora/test/core/services/geofence_service_test.dart: GeofenceService.firstZoneContaining returns null when outside all zones                          
[INFO] [Geofence] Stopped monitoring
00:02 +358: /Users/minhaj/Documents/MinhajSadik/Safora/test/core/services/service_bootstrapper_premium_gate_integrity_test.dart: ... context and dead-man-switch startup checks Pro availability       00:02 +359: /Users/minhaj/Documents/MinhajSadik/Safora/test/core/services/geofence_service_test.dart: GeofenceService.firstZoneContaining returns the matching zone when inside                        00:02 +359: /Users/minhaj/Documents/MinhajSadik/Safora/test/core/services/geofence_service_test.dart: GeofenceService.firstZoneContaining returns the matching zone when inside                        
[INFO] [Geofence] Added zone: Home (500.0m radius)
[INFO] [Geofence] Stopped monitoring
00:02 +360: /Users/minhaj/Documents/MinhajSadik/Safora/test/core/services/service_bootstrapper_premium_gate_integrity_test.dart: ... Integrity voice, anomaly, and road startup checks Pro availability00:02 +361: /Users/minhaj/Documents/MinhajSadik/Safora/test/core/services/service_bootstrapper_premium_gate_integrity_test.dart: ... Integrity voice, anomaly, and road startup checks Pro availability00:02 +361: /Users/minhaj/Documents/MinhajSadik/Safora/test/core/services/geofence_service_test.dart: GeofenceService.firstZoneContaining returns first zone when two zones overlap at a point         00:02 +361: /Users/minhaj/Documents/MinhajSadik/Safora/test/core/services/geofence_service_test.dart: GeofenceService.firstZoneContaining returns first zone when two zones overlap at a point         
[INFO] [Geofence] Added zone: Home (500.0m radius)
00:02 +362: /Users/minhaj/Documents/MinhajSadik/Safora/test/core/services/geofence_service_test.dart: GeofenceService.firstZoneContaining returns first zone when two zones overlap at a point         00:02 +362: /Users/minhaj/Documents/MinhajSadik/Safora/test/core/services/geofence_service_test.dart: GeofenceService.firstZoneContaining returns first zone when two zones overlap at a point         
[INFO] [Geofence] Added zone: Big (1000.0m radius)
[INFO] [Geofence] Stopped monitoring
00:02 +363: /Users/minhaj/Documents/MinhajSadik/Safora/test/core/services/service_bootstrapper_premium_gate_integrity_test.dart: ServiceBootstrapper Premium Gate Integrity (tearDownAll)              00:02 +363: /Users/minhaj/Documents/MinhajSadik/Safora/test/core/services/geofence_service_test.dart: GeofenceService.isOutsideAllZones initially false (user assumed inside)                          00:02 +363: /Users/minhaj/Documents/MinhajSadik/Safora/test/core/services/geofence_service_test.dart: GeofenceService.isOutsideAllZones initially false (user assumed inside)                          
[INFO] [Geofence] Added zone: Home (500.0m radius)
[INFO] [Geofence] Stopped monitoring
00:02 +364: /Users/minhaj/Documents/MinhajSadik/Safora/test/core/services/geofence_service_test.dart: GeofenceService.isOutsideAllZones initially false (user assumed inside)                          00:02 +364: /Users/minhaj/Documents/MinhajSadik/Safora/test/core/services/geofence_service_test.dart: GeofenceService.isOutsideAllZones stop() resets isOutsideAllZones to false                       00:02 +364: /Users/minhaj/Documents/MinhajSadik/Safora/test/core/services/geofence_service_test.dart: GeofenceService.isOutsideAllZones stop() resets isOutsideAllZones to false                       
[INFO] [Geofence] Added zone: Home (500.0m radius)
[INFO] [Geofence] Stopped monitoring
[INFO] [Geofence] Stopped monitoring
00:02 +365: /Users/minhaj/Documents/MinhajSadik/Safora/test/core/services/geofence_service_test.dart: GeofenceService.isOutsideAllZones stop() resets isOutsideAllZones to false                       00:02 +365: /Users/minhaj/Documents/MinhajSadik/Safora/test/core/services/geofence_service_test.dart: GeofenceService zone management addZone makes zone findable                                      00:02 +365: /Users/minhaj/Documents/MinhajSadik/Safora/test/core/services/geofence_service_test.dart: GeofenceService zone management addZone makes zone findable                                      
[INFO] [Geofence] Added zone: Home (500.0m radius)
[INFO] [Geofence] Stopped monitoring
00:02 +366: /Users/minhaj/Documents/MinhajSadik/Safora/test/core/services/geofence_service_test.dart: GeofenceService zone management addZone makes zone findable                                      00:02 +366: /Users/minhaj/Documents/MinhajSadik/Safora/test/core/services/geofence_service_test.dart: GeofenceService zone management removeZone removes the zone                                      00:02 +366: /Users/minhaj/Documents/MinhajSadik/Safora/test/core/services/geofence_service_test.dart: GeofenceService zone management removeZone removes the zone                                      
[INFO] [Geofence] Added zone: Home (500.0m radius)
[INFO] [Geofence] Removed zone: home
[INFO] [Geofence] Stopped monitoring
00:02 +367: /Users/minhaj/Documents/MinhajSadik/Safora/test/core/services/geofence_service_test.dart: GeofenceService zone management removeZone removes the zone                                      00:02 +367: /Users/minhaj/Documents/MinhajSadik/Safora/test/core/services/geofence_service_test.dart: GeofenceService zone management multiple zones all registered                                    00:02 +367: /Users/minhaj/Documents/MinhajSadik/Safora/test/core/services/geofence_service_test.dart: GeofenceService zone management multiple zones all registered                                    
[INFO] [Geofence] Added zone: Home (500.0m radius)
[INFO] [Geofence] Added zone: Office (300.0m radius)
[INFO] [Geofence] Stopped monitoring
00:02 +368: /Users/minhaj/Documents/MinhajSadik/Safora/test/core/services/sos_foreground_service_test.dart: SosForegroundService Singleton Pattern instance returns same object                        00:02 +368: /Users/minhaj/Documents/MinhajSadik/Safora/test/core/services/geofence_service_test.dart: GeofenceService zone management dispose does not throw                                           
[INFO] [Geofence] Added zone: Home (500.0m radius)
[INFO] [Geofence] Stopped monitoring
[INFO] [Geofence] Stopped monitoring
00:02 +369: /Users/minhaj/Documents/MinhajSadik/Safora/test/core/services/sos_foreground_service_test.dart: SosForegroundService Singleton Pattern instance returns same object                        00:02 +370: /Users/minhaj/Documents/MinhajSadik/Safora/test/core/services/sos_foreground_service_test.dart: SosForegroundService Singleton Pattern instance returns same object                        00:02 +370: /Users/minhaj/Documents/MinhajSadik/Safora/test/core/services/sos_foreground_service_test.dart: SosForegroundService Singleton Pattern instance is not null                                00:02 +371: /Users/minhaj/Documents/MinhajSadik/Safora/test/core/services/sos_foreground_service_test.dart: SosForegroundService Singleton Pattern instance is not null                                00:02 +371: /Users/minhaj/Documents/MinhajSadik/Safora/test/core/services/sos_foreground_service_test.dart: SosTaskHandler Instantiation can be instantiated                                           00:02 +372: /Users/minhaj/Documents/MinhajSadik/Safora/test/core/services/sos_foreground_service_test.dart: SosTaskHandler Instantiation can be instantiated                                           00:02 +372: /Users/minhaj/Documents/MinhajSadik/Safora/test/core/services/sos_foreground_service_test.dart: SosTaskHandler Notification Callbacks onNotificationDismissed does not throw               00:02 +373: /Users/minhaj/Documents/MinhajSadik/Safora/test/core/services/sos_foreground_service_test.dart: SosTaskHandler Notification Callbacks onNotificationDismissed does not throw               00:02 +373: /Users/minhaj/Documents/MinhajSadik/Safora/test/core/services/sos_foreground_service_test.dart: SosTaskHandler Notification Callbacks onNotificationPressed does not throw                 00:02 +374: /Users/minhaj/Documents/MinhajSadik/Safora/test/core/services/sos_foreground_service_test.dart: SosTaskHandler Notification Callbacks onNotificationPressed does not throw                 00:02 +374: /Users/minhaj/Documents/MinhajSadik/Safora/test/core/services/sos_foreground_service_test.dart: ... Notification Callbacks onNotificationButtonPressed with stop_sos does not throw        00:02 +375: /Users/minhaj/Documents/MinhajSadik/Safora/test/core/services/sos_foreground_service_test.dart: ... Notification Callbacks onNotificationButtonPressed with stop_sos does not throw        00:02 +375: /Users/minhaj/Documents/MinhajSadik/Safora/test/core/services/sos_foreground_service_test.dart: ... Notification Callbacks onNotificationButtonPressed with unknown id does not throw      00:02 +376: /Users/minhaj/Documents/MinhajSadik/Safora/test/core/services/sos_foreground_service_test.dart: ... Notification Callbacks onNotificationButtonPressed with unknown id does not throw      00:02 +376: /Users/minhaj/Documents/MinhajSadik/Safora/test/core/services/sos_foreground_service_test.dart: ... Notification Callbacks onNotificationButtonPressed with empty id does not throw        00:02 +377: /Users/minhaj/Documents/MinhajSadik/Safora/test/core/services/sos_foreground_service_test.dart: ... Notification Callbacks onNotificationButtonPressed with empty id does not throw        00:02 +377: /Users/minhaj/Documents/MinhajSadik/Safora/test/core/services/sos_foreground_service_test.dart: SosTaskHandler Lifecycle Methods onRepeatEvent does not throw                              00:02 +378: /Users/minhaj/Documents/MinhajSadik/Safora/test/core/services/sos_foreground_service_test.dart: SosTaskHandler Lifecycle Methods onRepeatEvent does not throw                              00:02 +378: /Users/minhaj/Documents/MinhajSadik/Safora/test/core/services/sos_foreground_service_test.dart: SosTaskHandler Lifecycle Methods onStart does not throw                                    00:02 +378: /Users/minhaj/Documents/MinhajSadik/Safora/test/core/services/sos_foreground_service_test.dart: SosTaskHandler Lifecycle Methods onStart does not throw                                    
[INFO] [SosForegroundService] Background task started
[WARN] [SosForegroundService] Background boot failed: MissingPluginException(No implementation found for method getApplicationDocumentsDirectory on channel plugins.flutter.io/path_provider)
00:02 +379: /Users/minhaj/Documents/MinhajSadik/Safora/test/core/services/sos_foreground_service_test.dart: SosTaskHandler Lifecycle Methods onStart does not throw                                    00:02 +379: /Users/minhaj/Documents/MinhajSadik/Safora/test/core/services/sos_foreground_service_test.dart: SosTaskHandler Lifecycle Methods onDestroy does not throw                                  00:02 +379: /Users/minhaj/Documents/MinhajSadik/Safora/test/core/services/sos_foreground_service_test.dart: SosTaskHandler Lifecycle Methods onDestroy does not throw                                  
[INFO] [SosForegroundService] Background task stopped
00:02 +380: /Users/minhaj/Documents/MinhajSadik/Safora/test/core/services/sos_foreground_service_test.dart: SosTaskHandler Lifecycle Methods onDestroy does not throw                                  00:02 +380: /Users/minhaj/Documents/MinhajSadik/Safora/test/core/services/sos_foreground_service_test.dart: SosTaskHandler Lifecycle Methods onDestroy with isTimeout=true does not throw              00:02 +380: /Users/minhaj/Documents/MinhajSadik/Safora/test/core/services/sos_foreground_service_test.dart: SosTaskHandler Lifecycle Methods onDestroy with isTimeout=true does not throw              
[INFO] [SosForegroundService] Background task stopped
00:02 +381: /Users/minhaj/Documents/MinhajSadik/Safora/test/core/services/sos_foreground_service_test.dart: SosTaskHandler Lifecycle Methods onDestroy with isTimeout=true does not throw              00:02 +381: loading /Users/minhaj/Documents/MinhajSadik/Safora/test/core/services/auth_service_test.dart                                                                                               00:02 +381: /Users/minhaj/Documents/MinhajSadik/Safora/test/core/services/auth_service_test.dart: AuthService — sign in / sign up isSignedIn returns true when user exists                             00:02 +382: /Users/minhaj/Documents/MinhajSadik/Safora/test/core/services/auth_service_test.dart: AuthService — sign in / sign up isSignedIn returns true when user exists                             00:02 +382: /Users/minhaj/Documents/MinhajSadik/Safora/test/core/services/auth_service_test.dart: AuthService — sign in / sign up isSignedIn returns false when no user                                00:02 +383: /Users/minhaj/Documents/MinhajSadik/Safora/test/core/services/auth_service_test.dart: AuthService — sign in / sign up isSignedIn returns false when no user                                00:02 +383: /Users/minhaj/Documents/MinhajSadik/Safora/test/core/services/auth_service_test.dart: AuthService — sign in / sign up signIn calls signInWithEmailAndPassword                              00:02 +383: /Users/minhaj/Documents/MinhajSadik/Safora/test/core/services/auth_service_test.dart: AuthService — sign in / sign up signIn calls signInWithEmailAndPassword                              
[INFO] [Auth] Sign in successful: test@test.com
00:02 +384: /Users/minhaj/Documents/MinhajSadik/Safora/test/core/services/auth_service_test.dart: AuthService — sign in / sign up signIn calls signInWithEmailAndPassword                              00:02 +384: /Users/minhaj/Documents/MinhajSadik/Safora/test/core/services/auth_service_test.dart: AuthService — sign in / sign up signOut calls FirebaseAuth.signOut                                   00:02 +384: /Users/minhaj/Documents/MinhajSadik/Safora/test/core/services/auth_service_test.dart: AuthService — sign in / sign up signOut calls FirebaseAuth.signOut                                   
[INFO] [Auth] Signed out
00:02 +385: /Users/minhaj/Documents/MinhajSadik/Safora/test/core/services/auth_service_test.dart: AuthService — sign in / sign up signOut calls FirebaseAuth.signOut                                   00:02 +385: /Users/minhaj/Documents/MinhajSadik/Safora/test/core/services/auth_service_test.dart: AuthService — isEmailVerified returns true when user.emailVerified is true                           00:02 +386: /Users/minhaj/Documents/MinhajSadik/Safora/test/core/services/auth_service_test.dart: AuthService — isEmailVerified returns true when user.emailVerified is true                           00:02 +386: /Users/minhaj/Documents/MinhajSadik/Safora/test/core/services/auth_service_test.dart: AuthService — isEmailVerified returns false when user.emailVerified is false                         00:02 +387: /Users/minhaj/Documents/MinhajSadik/Safora/test/core/services/auth_service_test.dart: AuthService — isEmailVerified returns false when user.emailVerified is false                         00:02 +387: /Users/minhaj/Documents/MinhajSadik/Safora/test/core/services/auth_service_test.dart: AuthService — isEmailVerified returns false when no user is signed in                                00:02 +388: /Users/minhaj/Documents/MinhajSadik/Safora/test/core/services/auth_service_test.dart: AuthService — isEmailVerified returns false when no user is signed in                                00:02 +388: /Users/minhaj/Documents/MinhajSadik/Safora/test/core/services/auth_service_test.dart: AuthService — reloadUser calls user.reload when signed in                                            00:02 +389: /Users/minhaj/Documents/MinhajSadik/Safora/test/core/services/auth_service_test.dart: AuthService — reloadUser calls user.reload when signed in                                            00:02 +389: /Users/minhaj/Documents/MinhajSadik/Safora/test/core/services/auth_service_test.dart: AuthService — reloadUser silently does nothing when no user is signed in                             00:02 +390: /Users/minhaj/Documents/MinhajSadik/Safora/test/core/services/auth_service_test.dart: AuthService — reloadUser silently does nothing when no user is signed in                             00:02 +390: /Users/minhaj/Documents/MinhajSadik/Safora/test/core/services/auth_service_test.dart: AuthService — sendEmailVerification calls user.sendEmailVerification when unverified user signed in  00:02 +390: /Users/minhaj/Documents/MinhajSadik/Safora/test/core/services/auth_service_test.dart: AuthService — sendEmailVerification calls user.sendEmailVerification when unverified user signed in  
[INFO] [Auth] Verification email sent to test@test.com
00:02 +391: /Users/minhaj/Documents/MinhajSadik/Safora/test/core/services/auth_service_test.dart: AuthService — sendEmailVerification calls user.sendEmailVerification when unverified user signed in  00:02 +391: /Users/minhaj/Documents/MinhajSadik/Safora/test/core/services/auth_service_test.dart: AuthService — sendEmailVerification skips sending when email is already verified                     00:02 +391: /Users/minhaj/Documents/MinhajSadik/Safora/test/core/services/auth_service_test.dart: AuthService — sendEmailVerification skips sending when email is already verified                     
[INFO] [Auth] Email already verified — skipping send
00:02 +392: /Users/minhaj/Documents/MinhajSadik/Safora/test/core/services/auth_service_test.dart: AuthService — sendEmailVerification skips sending when email is already verified                     00:02 +392: /Users/minhaj/Documents/MinhajSadik/Safora/test/core/services/auth_service_test.dart: AuthService — sendEmailVerification silently exits when no user is signed in                         00:02 +392: /Users/minhaj/Documents/MinhajSadik/Safora/test/core/services/auth_service_test.dart: AuthService — sendEmailVerification silently exits when no user is signed in                         
[WARN] [Auth] sendEmailVerification: no current user
00:02 +393: /Users/minhaj/Documents/MinhajSadik/Safora/test/core/services/auth_service_test.dart: AuthService — sendEmailVerification silently exits when no user is signed in                         00:02 +393: /Users/minhaj/Documents/MinhajSadik/Safora/test/core/services/auth_service_test.dart: AuthService — sendEmailVerification rethrows FirebaseAuthException on failure                        00:02 +393: /Users/minhaj/Documents/MinhajSadik/Safora/test/core/services/auth_service_test.dart: AuthService — sendEmailVerification rethrows FirebaseAuthException on failure                        
[ERROR] [Auth] sendEmailVerification failed: too-many-requests
00:02 +394: /Users/minhaj/Documents/MinhajSadik/Safora/test/core/services/auth_service_test.dart: AuthService — sendEmailVerification rethrows FirebaseAuthException on failure                        00:03 +394: /Users/minhaj/Documents/MinhajSadik/Safora/test/core/services/auth_service_test.dart: AuthService — sendEmailVerification rethrows FirebaseAuthException on failure                        00:03 +394: loading /Users/minhaj/Documents/MinhajSadik/Safora/test/core/services/notification_schedule_test.dart                                                                                      00:03 +394: /Users/minhaj/Documents/MinhajSadik/Safora/test/core/services/notification_schedule_test.dart: (setUpAll)                                                                                  00:03 +394: /Users/minhaj/Documents/MinhajSadik/Safora/test/core/services/notification_schedule_test.dart: scheduleDaily date computation schedules today when target time is in the future            00:03 +395: /Users/minhaj/Documents/MinhajSadik/Safora/test/core/services/notification_schedule_test.dart: scheduleDaily date computation schedules today when target time is in the future            00:03 +395: /Users/minhaj/Documents/MinhajSadik/Safora/test/core/services/notification_schedule_test.dart: scheduleDaily date computation rolls to tomorrow when target time has passed                00:03 +396: /Users/minhaj/Documents/MinhajSadik/Safora/test/core/services/notification_schedule_test.dart: scheduleDaily date computation rolls to tomorrow when target time has passed                00:03 +396: /Users/minhaj/Documents/MinhajSadik/Safora/test/core/services/notification_schedule_test.dart: scheduleDaily date computation handles midnight boundary correctly                          00:03 +397: /Users/minhaj/Documents/MinhajSadik/Safora/test/core/services/notification_schedule_test.dart: scheduleDaily date computation handles midnight boundary correctly                          00:03 +397: /Users/minhaj/Documents/MinhajSadik/Safora/test/core/services/notification_schedule_test.dart: scheduleDaily date computation month rollover works correctly                               00:03 +398: /Users/minhaj/Documents/MinhajSadik/Safora/test/core/services/notification_schedule_test.dart: scheduleDaily date computation month rollover works correctly                               00:03 +398: /Users/minhaj/Documents/MinhajSadik/Safora/test/core/services/notification_schedule_test.dart: scheduleDaily date computation exact same time as now rolls to tomorrow                     00:03 +399: /Users/minhaj/Documents/MinhajSadik/Safora/test/core/services/notification_schedule_test.dart: scheduleDaily date computation exact same time as now rolls to tomorrow                     00:03 +399: /Users/minhaj/Documents/MinhajSadik/Safora/test/core/services/notification_schedule_test.dart: (tearDownAll)                                                                               00:03 +399: loading /Users/minhaj/Documents/MinhajSadik/Safora/test/core/services/battery_service_test.dart                                                                                            00:03 +399: /Users/minhaj/Documents/MinhajSadik/Safora/test/core/services/battery_service_test.dart: BatteryService can be instantiated                                                                00:03 +400: /Users/minhaj/Documents/MinhajSadik/Safora/test/core/services/battery_service_test.dart: BatteryService can be instantiated                                                                00:03 +400: /Users/minhaj/Documents/MinhajSadik/Safora/test/core/services/battery_service_test.dart: BatteryService isLow returns true for levels at or below threshold                                00:03 +401: /Users/minhaj/Documents/MinhajSadik/Safora/test/core/services/battery_service_test.dart: BatteryService isLow returns true for levels at or below threshold                                00:03 +401: /Users/minhaj/Documents/MinhajSadik/Safora/test/core/services/battery_service_test.dart: BatteryService isLow returns false for levels above threshold                                     00:03 +402: /Users/minhaj/Documents/MinhajSadik/Safora/test/core/services/battery_service_test.dart: BatteryService isLow returns false for levels above threshold                                     00:03 +402: /Users/minhaj/Documents/MinhajSadik/Safora/test/core/services/battery_service_test.dart: BatteryService isLow returns false for invalid levels                                             00:03 +403: /Users/minhaj/Documents/MinhajSadik/Safora/test/core/services/battery_service_test.dart: BatteryService isLow returns false for invalid levels                                             00:03 +403: /Users/minhaj/Documents/MinhajSadik/Safora/test/core/services/battery_service_test.dart: BatteryService isCritical returns true for levels at or below critical threshold                  00:03 +404: /Users/minhaj/Documents/MinhajSadik/Safora/test/core/services/battery_service_test.dart: BatteryService isCritical returns true for levels at or below critical threshold                  00:03 +404: /Users/minhaj/Documents/MinhajSadik/Safora/test/core/services/battery_service_test.dart: BatteryService isCritical returns false for levels above critical threshold                       00:03 +405: /Users/minhaj/Documents/MinhajSadik/Safora/test/core/services/battery_service_test.dart: BatteryService isCritical returns false for levels above critical threshold                       00:03 +405: /Users/minhaj/Documents/MinhajSadik/Safora/test/core/services/battery_service_test.dart: BatteryService isCritical returns false for invalid levels                                        00:03 +406: /Users/minhaj/Documents/MinhajSadik/Safora/test/core/services/battery_service_test.dart: BatteryService isCritical returns false for invalid levels                                        00:03 +406: /Users/minhaj/Documents/MinhajSadik/Safora/test/core/services/battery_service_test.dart: BatteryService lowThreshold is 15                                                                 00:03 +407: /Users/minhaj/Documents/MinhajSadik/Safora/test/core/services/battery_service_test.dart: BatteryService lowThreshold is 15                                                                 00:03 +407: /Users/minhaj/Documents/MinhajSadik/Safora/test/core/services/battery_service_test.dart: BatteryService criticalThreshold is 5                                                             00:03 +408: /Users/minhaj/Documents/MinhajSadik/Safora/test/core/services/battery_service_test.dart: BatteryService criticalThreshold is 5                                                             00:03 +408: /Users/minhaj/Documents/MinhajSadik/Safora/test/core/services/battery_service_test.dart: BatteryService stopMonitoring does not throw when not started                                     00:03 +409: /Users/minhaj/Documents/MinhajSadik/Safora/test/core/services/battery_service_test.dart: BatteryService stopMonitoring does not throw when not started                                     00:03 +409: /Users/minhaj/Documents/MinhajSadik/Safora/test/core/services/battery_service_test.dart: BatteryService dispose does not throw                                                             00:03 +410: /Users/minhaj/Documents/MinhajSadik/Safora/test/core/services/battery_service_test.dart: BatteryService dispose does not throw                                                             00:03 +410: loading /Users/minhaj/Documents/MinhajSadik/Safora/test/core/services/app_open_ad_service_test.dart                                                                                        00:03 +410: /Users/minhaj/Documents/MinhajSadik/Safora/test/core/services/app_open_ad_service_test.dart: AppOpenAdService (setUpAll)                                                                   00:03 +411: /Users/minhaj/Documents/MinhajSadik/Safora/test/core/services/app_open_ad_service_test.dart: AppOpenAdService (setUpAll)                                                                   00:03 +411: /Users/minhaj/Documents/MinhajSadik/Safora/test/core/services/sos_event_service_test.dart: SOS event data contract location URL is null when GPS unavailable                               00:03 +412: /Users/minhaj/Documents/MinhajSadik/Safora/test/core/services/app_open_ad_service_test.dart: AppOpenAdService premium guard onAppResumed does not throw for free users                     00:03 +413: /Users/minhaj/Documents/MinhajSadik/Safora/test/core/services/app_open_ad_service_test.dart: AppOpenAdService premium guard onAppResumed does not throw for free users                     00:03 +414: /Users/minhaj/Documents/MinhajSadik/Safora/test/core/services/sos_event_service_test.dart: SOS event data contract SOS event document structure has all required fields                    00:03 +415: /Users/minhaj/Documents/MinhajSadik/Safora/test/core/services/app_open_ad_service_test.dart: AppOpenAdService premium guard onAppResumed does not throw for premium users                  00:03 +416: /Users/minhaj/Documents/MinhajSadik/Safora/test/core/services/app_open_ad_service_test.dart: AppOpenAdService premium guard onAppResumed does not throw for premium users                  00:03 +416: /Users/minhaj/Documents/MinhajSadik/Safora/test/core/services/sos_event_service_test.dart: SOS event data contract trigger types are valid strings                                         00:03 +417: /Users/minhaj/Documents/MinhajSadik/Safora/test/core/services/sos_event_service_test.dart: SOS event data contract trigger types are valid strings                                         00:03 +418: /Users/minhaj/Documents/MinhajSadik/Safora/test/core/services/sos_event_service_test.dart: SOS event data contract trigger types are valid strings                                         00:03 +418: /Users/minhaj/Documents/MinhajSadik/Safora/test/core/services/app_open_ad_service_test.dart: AppOpenAdService emergency guard emergency blocks ad display without throwing                 00:03 +419: /Users/minhaj/Documents/MinhajSadik/Safora/test/core/services/sos_event_service_test.dart: EmergencyContact model can be constructed with all fields                                       00:03 +420: /Users/minhaj/Documents/MinhajSadik/Safora/test/core/services/app_open_ad_service_test.dart: AppOpenAdService emergency guard clearing emergency restores normal operation                 00:03 +421: /Users/minhaj/Documents/MinhajSadik/Safora/test/core/services/sos_event_service_test.dart: EmergencyContact model isPrimary flag works                                                     00:03 +422: /Users/minhaj/Documents/MinhajSadik/Safora/test/core/services/app_open_ad_service_test.dart: AppOpenAdService ad readiness initially not ready (no ad loaded)                              00:03 +423: /Users/minhaj/Documents/MinhajSadik/Safora/test/core/services/app_open_ad_service_test.dart: AppOpenAdService ad readiness initially not ready (no ad loaded)                              00:03 +423: /Users/minhaj/Documents/MinhajSadik/Safora/test/core/services/app_open_ad_service_test.dart: AppOpenAdService consent guard onAppResumed returns early when consent not granted            00:03 +424: /Users/minhaj/Documents/MinhajSadik/Safora/test/core/services/app_open_ad_service_test.dart: AppOpenAdService consent guard onAppResumed returns early when consent not granted            00:03 +424: /Users/minhaj/Documents/MinhajSadik/Safora/test/core/services/app_open_ad_service_test.dart: AppOpenAdService consent guard loadAd returns early when consent not granted                  00:03 +425: /Users/minhaj/Documents/MinhajSadik/Safora/test/core/services/app_open_ad_service_test.dart: AppOpenAdService consent guard loadAd returns early when consent not granted                  00:03 +425: /Users/minhaj/Documents/MinhajSadik/Safora/test/core/services/app_open_ad_service_test.dart: AppOpenAdService debug ad unit ID uses test ad unit ID in debug mode                          00:03 +426: /Users/minhaj/Documents/MinhajSadik/Safora/test/core/services/app_open_ad_service_test.dart: AppOpenAdService debug ad unit ID uses test ad unit ID in debug mode                          00:03 +426: /Users/minhaj/Documents/MinhajSadik/Safora/test/core/services/app_open_ad_service_test.dart: AppOpenAdService lifecycle management dispose does not throw                                  00:03 +427: /Users/minhaj/Documents/MinhajSadik/Safora/test/core/services/app_open_ad_service_test.dart: AppOpenAdService lifecycle management dispose does not throw                                  00:03 +427: /Users/minhaj/Documents/MinhajSadik/Safora/test/core/services/app_open_ad_service_test.dart: AppOpenAdService lifecycle management multiple resumes below frequency cap do not throw       00:03 +428: /Users/minhaj/Documents/MinhajSadik/Safora/test/core/services/app_open_ad_service_test.dart: AppOpenAdService lifecycle management multiple resumes below frequency cap do not throw       00:03 +428: /Users/minhaj/Documents/MinhajSadik/Safora/test/core/services/app_open_ad_service_test.dart: AppOpenAdService (tearDownAll)                                                                00:03 +428: loading /Users/minhaj/Documents/MinhajSadik/Safora/test/core/services/ad_service_test.dart                                                                                                 00:03 +428: /Users/minhaj/Documents/MinhajSadik/Safora/test/core/services/ad_service_test.dart: AdService Singleton instance is a singleton                                                            00:03 +429: /Users/minhaj/Documents/MinhajSadik/Safora/test/core/services/ad_service_test.dart: AdService Singleton instance is a singleton                                                            00:03 +429: /Users/minhaj/Documents/MinhajSadik/Safora/test/core/services/ad_service_test.dart: AdService Ad Unit IDs banner ad unit IDs are non-empty                                                 00:03 +430: /Users/minhaj/Documents/MinhajSadik/Safora/test/core/services/ad_service_test.dart: AdService Ad Unit IDs banner ad unit IDs are non-empty                                                 00:03 +430: /Users/minhaj/Documents/MinhajSadik/Safora/test/core/services/ad_service_test.dart: AdService Ad Unit IDs banner ad unit IDs use correct prefix                                            00:03 +431: /Users/minhaj/Documents/MinhajSadik/Safora/test/core/services/ad_service_test.dart: AdService Ad Unit IDs banner ad unit IDs use correct prefix                                            00:03 +431: /Users/minhaj/Documents/MinhajSadik/Safora/test/core/services/ad_service_test.dart: AdService Ad Unit IDs all banner IDs are unique                                                        00:03 +432: /Users/minhaj/Documents/MinhajSadik/Safora/test/core/services/ad_service_test.dart: AdService Ad Unit IDs all banner IDs are unique                                                        00:03 +432: /Users/minhaj/Documents/MinhajSadik/Safora/test/core/services/ad_service_test.dart: AdService Ad Unit IDs native alerts feed ad unit ID is non-empty                                       00:03 +433: /Users/minhaj/Documents/MinhajSadik/Safora/test/core/services/ad_service_test.dart: AdService Ad Unit IDs native alerts feed ad unit ID is non-empty                                       00:03 +433: /Users/minhaj/Documents/MinhajSadik/Safora/test/core/services/ad_service_test.dart: AdService Premium Bypass — Pro users see no ads setPremium(true) disables ads for Pro users            00:03 +434: /Users/minhaj/Documents/MinhajSadik/Safora/test/core/services/ad_service_test.dart: AdService Premium Bypass — Pro users see no ads setPremium(true) disables ads for Pro users            00:03 +434: /Users/minhaj/Documents/MinhajSadik/Safora/test/core/services/ad_service_test.dart: AdService Premium Bypass — Pro users see no ads setPremium(false) enables ads for free users           00:03 +435: /Users/minhaj/Documents/MinhajSadik/Safora/test/core/services/ad_service_test.dart: AdService Premium Bypass — Pro users see no ads setPremium(false) enables ads for free users           00:03 +435: /Users/minhaj/Documents/MinhajSadik/Safora/test/core/services/ad_service_test.dart: AdService Premium Bypass — Pro users see no ads isPremium getter reflects current state                00:03 +436: /Users/minhaj/Documents/MinhajSadik/Safora/test/core/services/ad_service_test.dart: AdService Premium Bypass — Pro users see no ads isPremium getter reflects current state                00:03 +436: /Users/minhaj/Documents/MinhajSadik/Safora/test/core/services/ad_service_test.dart: AdService Emergency Safety setEmergencyActive blocks ads during emergency                              00:03 +437: /Users/minhaj/Documents/MinhajSadik/Safora/test/core/services/ad_service_test.dart: AdService Emergency Safety setEmergencyActive blocks ads during emergency                              00:03 +437: /Users/minhaj/Documents/MinhajSadik/Safora/test/core/services/ad_service_test.dart: AdService Emergency Safety setEmergencyActive can be deactivated                                       00:03 +438: /Users/minhaj/Documents/MinhajSadik/Safora/test/core/services/ad_service_test.dart: AdService Emergency Safety setEmergencyActive can be deactivated                                       00:03 +438: /Users/minhaj/Documents/MinhajSadik/Safora/test/core/services/ad_service_test.dart: AdService Interstitial Guard Logic showInterstitial does not throw when no ad is loaded                00:03 +439: /Users/minhaj/Documents/MinhajSadik/Safora/test/core/services/ad_service_test.dart: AdService Interstitial Guard Logic showInterstitial does not throw when no ad is loaded                00:03 +439: /Users/minhaj/Documents/MinhajSadik/Safora/test/core/services/ad_service_test.dart: AdService Interstitial Guard Logic showInterstitial is blocked when premium is true                    00:03 +440: /Users/minhaj/Documents/MinhajSadik/Safora/test/core/services/ad_service_test.dart: AdService Interstitial Guard Logic showInterstitial is blocked when premium is true                    00:03 +440: /Users/minhaj/Documents/MinhajSadik/Safora/test/core/services/ad_service_test.dart: AdService Interstitial Guard Logic showInterstitial is blocked during emergency                        00:03 +441: /Users/minhaj/Documents/MinhajSadik/Safora/test/core/services/ad_service_test.dart: AdService Interstitial Guard Logic showInterstitial is blocked during emergency                        00:03 +441: /Users/minhaj/Documents/MinhajSadik/Safora/test/core/services/ad_service_test.dart: AdService Interstitial Guard Logic showInterstitial is blocked when consent not granted                00:03 +442: /Users/minhaj/Documents/MinhajSadik/Safora/test/core/services/ad_service_test.dart: AdService Interstitial Guard Logic showInterstitial is blocked when consent not granted                00:03 +442: /Users/minhaj/Documents/MinhajSadik/Safora/test/core/services/ad_service_test.dart: AdService Consent-gated Ad Loading startLoadingAds method exists and is callable                       00:03 +443: /Users/minhaj/Documents/MinhajSadik/Safora/test/core/services/ad_service_test.dart: AdService Consent-gated Ad Loading startLoadingAds method exists and is callable                       00:03 +443: /Users/minhaj/Documents/MinhajSadik/Safora/test/core/services/ad_service_test.dart: AdService Ad Model — No Rewarded Ads AdService has no rewarded ad methods                              00:03 +444: /Users/minhaj/Documents/MinhajSadik/Safora/test/core/services/ad_service_test.dart: AdService Ad Model — No Rewarded Ads AdService has no rewarded ad methods                              00:03 +444: /Users/minhaj/Documents/MinhajSadik/Safora/test/core/services/ad_service_test.dart: AdService Dispose dispose does not throw                                                               00:03 +445: /Users/minhaj/Documents/MinhajSadik/Safora/test/core/services/ad_service_test.dart: AdService Dispose dispose does not throw                                                               00:03 +445: /Users/minhaj/Documents/MinhajSadik/Safora/test/core/services/ad_service_test.dart: AdService Dispose dispose can be called multiple times safely                                          00:03 +446: /Users/minhaj/Documents/MinhajSadik/Safora/test/core/services/ad_service_test.dart: AdService Dispose dispose can be called multiple times safely                                          00:03 +446: loading /Users/minhaj/Documents/MinhajSadik/Safora/test/core/services/speed_alert_service_test.dart                                                                                        00:03 +446: /Users/minhaj/Documents/MinhajSadik/Safora/test/core/services/speed_alert_service_test.dart: SpeedAlertService — Configuration has correct defaults                                        00:03 +446: /Users/minhaj/Documents/MinhajSadik/Safora/test/core/services/speed_alert_service_test.dart: SpeedAlertService — Configuration has correct defaults                                        
[INFO] [SpeedAlert] Stopped monitoring
00:03 +447: /Users/minhaj/Documents/MinhajSadik/Safora/test/core/services/speed_alert_service_test.dart: SpeedAlertService — Configuration has correct defaults                                        00:03 +447: /Users/minhaj/Documents/MinhajSadik/Safora/test/core/services/speed_alert_service_test.dart: SpeedAlertService — Configuration accepts custom threshold                                    00:03 +447: /Users/minhaj/Documents/MinhajSadik/Safora/test/core/services/speed_alert_service_test.dart: SpeedAlertService — Configuration accepts custom threshold                                    
[INFO] [SpeedAlert] Stopped monitoring
00:03 +448: /Users/minhaj/Documents/MinhajSadik/Safora/test/core/services/speed_alert_service_test.dart: SpeedAlertService — Configuration accepts custom threshold                                    00:03 +448: /Users/minhaj/Documents/MinhajSadik/Safora/test/core/services/speed_alert_service_test.dart: SpeedAlertService — Real Speed Alert Logic speed at exactly threshold does NOT trigger alert  00:03 +448: /Users/minhaj/Documents/MinhajSadik/Safora/test/core/services/speed_alert_service_test.dart: SpeedAlertService — Real Speed Alert Logic speed at exactly threshold does NOT trigger alert  
[INFO] [SpeedAlert] Stopped monitoring
00:03 +449: /Users/minhaj/Documents/MinhajSadik/Safora/test/core/services/speed_alert_service_test.dart: SpeedAlertService — Real Speed Alert Logic speed at exactly threshold does NOT trigger alert  00:03 +449: /Users/minhaj/Documents/MinhajSadik/Safora/test/core/services/speed_alert_service_test.dart: ... — Real Speed Alert Logic speed above threshold triggers alert with correct km/h           00:03 +449: /Users/minhaj/Documents/MinhajSadik/Safora/test/core/services/speed_alert_service_test.dart: SpeedAlertService — Real Speed Alert Logic speed above threshold triggers alert with correct km/h
[INFO] [SpeedAlert] Speed alert: 150.0 km/h > 120.0 km/h
[INFO] [SpeedAlert] Stopped monitoring
00:03 +450: /Users/minhaj/Documents/MinhajSadik/Safora/test/core/services/speed_alert_service_test.dart: ... — Real Speed Alert Logic speed above threshold triggers alert with correct km/h           00:03 +450: /Users/minhaj/Documents/MinhajSadik/Safora/test/core/services/speed_alert_service_test.dart: ... — Real Speed Alert Logic speed below threshold fires onSpeedUpdate but NOT onSpeedExceeded00:03 +450: /Users/minhaj/Documents/MinhajSadik/Safora/test/core/services/speed_alert_service_test.dart: SpeedAlertService — Real Speed Alert Logic speed below threshold fires onSpeedUpdate but NOT onSpeedExceeded
[INFO] [SpeedAlert] Stopped monitoring
00:03 +451: /Users/minhaj/Documents/MinhajSadik/Safora/test/core/services/speed_alert_service_test.dart: ... — Real Speed Alert Logic speed below threshold fires onSpeedUpdate but NOT onSpeedExceeded00:03 +451: /Users/minhaj/Documents/MinhajSadik/Safora/test/core/services/speed_alert_service_test.dart: SpeedAlertService — Real Speed Alert Logic m/s to km/h conversion is correct                  00:03 +451: /Users/minhaj/Documents/MinhajSadik/Safora/test/core/services/speed_alert_service_test.dart: SpeedAlertService — Real Speed Alert Logic m/s to km/h conversion is correct                  
[INFO] [SpeedAlert] Stopped monitoring
00:03 +452: /Users/minhaj/Documents/MinhajSadik/Safora/test/core/services/speed_alert_service_test.dart: SpeedAlertService — Real Speed Alert Logic m/s to km/h conversion is correct                  00:03 +452: /Users/minhaj/Documents/MinhajSadik/Safora/test/core/services/speed_alert_service_test.dart: SpeedAlertService — Real Speed Alert Logic negative speed is clamped to zero                  00:03 +452: /Users/minhaj/Documents/MinhajSadik/Safora/test/core/services/speed_alert_service_test.dart: SpeedAlertService — Real Speed Alert Logic negative speed is clamped to zero                  
[INFO] [SpeedAlert] Stopped monitoring
00:03 +453: /Users/minhaj/Documents/MinhajSadik/Safora/test/core/services/speed_alert_service_test.dart: SpeedAlertService — Real Speed Alert Logic negative speed is clamped to zero                  00:03 +453: /Users/minhaj/Documents/MinhajSadik/Safora/test/core/services/speed_alert_service_test.dart: SpeedAlertService — Real Speed Alert Logic cooldown prevents duplicate speed alerts           00:03 +453: /Users/minhaj/Documents/MinhajSadik/Safora/test/core/services/speed_alert_service_test.dart: SpeedAlertService — Real Speed Alert Logic cooldown prevents duplicate speed alerts           
[INFO] [SpeedAlert] Speed alert: 150.0 km/h > 120.0 km/h
[INFO] [SpeedAlert] Speed alert: 150.0 km/h > 120.0 km/h
[INFO] [SpeedAlert] Stopped monitoring
[INFO] [SpeedAlert] Stopped monitoring
00:03 +454: /Users/minhaj/Documents/MinhajSadik/Safora/test/core/services/speed_alert_service_test.dart: SpeedAlertService — Real Speed Alert Logic cooldown prevents duplicate speed alerts           00:03 +454: /Users/minhaj/Documents/MinhajSadik/Safora/test/core/services/speed_alert_service_test.dart: ... — Real Speed Alert Logic multiple overspeeds with zero cooldown fire an alert each time   00:03 +454: /Users/minhaj/Documents/MinhajSadik/Safora/test/core/services/speed_alert_service_test.dart: SpeedAlertService — Real Speed Alert Logic multiple overspeeds with zero cooldown fire an alert each time
[INFO] [SpeedAlert] Speed alert: 150.0 km/h > 120.0 km/h
[INFO] [SpeedAlert] Speed alert: 150.0 km/h > 120.0 km/h
[INFO] [SpeedAlert] Speed alert: 150.0 km/h > 120.0 km/h
[INFO] [SpeedAlert] Speed alert: 150.0 km/h > 120.0 km/h
[INFO] [SpeedAlert] Speed alert: 150.0 km/h > 120.0 km/h
[INFO] [SpeedAlert] Stopped monitoring
[INFO] [SpeedAlert] Stopped monitoring
00:03 +455: /Users/minhaj/Documents/MinhajSadik/Safora/test/core/services/speed_alert_service_test.dart: ... — Real Speed Alert Logic multiple overspeeds with zero cooldown fire an alert each time   00:03 +455: /Users/minhaj/Documents/MinhajSadik/Safora/test/core/services/speed_alert_service_test.dart: ... — Real Speed Alert Logic highway cruising at exactly 120 does NOT spam alerts             00:03 +455: /Users/minhaj/Documents/MinhajSadik/Safora/test/core/services/speed_alert_service_test.dart: SpeedAlertService — Real Speed Alert Logic highway cruising at exactly 120 does NOT spam alerts
[INFO] [SpeedAlert] Stopped monitoring
00:03 +456: /Users/minhaj/Documents/MinhajSadik/Safora/test/core/services/speed_alert_service_test.dart: ... — Real Speed Alert Logic highway cruising at exactly 120 does NOT spam alerts             00:03 +456: /Users/minhaj/Documents/MinhajSadik/Safora/test/core/services/speed_alert_service_test.dart: SpeedAlertService — Real Speed Alert Logic stop resets currentSpeedKmh to zero                00:03 +456: /Users/minhaj/Documents/MinhajSadik/Safora/test/core/services/speed_alert_service_test.dart: SpeedAlertService — Real Speed Alert Logic stop resets currentSpeedKmh to zero                
[INFO] [SpeedAlert] Speed alert: 150.0 km/h > 120.0 km/h
[INFO] [SpeedAlert] Stopped monitoring
[INFO] [SpeedAlert] Stopped monitoring
00:03 +457: /Users/minhaj/Documents/MinhajSadik/Safora/test/core/services/speed_alert_service_test.dart: SpeedAlertService — Real Speed Alert Logic stop resets currentSpeedKmh to zero                00:03 +457: loading /Users/minhaj/Documents/MinhajSadik/Safora/test/core/services/snatch_detection_service_test.dart                                                                                   00:03 +457: /Users/minhaj/Documents/MinhajSadik/Safora/test/core/services/snatch_detection_service_test.dart: SnatchDetectionService — Configuration initial state is not running                      00:03 +457: /Users/minhaj/Documents/MinhajSadik/Safora/test/core/services/snatch_detection_service_test.dart: SnatchDetectionService — Configuration initial state is not running                      
[INFO] [SnatchDetection] Stopped monitoring
00:03 +458: /Users/minhaj/Documents/MinhajSadik/Safora/test/core/services/snatch_detection_service_test.dart: SnatchDetectionService — Configuration initial state is not running                      00:03 +458: /Users/minhaj/Documents/MinhajSadik/Safora/test/core/services/snatch_detection_service_test.dart: SnatchDetectionService — Configuration custom threshold is configurable                  00:03 +458: /Users/minhaj/Documents/MinhajSadik/Safora/test/core/services/snatch_detection_service_test.dart: SnatchDetectionService — Configuration custom threshold is configurable                  
[INFO] [SnatchDetection] Stopped monitoring
[INFO] [SnatchDetection] Stopped monitoring
00:03 +459: /Users/minhaj/Documents/MinhajSadik/Safora/test/core/services/subscription_service_test.dart: SubscriptionService — Configuration singleton instance is consistent (identity)              00:03 +459: /Users/minhaj/Documents/MinhajSadik/Safora/test/core/services/snatch_detection_service_test.dart: SnatchDetectionService — Configuration stop is safe when not running                     
[INFO] [SnatchDetection] Stopped monitoring
[INFO] [SnatchDetection] Stopped monitoring
00:03 +460: /Users/minhaj/Documents/MinhajSadik/Safora/test/core/services/subscription_service_test.dart: SubscriptionService — Configuration singleton instance is consistent (identity)              00:03 +460: /Users/minhaj/Documents/MinhajSadik/Safora/test/core/services/snatch_detection_service_test.dart: SnatchDetectionService — Configuration default cooldown is 30 seconds                    
[INFO] [SnatchDetection] Stopped monitoring
00:03 +461: /Users/minhaj/Documents/MinhajSadik/Safora/test/core/services/subscription_service_test.dart: SubscriptionService — Configuration singleton instance is consistent (identity)              00:03 +461: /Users/minhaj/Documents/MinhajSadik/Safora/test/core/services/snatch_detection_service_test.dart: SnatchDetectionService — Real Snatch Detection below threshold = no snatch               
[INFO] [SnatchDetection] Stopped monitoring
00:03 +462: /Users/minhaj/Documents/MinhajSadik/Safora/test/core/services/subscription_service_test.dart: SubscriptionService — Configuration singleton instance is consistent (identity)              00:03 +462: /Users/minhaj/Documents/MinhajSadik/Safora/test/core/services/snatch_detection_service_test.dart: SnatchDetectionService — Real Snatch Detection single-axis 7G spike ABOVE threshold fires snatch
[INFO] [SnatchDetection] Snatch detected: 7.0G
[INFO] [SnatchDetection] Stopped monitoring
00:03 +463: /Users/minhaj/Documents/MinhajSadik/Safora/test/core/services/subscription_service_test.dart: SubscriptionService — Configuration singleton instance is consistent (identity)              00:03 +463: /Users/minhaj/Documents/MinhajSadik/Safora/test/core/services/snatch_detection_service_test.dart: SnatchDetectionService — Real Snatch Detection multi-axis tumbling 7G does NOT fire snatch (is a fall, not snatch)
[INFO] [SnatchDetection] Stopped monitoring
00:03 +464: /Users/minhaj/Documents/MinhajSadik/Safora/test/core/services/subscription_service_test.dart: SubscriptionService — Configuration singleton instance is consistent (identity)              00:03 +464: /Users/minhaj/Documents/MinhajSadik/Safora/test/core/services/snatch_detection_service_test.dart: SnatchDetectionService — Real Snatch Detection requires minimum 5 samples before detection decision
[INFO] [SnatchDetection] Stopped monitoring
00:03 +465: /Users/minhaj/Documents/MinhajSadik/Safora/test/core/services/subscription_service_test.dart: SubscriptionService — Configuration singleton instance is consistent (identity)              00:03 +465: /Users/minhaj/Documents/MinhajSadik/Safora/test/core/services/snatch_detection_service_test.dart: SnatchDetectionService — Real Snatch Detection normal walking motion produces zero false positives
[INFO] [SnatchDetection] Stopped monitoring
00:03 +466: /Users/minhaj/Documents/MinhajSadik/Safora/test/core/services/subscription_service_test.dart: SubscriptionService — Configuration singleton instance is consistent (identity)              00:03 +467: /Users/minhaj/Documents/MinhajSadik/Safora/test/core/services/subscription_service_test.dart: SubscriptionService — Configuration singleton instance is consistent (identity)              00:03 +467: /Users/minhaj/Documents/MinhajSadik/Safora/test/core/services/subscription_service_test.dart: SubscriptionService — Configuration entitlementId is "Digital Drive Pro"                     00:03 +468: /Users/minhaj/Documents/MinhajSadik/Safora/test/core/services/subscription_service_test.dart: SubscriptionService — Configuration entitlementId is "Digital Drive Pro"                     00:03 +468: /Users/minhaj/Documents/MinhajSadik/Safora/test/core/services/subscription_service_test.dart: SubscriptionService — Configuration entitlementId is non-empty                               00:03 +469: /Users/minhaj/Documents/MinhajSadik/Safora/test/core/services/subscription_service_test.dart: SubscriptionService — Configuration entitlementId is non-empty                               00:03 +469: /Users/minhaj/Documents/MinhajSadik/Safora/test/core/services/subscription_service_test.dart: ... — Configuration entitlementId does not contain leading/trailing whitespace               00:03 +470: /Users/minhaj/Documents/MinhajSadik/Safora/test/core/services/subscription_service_test.dart: ... — Configuration entitlementId does not contain leading/trailing whitespace               00:03 +470: /Users/minhaj/Documents/MinhajSadik/Safora/test/core/services/subscription_service_test.dart: SubscriptionService — Configuration productMonthly is "monthly"                              00:03 +471: /Users/minhaj/Documents/MinhajSadik/Safora/test/core/services/subscription_service_test.dart: SubscriptionService — Configuration productMonthly is "monthly"                              00:03 +471: /Users/minhaj/Documents/MinhajSadik/Safora/test/core/services/subscription_service_test.dart: SubscriptionService — Configuration productYearly is "yearly"                                00:03 +472: /Users/minhaj/Documents/MinhajSadik/Safora/test/core/services/subscription_service_test.dart: SubscriptionService — Configuration productYearly is "yearly"                                00:03 +472: /Users/minhaj/Documents/MinhajSadik/Safora/test/core/services/subscription_service_test.dart: SubscriptionService — Configuration productLifetime is "lifetime"                            00:03 +473: /Users/minhaj/Documents/MinhajSadik/Safora/test/core/services/subscription_service_test.dart: SubscriptionService — Configuration productLifetime is "lifetime"                            00:03 +473: /Users/minhaj/Documents/MinhajSadik/Safora/test/core/services/subscription_service_test.dart: SubscriptionService — Product tiers three product identifiers are defined                    00:03 +474: /Users/minhaj/Documents/MinhajSadik/Safora/test/core/services/subscription_service_test.dart: SubscriptionService — Product tiers three product identifiers are defined                    00:03 +474: /Users/minhaj/Documents/MinhajSadik/Safora/test/core/services/subscription_service_test.dart: SubscriptionService — Product tiers all three product identifiers are unique                 00:03 +475: /Users/minhaj/Documents/MinhajSadik/Safora/test/core/services/subscription_service_test.dart: SubscriptionService — Product tiers all three product identifiers are unique                 00:03 +475: /Users/minhaj/Documents/MinhajSadik/Safora/test/core/services/subscription_service_test.dart: ... Product tiers product IDs follow Google Play naming convention (lowercase + underscores) 00:03 +476: /Users/minhaj/Documents/MinhajSadik/Safora/test/core/services/subscription_service_test.dart: ... Product tiers product IDs follow Google Play naming convention (lowercase + underscores) 00:03 +476: /Users/minhaj/Documents/MinhajSadik/Safora/test/core/services/subscription_service_test.dart: SubscriptionService — Product tiers product IDs do not contain spaces                        00:03 +477: /Users/minhaj/Documents/MinhajSadik/Safora/test/core/services/subscription_service_test.dart: SubscriptionService — Product tiers product IDs do not contain spaces                        00:03 +477: /Users/minhaj/Documents/MinhajSadik/Safora/test/core/services/subscription_service_test.dart: SubscriptionService — Product tiers product IDs are non-empty                                00:03 +478: /Users/minhaj/Documents/MinhajSadik/Safora/test/core/services/subscription_service_test.dart: SubscriptionService — Product tiers product IDs are non-empty                                00:03 +478: /Users/minhaj/Documents/MinhajSadik/Safora/test/core/services/subscription_service_test.dart: SubscriptionService — Default state (before init) isInitialized defaults to false            00:03 +479: /Users/minhaj/Documents/MinhajSadik/Safora/test/core/services/subscription_service_test.dart: SubscriptionService — Default state (before init) isInitialized defaults to false            00:03 +479: /Users/minhaj/Documents/MinhajSadik/Safora/test/core/services/subscription_service_test.dart: SubscriptionService — Default state (before init) isPurchasing defaults to false             00:03 +480: /Users/minhaj/Documents/MinhajSadik/Safora/test/core/services/subscription_service_test.dart: SubscriptionService — Default state (before init) isPurchasing defaults to false             00:03 +480: /Users/minhaj/Documents/MinhajSadik/Safora/test/core/services/subscription_service_test.dart: SubscriptionService — Default state (before init) offerings defaults to null                 00:03 +481: /Users/minhaj/Documents/MinhajSadik/Safora/test/core/services/subscription_service_test.dart: SubscriptionService — Default state (before init) offerings defaults to null                 00:03 +481: /Users/minhaj/Documents/MinhajSadik/Safora/test/core/services/subscription_service_test.dart: ... — Default state (before init) availablePackages returns empty list before init           00:03 +482: /Users/minhaj/Documents/MinhajSadik/Safora/test/core/services/subscription_service_test.dart: ... — Default state (before init) availablePackages returns empty list before init           00:03 +482: /Users/minhaj/Documents/MinhajSadik/Safora/test/core/services/subscription_service_test.dart: SubscriptionService — Default state (before init) availablePackages returns a List           00:03 +483: /Users/minhaj/Documents/MinhajSadik/Safora/test/core/services/subscription_service_test.dart: SubscriptionService — Default state (before init) availablePackages returns a List           00:03 +483: /Users/minhaj/Documents/MinhajSadik/Safora/test/core/services/subscription_service_test.dart: ... — Default state (before init) monthlyPriceString is null before offerings loaded         00:03 +484: /Users/minhaj/Documents/MinhajSadik/Safora/test/core/services/subscription_service_test.dart: ... — Default state (before init) monthlyPriceString is null before offerings loaded         00:03 +484: /Users/minhaj/Documents/MinhajSadik/Safora/test/core/services/subscription_service_test.dart: ... — Default state (before init) yearlyPriceString is null before offerings loaded          00:03 +485: /Users/minhaj/Documents/MinhajSadik/Safora/test/core/services/subscription_service_test.dart: ... — Default state (before init) yearlyPriceString is null before offerings loaded          00:03 +485: /Users/minhaj/Documents/MinhajSadik/Safora/test/core/services/subscription_service_test.dart: ... — Default state (before init) lifetimePriceString is null before offerings loaded        00:03 +486: /Users/minhaj/Documents/MinhajSadik/Safora/test/core/services/subscription_service_test.dart: ... — Default state (before init) lifetimePriceString is null before offerings loaded        00:03 +486: /Users/minhaj/Documents/MinhajSadik/Safora/test/core/services/subscription_service_test.dart: ... — Package lookup (before init) getPackage returns null for monthly when not initialized  00:03 +487: /Users/minhaj/Documents/MinhajSadik/Safora/test/core/services/subscription_service_test.dart: ... — Package lookup (before init) getPackage returns null for monthly when not initialized  00:03 +487: /Users/minhaj/Documents/MinhajSadik/Safora/test/core/services/subscription_service_test.dart: ... — Package lookup (before init) getPackage returns null for yearly when not initialized   00:03 +488: /Users/minhaj/Documents/MinhajSadik/Safora/test/core/services/subscription_service_test.dart: ... — Package lookup (before init) getPackage returns null for yearly when not initialized   00:03 +488: /Users/minhaj/Documents/MinhajSadik/Safora/test/core/services/subscription_service_test.dart: ... — Package lookup (before init) getPackage returns null for lifetime when not initialized 00:03 +489: /Users/minhaj/Documents/MinhajSadik/Safora/test/core/services/subscription_service_test.dart: ... — Package lookup (before init) getPackage returns null for lifetime when not initialized 00:03 +489: /Users/minhaj/Documents/MinhajSadik/Safora/test/core/services/subscription_service_test.dart: ... — Purchase methods (before init) purchaseMonthly returns false when no packages available00:03 +489: /Users/minhaj/Documents/MinhajSadik/Safora/test/core/services/subscription_service_test.dart: SubscriptionService — Purchase methods (before init) purchaseMonthly returns false when no packages available
[WARN] [Subscription] No monthly package available
00:03 +490: /Users/minhaj/Documents/MinhajSadik/Safora/test/core/services/subscription_service_test.dart: ... — Purchase methods (before init) purchaseMonthly returns false when no packages available00:03 +490: /Users/minhaj/Documents/MinhajSadik/Safora/test/core/services/subscription_service_test.dart: ... — Purchase methods (before init) purchaseYearly returns false when no packages available 00:03 +490: /Users/minhaj/Documents/MinhajSadik/Safora/test/core/services/subscription_service_test.dart: SubscriptionService — Purchase methods (before init) purchaseYearly returns false when no packages available
[WARN] [Subscription] No yearly package available
00:03 +491: /Users/minhaj/Documents/MinhajSadik/Safora/test/core/services/subscription_service_test.dart: ... — Purchase methods (before init) purchaseYearly returns false when no packages available 00:03 +491: /Users/minhaj/Documents/MinhajSadik/Safora/test/core/services/subscription_service_test.dart: ... Purchase methods (before init) purchaseLifetime returns false when no packages available 00:03 +491: /Users/minhaj/Documents/MinhajSadik/Safora/test/core/services/subscription_service_test.dart: SubscriptionService — Purchase methods (before init) purchaseLifetime returns false when no packages available
[WARN] [Subscription] No lifetime package available
00:03 +492: /Users/minhaj/Documents/MinhajSadik/Safora/test/core/services/subscription_service_test.dart: ... Purchase methods (before init) purchaseLifetime returns false when no packages available 00:03 +492: /Users/minhaj/Documents/MinhajSadik/Safora/test/core/services/subscription_service_test.dart: ... — Free/Pro model contract entitlement ID is consistent across code boundaries            00:03 +493: /Users/minhaj/Documents/MinhajSadik/Safora/test/core/services/subscription_service_test.dart: ... — Free/Pro model contract entitlement ID is consistent across code boundaries            00:03 +493: /Users/minhaj/Documents/MinhajSadik/Safora/test/core/services/subscription_service_test.dart: SubscriptionService — Free/Pro model contract product tiers cover all billing periods        00:03 +494: /Users/minhaj/Documents/MinhajSadik/Safora/test/core/services/subscription_service_test.dart: SubscriptionService — Free/Pro model contract product tiers cover all billing periods        00:03 +494: /Users/minhaj/Documents/MinhajSadik/Safora/test/core/services/subscription_service_test.dart: ... — Free/Pro model contract entitlement ID does not use old "pro" identifier               00:03 +495: /Users/minhaj/Documents/MinhajSadik/Safora/test/core/services/subscription_service_test.dart: ... — Free/Pro model contract entitlement ID does not use old "pro" identifier               00:03 +495: /Users/minhaj/Documents/MinhajSadik/Safora/test/core/services/subscription_service_test.dart: ... — Free/Pro model contract product IDs do not use old "safora_pro_monthly" pattern        00:03 +496: /Users/minhaj/Documents/MinhajSadik/Safora/test/core/services/subscription_service_test.dart: ... — Free/Pro model contract product IDs do not use old "safora_pro_monthly" pattern        00:03 +496: /Users/minhaj/Documents/MinhajSadik/Safora/test/core/services/subscription_service_test.dart: SubscriptionService — API surface validation instance exposes required config getters        00:03 +497: /Users/minhaj/Documents/MinhajSadik/Safora/test/core/services/subscription_service_test.dart: SubscriptionService — API surface validation instance exposes required config getters        00:03 +497: /Users/minhaj/Documents/MinhajSadik/Safora/test/core/services/subscription_service_test.dart: SubscriptionService — API surface validation instance exposes required state getters         00:03 +498: /Users/minhaj/Documents/MinhajSadik/Safora/test/core/services/subscription_service_test.dart: SubscriptionService — API surface validation instance exposes required state getters         00:03 +498: /Users/minhaj/Documents/MinhajSadik/Safora/test/core/services/subscription_service_test.dart: SubscriptionService — API surface validation instance exposes required price getters         00:03 +499: /Users/minhaj/Documents/MinhajSadik/Safora/test/core/services/subscription_service_test.dart: SubscriptionService — API surface validation instance exposes required price getters         00:03 +499: /Users/minhaj/Documents/MinhajSadik/Safora/test/core/services/subscription_service_test.dart: SubscriptionService — API surface validation purchase methods return Future<bool>            00:03 +499: /Users/minhaj/Documents/MinhajSadik/Safora/test/core/services/subscription_service_test.dart: SubscriptionService — API surface validation purchase methods return Future<bool>            
[WARN] [Subscription] No monthly package available
[WARN] [Subscription] No yearly package available
[WARN] [Subscription] No lifetime package available
00:03 +500: /Users/minhaj/Documents/MinhajSadik/Safora/test/core/services/subscription_service_test.dart: SubscriptionService — API surface validation purchase methods return Future<bool>            00:04 +500: /Users/minhaj/Documents/MinhajSadik/Safora/test/core/services/subscription_service_test.dart: SubscriptionService — API surface validation purchase methods return Future<bool>            00:04 +500: loading /Users/minhaj/Documents/MinhajSadik/Safora/test/core/services/consent_service_test.dart                                                                                            00:04 +500: /Users/minhaj/Documents/MinhajSadik/Safora/test/core/services/consent_service_test.dart: ConsentService Singleton instance is a singleton                                                  00:04 +501: /Users/minhaj/Documents/MinhajSadik/Safora/test/core/services/consent_service_test.dart: ConsentService Singleton instance is a singleton                                                  00:04 +501: /Users/minhaj/Documents/MinhajSadik/Safora/test/core/services/consent_service_test.dart: ConsentService Default State canRequestAds defaults to false before initialization                00:04 +502: /Users/minhaj/Documents/MinhajSadik/Safora/test/core/services/consent_service_test.dart: ConsentService Default State canRequestAds defaults to false before initialization                00:04 +502: loading /Users/minhaj/Documents/MinhajSadik/Safora/test/core/services/app_logger_test.dart                                                                                                 00:04 +502: /Users/minhaj/Documents/MinhajSadik/Safora/test/core/services/app_logger_test.dart: Real Validation — AppLogger error callback receives message, error, and stack                          00:04 +503: /Users/minhaj/Documents/MinhajSadik/Safora/test/core/services/app_logger_test.dart: Real Validation — AppLogger error callback receives message, error, and stack                          00:04 +504: /Users/minhaj/Documents/MinhajSadik/Safora/test/core/services/app_logger_test.dart: Real Validation — AppLogger error callback receives message, error, and stack                          00:04 +505: /Users/minhaj/Documents/MinhajSadik/Safora/test/core/services/app_logger_test.dart: Real Validation — AppLogger error callback receives message, error, and stack                          00:04 +505: /Users/minhaj/Documents/MinhajSadik/Safora/test/core/services/app_logger_test.dart: Real Validation — AppLogger error callback receives message, error, and stack                          
[ERROR] Payment failed: Exception: test crash
#0      main.<anonymous closure>.<anonymous closure> (file:///Users/minhaj/Documents/MinhajSadik/Safora/test/core/services/app_logger_test.dart:27:36)
#1      Declarer.test.<anonymous closure>.<anonymous closure> (package:test_api/src/backend/declarer.dart:253:25)
<asynchronous suspension>
#2      Declarer.test.<anonymous closure> (package:test_api/src/backend/declarer.dart:250:11)
<asynchronous suspension>
#3      Invoker._waitForOutstandingCallbacks.<anonymous closure> (package:test_api/src/backend/invoker.dart:318:9)
<asynchronous suspension>

00:04 +506: /Users/minhaj/Documents/MinhajSadik/Safora/test/core/services/app_logger_test.dart: Real Validation — AppLogger error callback receives message, error, and stack                          00:04 +506: /Users/minhaj/Documents/MinhajSadik/Safora/test/core/services/app_logger_test.dart: Real Validation — AppLogger error works without callback configured                                    00:04 +506: /Users/minhaj/Documents/MinhajSadik/Safora/test/core/services/app_logger_test.dart: Real Validation — AppLogger error works without callback configured                                    
[ERROR] no callback configured
00:04 +507: /Users/minhaj/Documents/MinhajSadik/Safora/test/core/services/app_logger_test.dart: Real Validation — AppLogger error works without callback configured                                    00:04 +507: /Users/minhaj/Documents/MinhajSadik/Safora/test/core/services/app_logger_test.dart: Real Validation — AppLogger warning does not trigger error callback                                    00:04 +507: /Users/minhaj/Documents/MinhajSadik/Safora/test/core/services/app_logger_test.dart: Real Validation — AppLogger warning does not trigger error callback                                    
[WARN] non-fatal warning
00:04 +508: /Users/minhaj/Documents/MinhajSadik/Safora/test/core/services/app_logger_test.dart: Real Validation — AppLogger warning does not trigger error callback                                    00:04 +508: /Users/minhaj/Documents/MinhajSadik/Safora/test/core/services/app_logger_test.dart: Real Validation — AppLogger handleFlutterError triggers flutter error callback                         00:04 +508: /Users/minhaj/Documents/MinhajSadik/Safora/test/core/services/app_logger_test.dart: Real Validation — AppLogger handleFlutterError triggers flutter error callback                         
[FlutterError] Exception: widget build error
No stack trace
00:04 +509: /Users/minhaj/Documents/MinhajSadik/Safora/test/core/services/app_logger_test.dart: Real Validation — AppLogger handleFlutterError triggers flutter error callback                         00:04 +509: /Users/minhaj/Documents/MinhajSadik/Safora/test/core/services/app_logger_test.dart: Real Validation — AppLogger handleUncaughtError delegates to error callback                            00:04 +509: /Users/minhaj/Documents/MinhajSadik/Safora/test/core/services/app_logger_test.dart: Real Validation — AppLogger handleUncaughtError delegates to error callback                            
[ERROR] Uncaught error: Bad state: async state error
#0      main.<anonymous closure>.<anonymous closure> (file:///Users/minhaj/Documents/MinhajSadik/Safora/test/core/services/app_logger_test.dart:89:55)
#1      Declarer.test.<anonymous closure>.<anonymous closure> (package:test_api/src/backend/declarer.dart:253:25)
<asynchronous suspension>
#2      Declarer.test.<anonymous closure> (package:test_api/src/backend/declarer.dart:250:11)
<asynchronous suspension>
#3      Invoker._waitForOutstandingCallbacks.<anonymous closure> (package:test_api/src/backend/invoker.dart:318:9)
<asynchronous suspension>

00:04 +510: /Users/minhaj/Documents/MinhajSadik/Safora/test/core/services/app_logger_test.dart: Real Validation — AppLogger handleUncaughtError delegates to error callback                            00:04 +510: /Users/minhaj/Documents/MinhajSadik/Safora/test/core/services/app_logger_test.dart: Real Validation — AppLogger configureCrashReporting can set both callbacks                             00:04 +511: /Users/minhaj/Documents/MinhajSadik/Safora/test/core/services/app_logger_test.dart: Real Validation — AppLogger configureCrashReporting can set both callbacks                             00:04 +511: /Users/minhaj/Documents/MinhajSadik/Safora/test/core/services/app_logger_test.dart: Real Validation — AppLogger info only runs in debug mode                                               00:04 +511: /Users/minhaj/Documents/MinhajSadik/Safora/test/core/services/app_logger_test.dart: Real Validation — AppLogger info only runs in debug mode                                               
[INFO] debug info
00:04 +512: /Users/minhaj/Documents/MinhajSadik/Safora/test/core/services/app_logger_test.dart: Real Validation — AppLogger info only runs in debug mode                                               00:04 +512: /Users/minhaj/Documents/MinhajSadik/Safora/test/core/services/app_logger_test.dart: Real Validation — Production Stub Verification AlertSounds.sirenSos references an actual file          00:04 +513: /Users/minhaj/Documents/MinhajSadik/Safora/test/core/services/app_logger_test.dart: Real Validation — Production Stub Verification AlertSounds.sirenSos references an actual file          00:04 +513: /Users/minhaj/Documents/MinhajSadik/Safora/test/core/services/app_logger_test.dart: Real Validation — Production Stub Verification AlertSounds.phoneRing references an actual file         00:04 +514: /Users/minhaj/Documents/MinhajSadik/Safora/test/core/services/location_service_test.dart: LocationService — State Management lastPosition is null initially                                00:04 +515: /Users/minhaj/Documents/MinhajSadik/Safora/test/core/services/location_service_test.dart: LocationService — State Management lastPosition is null initially                                00:04 +515: /Users/minhaj/Documents/MinhajSadik/Safora/test/core/services/location_service_test.dart: LocationService — generateMapsLink returns valid Google Maps URL with correct coordinates        00:04 +516: /Users/minhaj/Documents/MinhajSadik/Safora/test/core/services/location_service_test.dart: LocationService — generateMapsLink returns valid Google Maps URL with correct coordinates        00:04 +516: /Users/minhaj/Documents/MinhajSadik/Safora/test/core/services/location_service_test.dart: LocationService — generateMapsLink handles negative coordinates (southern/western hemisphere)    00:04 +517: /Users/minhaj/Documents/MinhajSadik/Safora/test/core/services/location_service_test.dart: LocationService — generateMapsLink handles negative coordinates (southern/western hemisphere)    00:04 +517: /Users/minhaj/Documents/MinhajSadik/Safora/test/core/services/location_service_test.dart: LocationService — generateMapsLink handles zero coordinates (null island)                        00:04 +518: /Users/minhaj/Documents/MinhajSadik/Safora/test/core/services/location_service_test.dart: LocationService — generateMapsLink handles zero coordinates (null island)                        00:04 +518: /Users/minhaj/Documents/MinhajSadik/Safora/test/core/services/location_service_test.dart: LocationService — generateMapsLink handles extreme coordinates (poles)                           00:04 +519: /Users/minhaj/Documents/MinhajSadik/Safora/test/core/services/location_service_test.dart: LocationService — generateMapsLink handles extreme coordinates (poles)                           00:04 +519: /Users/minhaj/Documents/MinhajSadik/Safora/test/core/services/location_service_test.dart: ... — buildLocationMessage returns "Location unavailable." when Geolocator is unavailable        00:04 +519: /Users/minhaj/Documents/MinhajSadik/Safora/test/core/services/location_service_test.dart: LocationService — buildLocationMessage returns "Location unavailable." when Geolocator is unavailable
[WARN] [Location] Permission check failed: MissingPluginException(No implementation found for method isLocationServiceEnabled on channel flutter.baseflow.com/geolocator)
00:04 +520: /Users/minhaj/Documents/MinhajSadik/Safora/test/core/services/location_service_test.dart: ... — buildLocationMessage returns "Location unavailable." when Geolocator is unavailable        00:04 +520: /Users/minhaj/Documents/MinhajSadik/Safora/test/core/services/location_service_test.dart: LocationService — ensurePermission returns false when Geolocator platform is unavailable         00:04 +520: /Users/minhaj/Documents/MinhajSadik/Safora/test/core/services/location_service_test.dart: LocationService — ensurePermission returns false when Geolocator platform is unavailable         
[WARN] [Location] Permission check failed: MissingPluginException(No implementation found for method isLocationServiceEnabled on channel flutter.baseflow.com/geolocator)
00:04 +521: /Users/minhaj/Documents/MinhajSadik/Safora/test/core/services/location_service_test.dart: LocationService — ensurePermission returns false when Geolocator platform is unavailable         00:04 +521: /Users/minhaj/Documents/MinhajSadik/Safora/test/core/services/location_service_test.dart: LocationService — getCurrentPosition returns null when Geolocator is unavailable                 00:04 +521: /Users/minhaj/Documents/MinhajSadik/Safora/test/core/services/location_service_test.dart: LocationService — getCurrentPosition returns null when Geolocator is unavailable                 
[WARN] [Location] Permission check failed: MissingPluginException(No implementation found for method isLocationServiceEnabled on channel flutter.baseflow.com/geolocator)
00:04 +522: /Users/minhaj/Documents/MinhajSadik/Safora/test/core/services/location_service_test.dart: LocationService — getCurrentPosition returns null when Geolocator is unavailable                 00:04 +522: loading /Users/minhaj/Documents/MinhajSadik/Safora/test/core/services/service_bootstrapper_test.dart                                                                                       00:04 +522: /Users/minhaj/Documents/MinhajSadik/Safora/test/core/services/service_bootstrapper_test.dart: ServiceBootstrapper is a static-only utility class with private constructor                  00:04 +523: /Users/minhaj/Documents/MinhajSadik/Safora/test/core/services/connectivity_service_test.dart: ConnectivityService Initial State isOnline defaults to true                                  00:04 +524: /Users/minhaj/Documents/MinhajSadik/Safora/test/core/services/service_bootstrapper_test.dart: ServiceBootstrapper Hive toggle key conventions reads shake_enabled toggle from Hive         00:04 +525: /Users/minhaj/Documents/MinhajSadik/Safora/test/core/services/service_bootstrapper_test.dart: ServiceBootstrapper Hive toggle key conventions reads shake_enabled toggle from Hive         00:04 +526: /Users/minhaj/Documents/MinhajSadik/Safora/test/core/services/service_bootstrapper_test.dart: ServiceBootstrapper Hive toggle key conventions reads shake_enabled toggle from Hive         00:04 +527: /Users/minhaj/Documents/MinhajSadik/Safora/test/core/services/service_bootstrapper_test.dart: ServiceBootstrapper Hive toggle key conventions reads shake_enabled toggle from Hive         00:04 +528: /Users/minhaj/Documents/MinhajSadik/Safora/test/core/services/service_bootstrapper_test.dart: ServiceBootstrapper Hive toggle key conventions reads shake_enabled toggle from Hive         00:04 +529: /Users/minhaj/Documents/MinhajSadik/Safora/test/core/services/service_bootstrapper_test.dart: ServiceBootstrapper Hive toggle key conventions reads shake_enabled toggle from Hive         00:04 +530: /Users/minhaj/Documents/MinhajSadik/Safora/test/integration/all_alert_types_integrity_test.dart: (setUpAll)                                                                                00:04 +531: /Users/minhaj/Documents/MinhajSadik/Safora/test/integration/all_alert_types_integrity_test.dart: (setUpAll)                                                                                00:04 +532: /Users/minhaj/Documents/MinhajSadik/Safora/test/integration/all_alert_types_integrity_test.dart: (setUpAll)                                                                                00:04 +533: /Users/minhaj/Documents/MinhajSadik/Safora/test/integration/all_alert_types_integrity_test.dart: (setUpAll)                                                                                00:04 +534: /Users/minhaj/Documents/MinhajSadik/Safora/test/integration/all_alert_types_integrity_test.dart: (setUpAll)                                                                                00:04 +534: /Users/minhaj/Documents/MinhajSadik/Safora/test/core/services/service_bootstrapper_test.dart: ServiceBootstrapper Hive toggle key conventions reads speed_alert_enabled toggle from Hive   00:04 +535: /Users/minhaj/Documents/MinhajSadik/Safora/test/integration/all_alert_types_integrity_test.dart: ... of All Alert Types (127) Ensures AlertType attributes map without throwing errors     00:04 +536: /Users/minhaj/Documents/MinhajSadik/Safora/test/integration/all_alert_types_integrity_test.dart: ... of All Alert Types (127) Ensures AlertType attributes map without throwing errors     00:04 +537: /Users/minhaj/Documents/MinhajSadik/Safora/test/integration/all_alert_types_integrity_test.dart: ... of All Alert Types (127) Ensures AlertType attributes map without throwing errors     00:04 +538: /Users/minhaj/Documents/MinhajSadik/Safora/test/integration/all_alert_types_integrity_test.dart: ... of All Alert Types (127) Ensures AlertType attributes map without throwing errors     00:04 +538: /Users/minhaj/Documents/MinhajSadik/Safora/test/integration/all_alert_types_integrity_test.dart: ... of All Alert Types (127) Ensures AlertSounds resolve properly for every type          00:04 +539: /Users/minhaj/Documents/MinhajSadik/Safora/test/core/services/notification_service_test.dart: NotificationService can be instantiated                                                      00:04 +540: /Users/minhaj/Documents/MinhajSadik/Safora/test/core/services/weather_feed_service_test.dart: WeatherFeedService isRunning is false initially                                              00:04 +541: /Users/minhaj/Documents/MinhajSadik/Safora/test/integration/all_alert_types_integrity_test.dart: ... of All Alert Types (127) Alert pipeline handles EVERY AlertType (127) safely          00:04 +542: /Users/minhaj/Documents/MinhajSadik/Safora/test/integration/all_alert_types_integrity_test.dart: ... of All Alert Types (127) Alert pipeline handles EVERY AlertType (127) safely          00:04 +543: /Users/minhaj/Documents/MinhajSadik/Safora/test/integration/all_alert_types_integrity_test.dart: ... of All Alert Types (127) Alert pipeline handles EVERY AlertType (127) safely          00:04 +544: /Users/minhaj/Documents/MinhajSadik/Safora/test/integration/all_alert_types_integrity_test.dart: ... of All Alert Types (127) Alert pipeline handles EVERY AlertType (127) safely          00:04 +544: /Users/minhaj/Documents/MinhajSadik/Safora/test/core/services/weather_feed_service_test.dart: WeatherFeedService start sets isRunning to true                                              
[INFO] [WeatherFeed] Started (interval: 60min)
[INFO] [WeatherFeed] Stopped
00:04 +545: /Users/minhaj/Documents/MinhajSadik/Safora/test/integration/all_alert_types_integrity_test.dart: ... of All Alert Types (127) Alert pipeline handles EVERY AlertType (127) safely          00:04 +545: /Users/minhaj/Documents/MinhajSadik/Safora/test/core/services/weather_feed_service_test.dart: WeatherFeedService start sets isRunning to true                                              
[WARN] [Location] Permission check failed: MissingPluginException(No implementation found for method isLocationServiceEnabled on channel flutter.baseflow.com/geolocator)
00:04 +545: /Users/minhaj/Documents/MinhajSadik/Safora/test/core/services/weather_feed_service_test.dart: WeatherFeedService stop sets isRunning to false                                              
[INFO] [WeatherFeed] Started (interval: 60min)
[INFO] [WeatherFeed] Stopped
00:04 +546: /Users/minhaj/Documents/MinhajSadik/Safora/test/integration/all_alert_types_integrity_test.dart: ... of All Alert Types (127) Alert pipeline handles EVERY AlertType (127) safely          00:04 +546: /Users/minhaj/Documents/MinhajSadik/Safora/test/core/services/weather_feed_service_test.dart: WeatherFeedService stop sets isRunning to false                                              
[WARN] [Location] Permission check failed: MissingPluginException(No implementation found for method isLocationServiceEnabled on channel flutter.baseflow.com/geolocator)
00:04 +547: /Users/minhaj/Documents/MinhajSadik/Safora/test/integration/all_alert_types_integrity_test.dart: ... of All Alert Types (127) Alert pipeline handles EVERY AlertType (127) safely          00:04 +547: /Users/minhaj/Documents/MinhajSadik/Safora/test/core/services/weather_feed_service_test.dart: WeatherFeedService start is idempotent (no-op if already running)                            00:04 +547: /Users/minhaj/Documents/MinhajSadik/Safora/test/core/services/weather_feed_service_test.dart: WeatherFeedService start is idempotent (no-op if already running)                            
[INFO] [WeatherFeed] Started (interval: 60min)
[INFO] [WeatherFeed] Stopped
00:04 +548: /Users/minhaj/Documents/MinhajSadik/Safora/test/integration/all_alert_types_integrity_test.dart: ... Types (127) Critical Priority directly calls notification (throttled across types)    00:04 +548: /Users/minhaj/Documents/MinhajSadik/Safora/test/core/services/weather_feed_service_test.dart: WeatherFeedService start is idempotent (no-op if already running)                            
[WARN] [Location] Permission check failed: MissingPluginException(No implementation found for method isLocationServiceEnabled on channel flutter.baseflow.com/geolocator)
00:04 +548: /Users/minhaj/Documents/MinhajSadik/Safora/test/core/services/weather_feed_service_test.dart: WeatherFeedService stop is idempotent (no-op if already stopped)                             
[INFO] [WeatherFeed] Stopped
00:04 +549: /Users/minhaj/Documents/MinhajSadik/Safora/test/integration/all_alert_types_integrity_test.dart: ... Types (127) Critical Priority directly calls notification (throttled across types)    00:04 +549: /Users/minhaj/Documents/MinhajSadik/Safora/test/core/services/weather_feed_service_test.dart: WeatherFeedService dispose stops the feed                                                    
[INFO] [WeatherFeed] Started (interval: 60min)
[INFO] [WeatherFeed] Stopped
00:04 +550: /Users/minhaj/Documents/MinhajSadik/Safora/test/integration/all_alert_types_integrity_test.dart: ... Types (127) Critical Priority directly calls notification (throttled across types)    00:04 +550: /Users/minhaj/Documents/MinhajSadik/Safora/test/core/services/weather_feed_service_test.dart: WeatherFeedService dispose stops the feed                                                    
[WARN] [Location] Permission check failed: MissingPluginException(No implementation found for method isLocationServiceEnabled on channel flutter.baseflow.com/geolocator)
00:04 +550: /Users/minhaj/Documents/MinhajSadik/Safora/test/core/services/weather_feed_service_test.dart: WeatherFeedService can restart after stop                                                    
[INFO] [WeatherFeed] Started (interval: 60min)
[INFO] [WeatherFeed] Stopped
[INFO] [WeatherFeed] Started (interval: 60min)
[INFO] [WeatherFeed] Stopped
00:04 +551: /Users/minhaj/Documents/MinhajSadik/Safora/test/integration/all_alert_types_integrity_test.dart: ... Types (127) Critical Priority directly calls notification (throttled across types)    00:04 +551: /Users/minhaj/Documents/MinhajSadik/Safora/test/core/services/weather_feed_service_test.dart: WeatherFeedService can restart after stop                                                    
[WARN] [Location] Permission check failed: MissingPluginException(No implementation found for method isLocationServiceEnabled on channel flutter.baseflow.com/geolocator)
[WARN] [Location] Permission check failed: MissingPluginException(No implementation found for method isLocationServiceEnabled on channel flutter.baseflow.com/geolocator)
00:04 +551: /Users/minhaj/Documents/MinhajSadik/Safora/test/core/services/weather_feed_service_test.dart: WeatherFeedService start with custom interval                                                
[INFO] [WeatherFeed] Started (interval: 10min)
[INFO] [WeatherFeed] Stopped
00:04 +552: /Users/minhaj/Documents/MinhajSadik/Safora/test/integration/all_alert_types_integrity_test.dart: ... Types (127) Critical Priority directly calls notification (throttled across types)    00:04 +553: /Users/minhaj/Documents/MinhajSadik/Safora/test/integration/all_alert_types_integrity_test.dart: ... Types (127) Critical Priority directly calls notification (throttled across types)    00:04 +553: /Users/minhaj/Documents/MinhajSadik/Safora/test/integration/all_alert_types_integrity_test.dart: (tearDownAll)                                                                             00:05 +553: /Users/minhaj/Documents/MinhajSadik/Safora/test/integration/all_alert_types_integrity_test.dart: (tearDownAll)                                                                             00:05 +553: loading /Users/minhaj/Documents/MinhajSadik/Safora/test/integration/sos_bloc_integration_test.dart                                                                                         00:05 +553: /Users/minhaj/Documents/MinhajSadik/Safora/test/integration/sos_bloc_integration_test.dart: SOS BLoC Integration — Pre-flight States startCountdown emits [SosPreparing, SosCountdown(30)] 00:05 +553: /Users/minhaj/Documents/MinhajSadik/Safora/test/integration/sos_bloc_integration_test.dart: SOS BLoC Integration — Pre-flight States startCountdown emits [SosPreparing, SosCountdown(30)] 
[INFO] [SOS] Pre-flight: GPS=false, Network=true, Contacts=2
[INFO] [SOS] No cached GPS — attempting quick fix...
00:05 +554: /Users/minhaj/Documents/MinhajSadik/Safora/test/integration/sos_bloc_integration_test.dart: SOS BLoC Integration — Pre-flight States startCountdown emits [SosPreparing, SosCountdown(30)] 00:05 +555: /Users/minhaj/Documents/MinhajSadik/Safora/test/integration/sos_bloc_integration_test.dart: SOS BLoC Integration — Pre-flight States startCountdown emits [SosPreparing, SosCountdown(30)] 00:05 +556: /Users/minhaj/Documents/MinhajSadik/Safora/test/integration/sos_bloc_integration_test.dart: SOS BLoC Integration — Pre-flight States startCountdown emits [SosPreparing, SosCountdown(30)] 00:05 +557: /Users/minhaj/Documents/MinhajSadik/Safora/test/integration/sos_bloc_integration_test.dart: SOS BLoC Integration — Pre-flight States startCountdown emits [SosPreparing, SosCountdown(30)] 00:05 +558: /Users/minhaj/Documents/MinhajSadik/Safora/test/integration/sos_bloc_integration_test.dart: SOS BLoC Integration — Pre-flight States startCountdown emits [SosPreparing, SosCountdown(30)] 00:05 +559: /Users/minhaj/Documents/MinhajSadik/Safora/test/integration/sos_bloc_integration_test.dart: SOS BLoC Integration — Pre-flight States startCountdown emits [SosPreparing, SosCountdown(30)] 00:05 +560: /Users/minhaj/Documents/MinhajSadik/Safora/test/integration/sos_bloc_integration_test.dart: SOS BLoC Integration — Pre-flight States startCountdown emits [SosPreparing, SosCountdown(30)] 00:05 +561: /Users/minhaj/Documents/MinhajSadik/Safora/test/integration/sos_bloc_integration_test.dart: SOS BLoC Integration — Pre-flight States startCountdown emits [SosPreparing, SosCountdown(30)] 00:05 +562: /Users/minhaj/Documents/MinhajSadik/Safora/test/integration/sos_bloc_integration_test.dart: SOS BLoC Integration — Pre-flight States startCountdown emits [SosPreparing, SosCountdown(30)] 00:05 +563: /Users/minhaj/Documents/MinhajSadik/Safora/test/integration/sos_bloc_integration_test.dart: SOS BLoC Integration — Pre-flight States startCountdown emits [SosPreparing, SosCountdown(30)] 00:05 +564: /Users/minhaj/Documents/MinhajSadik/Safora/test/integration/sos_bloc_integration_test.dart: SOS BLoC Integration — Pre-flight States startCountdown emits [SosPreparing, SosCountdown(30)] 00:05 +565: /Users/minhaj/Documents/MinhajSadik/Safora/test/integration/sos_bloc_integration_test.dart: SOS BLoC Integration — Pre-flight States startCountdown emits [SosPreparing, SosCountdown(30)] 00:05 +566: /Users/minhaj/Documents/MinhajSadik/Safora/test/integration/sos_bloc_integration_test.dart: SOS BLoC Integration — Pre-flight States startCountdown emits [SosPreparing, SosCountdown(30)] 00:05 +567: /Users/minhaj/Documents/MinhajSadik/Safora/test/integration/sos_bloc_integration_test.dart: SOS BLoC Integration — Pre-flight States startCountdown emits [SosPreparing, SosCountdown(30)] 00:05 +568: /Users/minhaj/Documents/MinhajSadik/Safora/test/integration/sos_bloc_integration_test.dart: SOS BLoC Integration — Pre-flight States startCountdown emits [SosPreparing, SosCountdown(30)] 00:05 +569: /Users/minhaj/Documents/MinhajSadik/Safora/test/integration/sos_bloc_integration_test.dart: SOS BLoC Integration — Pre-flight States startCountdown emits [SosPreparing, SosCountdown(30)] 00:05 +570: /Users/minhaj/Documents/MinhajSadik/Safora/test/integration/sos_bloc_integration_test.dart: SOS BLoC Integration — Pre-flight States startCountdown emits [SosPreparing, SosCountdown(30)] 00:05 +571: /Users/minhaj/Documents/MinhajSadik/Safora/test/integration/sos_bloc_integration_test.dart: SOS BLoC Integration — Pre-flight States startCountdown emits [SosPreparing, SosCountdown(30)] 00:05 +572: /Users/minhaj/Documents/MinhajSadik/Safora/test/integration/sos_bloc_integration_test.dart: SOS BLoC Integration — Pre-flight States startCountdown emits [SosPreparing, SosCountdown(30)] 00:05 +573: /Users/minhaj/Documents/MinhajSadik/Safora/test/integration/sos_bloc_integration_test.dart: SOS BLoC Integration — Pre-flight States startCountdown emits [SosPreparing, SosCountdown(30)] 00:05 +574: /Users/minhaj/Documents/MinhajSadik/Safora/test/integration/sos_bloc_integration_test.dart: SOS BLoC Integration — Pre-flight States startCountdown emits [SosPreparing, SosCountdown(30)] 00:05 +575: /Users/minhaj/Documents/MinhajSadik/Safora/test/integration/sos_bloc_integration_test.dart: SOS BLoC Integration — Pre-flight States startCountdown emits [SosPreparing, SosCountdown(30)] 00:05 +576: /Users/minhaj/Documents/MinhajSadik/Safora/test/integration/sos_bloc_integration_test.dart: SOS BLoC Integration — Pre-flight States startCountdown emits [SosPreparing, SosCountdown(30)] 00:05 +577: /Users/minhaj/Documents/MinhajSadik/Safora/test/integration/sos_bloc_integration_test.dart: SOS BLoC Integration — Pre-flight States startCountdown emits [SosPreparing, SosCountdown(30)] 00:05 +578: /Users/minhaj/Documents/MinhajSadik/Safora/test/integration/sos_bloc_integration_test.dart: SOS BLoC Integration — Pre-flight States startCountdown emits [SosPreparing, SosCountdown(30)] 00:05 +579: /Users/minhaj/Documents/MinhajSadik/Safora/test/integration/sos_bloc_integration_test.dart: SOS BLoC Integration — Pre-flight States startCountdown emits [SosPreparing, SosCountdown(30)] 00:05 +580: /Users/minhaj/Documents/MinhajSadik/Safora/test/integration/sos_bloc_integration_test.dart: SOS BLoC Integration — Pre-flight States startCountdown emits [SosPreparing, SosCountdown(30)] 00:05 +581: /Users/minhaj/Documents/MinhajSadik/Safora/test/integration/sos_bloc_integration_test.dart: SOS BLoC Integration — Pre-flight States startCountdown emits [SosPreparing, SosCountdown(30)] 00:05 +582: /Users/minhaj/Documents/MinhajSadik/Safora/test/integration/sos_bloc_integration_test.dart: SOS BLoC Integration — Pre-flight States startCountdown emits [SosPreparing, SosCountdown(30)] 00:05 +583: /Users/minhaj/Documents/MinhajSadik/Safora/test/integration/sos_bloc_integration_test.dart: SOS BLoC Integration — Pre-flight States startCountdown emits [SosPreparing, SosCountdown(30)] 00:05 +584: /Users/minhaj/Documents/MinhajSadik/Safora/test/integration/sos_bloc_integration_test.dart: SOS BLoC Integration — Pre-flight States startCountdown emits [SosPreparing, SosCountdown(30)] 00:05 +585: /Users/minhaj/Documents/MinhajSadik/Safora/test/integration/sos_bloc_integration_test.dart: SOS BLoC Integration — Pre-flight States startCountdown emits [SosPreparing, SosCountdown(30)] 00:05 +586: /Users/minhaj/Documents/MinhajSadik/Safora/test/integration/sos_bloc_integration_test.dart: SOS BLoC Integration — Pre-flight States startCountdown emits [SosPreparing, SosCountdown(30)] 00:05 +587: /Users/minhaj/Documents/MinhajSadik/Safora/test/integration/sos_bloc_integration_test.dart: SOS BLoC Integration — Pre-flight States startCountdown emits [SosPreparing, SosCountdown(30)] 00:05 +588: /Users/minhaj/Documents/MinhajSadik/Safora/test/integration/sos_bloc_integration_test.dart: SOS BLoC Integration — Pre-flight States startCountdown emits [SosPreparing, SosCountdown(30)] 00:05 +589: /Users/minhaj/Documents/MinhajSadik/Safora/test/integration/sos_bloc_integration_test.dart: SOS BLoC Integration — Pre-flight States startCountdown emits [SosPreparing, SosCountdown(30)] 00:05 +589: /Users/minhaj/Documents/MinhajSadik/Safora/test/integration/autonomous_risk_response_test.dart: Autonomous Risk Response Integration Test Given crash detection enabled, When severe car accident occurs and preferences allow, Then risk score is high, local alert added, and SOS countdown automatically starts
[INFO] [ServiceBootstrapper] Starting service re-hydration...
00:05 +590: /Users/minhaj/Documents/MinhajSadik/Safora/test/integration/sos_bloc_integration_test.dart: SOS BLoC Integration — Pre-flight States startCountdown emits [SosPreparing, SosCountdown(30)] 00:05 +591: /Users/minhaj/Documents/MinhajSadik/Safora/test/integration/sos_bloc_integration_test.dart: SOS BLoC Integration — Pre-flight States startCountdown emits [SosPreparing, SosCountdown(30)] 00:05 +591: /Users/minhaj/Documents/MinhajSadik/Safora/test/integration/autonomous_risk_response_test.dart: Autonomous Risk Response Integration Test Given crash detection enabled, When severe car accident occurs and preferences allow, Then risk score is high, local alert added, and SOS countdown automatically starts
[WARN] [ServiceBootstrapper] Direct Seeding failed: type 'Null' is not a subtype of type 'Future<void>'
00:05 +591: /Users/minhaj/Documents/MinhajSadik/Safora/test/integration/sos_bloc_integration_test.dart: SOS BLoC Integration — Pre-flight States startCountdown emits [SosPreparing, SosCountdown(30)] 00:05 +591: /Users/minhaj/Documents/MinhajSadik/Safora/test/integration/autonomous_risk_response_test.dart: Autonomous Risk Response Integration Test Given crash detection enabled, When severe car accident occurs and preferences allow, Then risk score is high, local alert added, and SOS countdown automatically starts
[INFO] [ServiceBootstrapper] ConnectivityService started
[INFO] [ServiceBootstrapper] SosContactAlertListener started
[INFO] [ServiceBootstrapper] Disabled stale crash_fall_enabled for Free tier
00:05 +592: /Users/minhaj/Documents/MinhajSadik/Safora/test/integration/sos_bloc_integration_test.dart: SOS BLoC Integration — Pre-flight States startCountdown emits [SosPreparing, SosCountdown(30)] 00:05 +592: /Users/minhaj/Documents/MinhajSadik/Safora/test/integration/autonomous_risk_response_test.dart: Autonomous Risk Response Integration Test Given crash detection enabled, When severe car accident occurs and preferences allow, Then risk score is high, local alert added, and SOS countdown automatically starts
[INFO] [ServiceBootstrapper] CrashFallDetection re-hydrated
[INFO] [ServiceBootstrapper] BatteryMonitor started
[INFO] [ServiceBootstrapper] ForegroundService started
[INFO] [ServiceBootstrapper] Re-hydration complete. 1 service(s) restored.
00:05 +592: /Users/minhaj/Documents/MinhajSadik/Safora/test/integration/sos_bloc_integration_test.dart: SOS BLoC Integration — Pre-flight States startCountdown emits [SosPreparing, SosCountdown(30)] 00:05 +592: /Users/minhaj/Documents/MinhajSadik/Safora/test/integration/autonomous_risk_response_test.dart: Autonomous Risk Response Integration Test Given crash detection enabled, When severe car accident occurs and preferences allow, Then risk score is high, local alert added, and SOS countdown automatically starts
[INFO] [ServiceBootstrapper] Crash/Fall alert received
00:05 +593: /Users/minhaj/Documents/MinhajSadik/Safora/test/integration/sos_bloc_integration_test.dart: SOS BLoC Integration — Pre-flight States startCountdown emits [SosPreparing, SosCountdown(30)] 00:05 +594: /Users/minhaj/Documents/MinhajSadik/Safora/test/integration/sos_bloc_integration_test.dart: SOS BLoC Integration — Pre-flight States startCountdown emits [SosPreparing, SosCountdown(30)] 00:05 +595: /Users/minhaj/Documents/MinhajSadik/Safora/test/integration/sos_bloc_integration_test.dart: SOS BLoC Integration — Pre-flight States startCountdown emits [SosPreparing, SosCountdown(30)] 00:05 +596: /Users/minhaj/Documents/MinhajSadik/Safora/test/integration/sos_bloc_integration_test.dart: SOS BLoC Integration — Pre-flight States startCountdown emits [SosPreparing, SosCountdown(30)] 00:05 +597: /Users/minhaj/Documents/MinhajSadik/Safora/test/integration/sos_bloc_integration_test.dart: SOS BLoC Integration — Pre-flight States startCountdown emits [SosPreparing, SosCountdown(30)] 00:05 +598: /Users/minhaj/Documents/MinhajSadik/Safora/test/integration/sos_bloc_integration_test.dart: SOS BLoC Integration — Pre-flight States startCountdown emits [SosPreparing, SosCountdown(30)] 00:05 +599: /Users/minhaj/Documents/MinhajSadik/Safora/test/integration/sos_bloc_integration_test.dart: SOS BLoC Integration — Pre-flight States startCountdown emits [SosPreparing, SosCountdown(30)] 00:05 +600: /Users/minhaj/Documents/MinhajSadik/Safora/test/integration/sos_bloc_integration_test.dart: SOS BLoC Integration — Pre-flight States startCountdown emits [SosPreparing, SosCountdown(30)] 00:05 +601: /Users/minhaj/Documents/MinhajSadik/Safora/test/integration/sos_bloc_integration_test.dart: SOS BLoC Integration — Pre-flight States startCountdown emits [SosPreparing, SosCountdown(30)] 00:05 +602: /Users/minhaj/Documents/MinhajSadik/Safora/test/integration/sos_bloc_integration_test.dart: SOS BLoC Integration — Pre-flight States startCountdown emits [SosPreparing, SosCountdown(30)] 00:05 +603: /Users/minhaj/Documents/MinhajSadik/Safora/test/integration/sos_bloc_integration_test.dart: SOS BLoC Integration — Pre-flight States startCountdown emits [SosPreparing, SosCountdown(30)] 00:05 +603: /Users/minhaj/Documents/MinhajSadik/Safora/test/integration/shake_sos_integration_test.dart: Foreground Shake SOS — Full Wiring Chain GIVEN shake enabled, WHEN shake fires (3 threshold crossings), THEN SosCubit.startCountdown() is called — confidenceLevel=1.0 → score=88≥80
[INFO] [ServiceBootstrapper] Starting service re-hydration...
00:05 +603: /Users/minhaj/Documents/MinhajSadik/Safora/test/integration/sos_bloc_integration_test.dart: SOS BLoC Integration — Pre-flight States startCountdown emits [SosPreparing, SosCountdown(30)] 00:05 +603: /Users/minhaj/Documents/MinhajSadik/Safora/test/integration/sos_notification_integration_test.dart: SOS Notification Lifecycle Integration showSosNotification is called when SOS executed via usecase
[WARN] [SOS] Auto-call failed: Binding has not yet been initialized.
00:05 +603: /Users/minhaj/Documents/MinhajSadik/Safora/test/integration/shake_sos_integration_test.dart: Foreground Shake SOS — Full Wiring Chain GIVEN shake enabled, WHEN shake fires (3 threshold crossings), THEN SosCubit.startCountdown() is called — confidenceLevel=1.0 → score=88≥80
[WARN] [ServiceBootstrapper] Direct Seeding failed: Bad state: GetIt: Object/factory with type AuthService is not registered inside GetIt. 
(Did you accidentally do GetIt sl=GetIt.instance(); instead of GetIt sl=GetIt.instance;
Did you forget to register it?)
00:05 +603: /Users/minhaj/Documents/MinhajSadik/Safora/test/integration/sos_notification_integration_test.dart: SOS Notification Lifecycle Integration showSosNotification is called when SOS executed via usecase
The "instance" getter on the ServicesBinding binding mixin is only available once that binding has been initialized.
Typically, this is done by calling "WidgetsFlutterBinding.ensureInitialized()" or "runApp()" (the latter calls the former). Typically this call is done in the "void main()" method. The "ensureInitialized" method is idempotent; calling it multiple times is not harmful. After calling that method, the "instance" getter will return the binding.
In a test, one can call "TestWidgetsFlutterBinding.ensureInitialized()" as the first line in the test's "main()" method to initialize the binding.
If ServicesBinding is a custom binding mixin, there must also be a custom binding class, like WidgetsFlutterBinding, but that mixes in the selected binding, and that is the class that must be constructed before using the "instance" getter.
00:05 +603: /Users/minhaj/Documents/MinhajSadik/Safora/test/integration/shake_sos_integration_test.dart: Foreground Shake SOS — Full Wiring Chain GIVEN shake enabled, WHEN shake fires (3 threshold crossings), THEN SosCubit.startCountdown() is called — confidenceLevel=1.0 → score=88≥80
[INFO] [ServiceBootstrapper] ConnectivityService started
[INFO] [ServiceBootstrapper] SosContactAlertListener started
[INFO] [ServiceBootstrapper] ShakeDetection re-hydrated
[INFO] [ServiceBootstrapper] BatteryMonitor started
[INFO] [ServiceBootstrapper] ForegroundService started
[INFO] [ServiceBootstrapper] Re-hydration complete. 1 service(s) restored.
00:05 +604: /Users/minhaj/Documents/MinhajSadik/Safora/test/integration/sos_bloc_integration_test.dart: SOS BLoC Integration — Pre-flight States startCountdown emits [SosPreparing, SosCountdown(30)] 00:05 +605: /Users/minhaj/Documents/MinhajSadik/Safora/test/integration/sos_bloc_integration_test.dart: SOS BLoC Integration — Pre-flight States startCountdown emits [SosPreparing, SosCountdown(30)] 00:05 +606: /Users/minhaj/Documents/MinhajSadik/Safora/test/integration/autonomous_risk_response_test.dart: ... Then risk score is high, local alert added, and SOS countdown automatically starts     00:05 +606: /Users/minhaj/Documents/MinhajSadik/Safora/test/integration/sos_bloc_integration_test.dart: SOS BLoC Integration — Pre-flight States startCountdown when no contacts → SosPreflightFailed(noContacts)
[INFO] [SOS] Pre-flight: GPS=false, Network=true, Contacts=0
00:05 +607: /Users/minhaj/Documents/MinhajSadik/Safora/test/integration/autonomous_risk_response_test.dart: ... Then risk score is high, local alert added, and SOS countdown automatically starts     00:05 +607: /Users/minhaj/Documents/MinhajSadik/Safora/test/integration/shake_sos_integration_test.dart: Foreground Shake SOS — Full Wiring Chain GIVEN shake fires, WHEN callback runs, THEN AlertsCubit.addLocalAlert() receives event with confidenceLevel=1.0 and isUserTriggered=true
[INFO] [ServiceBootstrapper] Starting service re-hydration...
[WARN] [ServiceBootstrapper] Direct Seeding failed: Bad state: GetIt: Object/factory with type AuthService is not registered inside GetIt. 
(Did you accidentally do GetIt sl=GetIt.instance(); instead of GetIt sl=GetIt.instance;
Did you forget to register it?)
[INFO] [ServiceBootstrapper] ConnectivityService started
[INFO] [ServiceBootstrapper] SosContactAlertListener started
[INFO] [ServiceBootstrapper] ShakeDetection re-hydrated
[INFO] [ServiceBootstrapper] BatteryMonitor started
[INFO] [ServiceBootstrapper] ForegroundService started
[INFO] [ServiceBootstrapper] Re-hydration complete. 1 service(s) restored.
00:05 +608: /Users/minhaj/Documents/MinhajSadik/Safora/test/integration/sos_bloc_integration_test.dart: ... — Pre-flight States startCountdown when no contacts → SosPreflightFailed(noContacts)       00:05 +608: /Users/minhaj/Documents/MinhajSadik/Safora/test/integration/autonomous_risk_response_test.dart: Autonomous Risk Response Integration Test Given crash detection enabled, When severe accident occurs but user DISABLED this specific alert type in preferences, Then local alert is saved for history, but SOS countdown does NOT start
[INFO] [ServiceBootstrapper] Starting service re-hydration...
[WARN] [ServiceBootstrapper] Direct Seeding failed: type 'Null' is not a subtype of type 'Future<void>'
[INFO] [ServiceBootstrapper] ConnectivityService started
[INFO] [ServiceBootstrapper] SosContactAlertListener started
[INFO] [ServiceBootstrapper] Disabled stale crash_fall_enabled for Free tier
[INFO] [ServiceBootstrapper] CrashFallDetection re-hydrated
[INFO] [ServiceBootstrapper] BatteryMonitor started
[INFO] [ServiceBootstrapper] ForegroundService started
[INFO] [ServiceBootstrapper] Re-hydration complete. 1 service(s) restored.
[INFO] [ServiceBootstrapper] Crash/Fall alert received
00:05 +609: /Users/minhaj/Documents/MinhajSadik/Safora/test/integration/sos_bloc_integration_test.dart: ... — Pre-flight States startCountdown when no contacts → SosPreflightFailed(noContacts)       00:05 +609: /Users/minhaj/Documents/MinhajSadik/Safora/test/integration/shake_sos_integration_test.dart: Foreground Shake SOS — Full Wiring Chain GIVEN shake fires but AlertPreferences disables shakeSos, THEN SosCubit.startCountdown() is NOT called
[INFO] [ServiceBootstrapper] Starting service re-hydration...
[WARN] [ServiceBootstrapper] Direct Seeding failed: Bad state: GetIt: Object/factory with type AuthService is not registered inside GetIt. 
(Did you accidentally do GetIt sl=GetIt.instance(); instead of GetIt sl=GetIt.instance;
Did you forget to register it?)
[INFO] [ServiceBootstrapper] ConnectivityService started
[INFO] [ServiceBootstrapper] SosContactAlertListener started
[INFO] [ServiceBootstrapper] ShakeDetection re-hydrated
[INFO] [ServiceBootstrapper] BatteryMonitor started
[INFO] [ServiceBootstrapper] ForegroundService started
[INFO] [ServiceBootstrapper] Re-hydration complete. 1 service(s) restored.
00:05 +610: /Users/minhaj/Documents/MinhajSadik/Safora/test/integration/sos_bloc_integration_test.dart: ... — Pre-flight States startCountdown when no contacts → SosPreflightFailed(noContacts)       00:05 +610: /Users/minhaj/Documents/MinhajSadik/Safora/test/integration/shake_sos_integration_test.dart: Foreground Shake SOS — Full Wiring Chain GIVEN shake disabled in settings, WHEN shake fires, THEN SosCubit.startCountdown() is NEVER called
[INFO] [ServiceBootstrapper] Starting service re-hydration...
[WARN] [ServiceBootstrapper] Direct Seeding failed: Bad state: GetIt: Object/factory with type AuthService is not registered inside GetIt. 
(Did you accidentally do GetIt sl=GetIt.instance(); instead of GetIt sl=GetIt.instance;
Did you forget to register it?)
[INFO] [ServiceBootstrapper] ConnectivityService started
[INFO] [ServiceBootstrapper] SosContactAlertListener started
[INFO] [ServiceBootstrapper] BatteryMonitor started
[INFO] [ServiceBootstrapper] Re-hydration complete. 0 service(s) restored.
00:05 +611: /Users/minhaj/Documents/MinhajSadik/Safora/test/integration/sos_bloc_integration_test.dart: ... — Pre-flight States startCountdown when no contacts → SosPreflightFailed(noContacts)       00:05 +611: /Users/minhaj/Documents/MinhajSadik/Safora/test/integration/autonomous_risk_response_test.dart: Autonomous Risk Response Integration Test Given crash detection enabled, When minor bump occurs (low risk score), Then local alert is saved, but SOS countdown does NOT start
[INFO] [ServiceBootstrapper] Starting service re-hydration...
[WARN] [ServiceBootstrapper] Direct Seeding failed: type 'Null' is not a subtype of type 'Future<void>'
[INFO] [ServiceBootstrapper] ConnectivityService started
[INFO] [ServiceBootstrapper] SosContactAlertListener started
[INFO] [ServiceBootstrapper] Disabled stale crash_fall_enabled for Free tier
[INFO] [ServiceBootstrapper] CrashFallDetection re-hydrated
[INFO] [ServiceBootstrapper] BatteryMonitor started
[INFO] [ServiceBootstrapper] ForegroundService started
[INFO] [ServiceBootstrapper] Re-hydration complete. 1 service(s) restored.
00:05 +612: /Users/minhaj/Documents/MinhajSadik/Safora/test/integration/shake_sos_integration_test.dart: ... disabled in settings, WHEN shake fires, THEN SosCubit.startCountdown() is NEVER called    00:05 +612: /Users/minhaj/Documents/MinhajSadik/Safora/test/integration/autonomous_risk_response_test.dart: Autonomous Risk Response Integration Test Given crash detection enabled, When minor bump occurs (low risk score), Then local alert is saved, but SOS countdown does NOT start
[INFO] [ServiceBootstrapper] Crash/Fall alert received
00:05 +612: /Users/minhaj/Documents/MinhajSadik/Safora/test/integration/sos_bloc_integration_test.dart: SOS BLoC Integration — Pre-flight States startCountdown is idempotent when already in countdown
[INFO] [SOS] Pre-flight: GPS=false, Network=true, Contacts=2
[INFO] [SOS] No cached GPS — attempting quick fix...
00:05 +613: /Users/minhaj/Documents/MinhajSadik/Safora/test/integration/autonomous_risk_response_test.dart: ... occurs (low risk score), Then local alert is saved, but SOS countdown does NOT start   00:05 +613: /Users/minhaj/Documents/MinhajSadik/Safora/test/integration/shake_sos_integration_test.dart: Foreground Shake SOS — Full Wiring Chain GIVEN shake fires twice rapidly (buffer cleared between triggers), THEN SosCubit.startCountdown() is called twice — one call per shake trigger (no built-in cooldown)
[INFO] [ServiceBootstrapper] Starting service re-hydration...
[WARN] [ServiceBootstrapper] Direct Seeding failed: Bad state: GetIt: Object/factory with type AuthService is not registered inside GetIt. 
(Did you accidentally do GetIt sl=GetIt.instance(); instead of GetIt sl=GetIt.instance;
Did you forget to register it?)
[INFO] [ServiceBootstrapper] ConnectivityService started
[INFO] [ServiceBootstrapper] SosContactAlertListener started
[INFO] [ServiceBootstrapper] ShakeDetection re-hydrated
[INFO] [ServiceBootstrapper] BatteryMonitor started
[INFO] [ServiceBootstrapper] ForegroundService started
[INFO] [ServiceBootstrapper] Re-hydration complete. 1 service(s) restored.
00:05 +614: /Users/minhaj/Documents/MinhajSadik/Safora/test/integration/autonomous_risk_response_test.dart: ... occurs (low risk score), Then local alert is saved, but SOS countdown does NOT start   00:05 +615: /Users/minhaj/Documents/MinhajSadik/Safora/test/integration/autonomous_risk_response_test.dart: ... occurs (low risk score), Then local alert is saved, but SOS countdown does NOT start   00:05 +616: /Users/minhaj/Documents/MinhajSadik/Safora/test/integration/autonomous_risk_response_test.dart: ... occurs (low risk score), Then local alert is saved, but SOS countdown does NOT start   00:05 +616: /Users/minhaj/Documents/MinhajSadik/Safora/test/integration/shake_sos_integration_test.dart: Background Shake SOS — Direct Execute GIVEN shake fires in background, THEN TriggerSosUseCase.execute() is called with contacts and triggerType="shake_background"
[INFO] [ServiceBootstrapper] Starting background re-hydration...
[INFO] [ServiceBootstrapper] BG Shake detected → triggering SOS directly
[INFO] [ServiceBootstrapper] BG SOS triggered for 1 contact(s)
00:05 +617: /Users/minhaj/Documents/MinhajSadik/Safora/test/integration/sos_bloc_integration_test.dart: SOS BLoC Integration — Pre-flight States startCountdown is idempotent when already in countdown00:05 +618: /Users/minhaj/Documents/MinhajSadik/Safora/test/integration/sos_bloc_integration_test.dart: SOS BLoC Integration — Pre-flight States startCountdown is idempotent when already in countdown00:05 +618: /Users/minhaj/Documents/MinhajSadik/Safora/test/integration/shake_sos_integration_test.dart: Background Shake SOS — Direct Execute GIVEN shake fires in background but no contacts, THEN TriggerSosUseCase.execute() is NOT called
[INFO] [ServiceBootstrapper] Starting background re-hydration...
[INFO] [ServiceBootstrapper] BG Shake detected → triggering SOS directly
[WARN] [ServiceBootstrapper] BG Shake: no emergency contacts found
00:05 +619: /Users/minhaj/Documents/MinhajSadik/Safora/test/integration/sos_bloc_integration_test.dart: SOS BLoC Integration — Pre-flight States startCountdown is idempotent when already in countdown00:05 +619: /Users/minhaj/Documents/MinhajSadik/Safora/test/integration/shake_sos_integration_test.dart: Background Shake SOS — Direct Execute GIVEN shake fires in background, THEN SosCubit.startCountdown() is NOT called (SosCubit is UI-bound, unavailable in background isolate)
[INFO] [ServiceBootstrapper] Starting background re-hydration...
[INFO] [ServiceBootstrapper] BG Shake detected → triggering SOS directly
[INFO] [ServiceBootstrapper] BG SOS triggered for 1 contact(s)
00:05 +620: /Users/minhaj/Documents/MinhajSadik/Safora/test/integration/sos_bloc_integration_test.dart: SOS BLoC Integration — Pre-flight States startCountdown is idempotent when already in countdown00:05 +621: /Users/minhaj/Documents/MinhajSadik/Safora/test/models/alert_event_test.dart: AlertEvent.fromMap parses all fields correctly                                                               00:05 +621: /Users/minhaj/Documents/MinhajSadik/Safora/test/integration/sos_bloc_integration_test.dart: SOS BLoC Integration — Cancel Flow cancelCountdown before expiry prevents SMS delivery         
[INFO] [SOS] Pre-flight: GPS=false, Network=true, Contacts=2
[INFO] [SOS] No cached GPS — attempting quick fix...
00:05 +622: /Users/minhaj/Documents/MinhajSadik/Safora/test/integration/sos_bloc_integration_test.dart: SOS BLoC Integration — Cancel Flow cancelCountdown before expiry prevents SMS delivery         00:05 +623: /Users/minhaj/Documents/MinhajSadik/Safora/test/integration/sos_bloc_integration_test.dart: SOS BLoC Integration — Cancel Flow cancelCountdown before expiry prevents SMS delivery         00:05 +624: /Users/minhaj/Documents/MinhajSadik/Safora/test/integration/sos_bloc_integration_test.dart: SOS BLoC Integration — Cancel Flow cancelCountdown before expiry prevents SMS delivery         00:05 +625: /Users/minhaj/Documents/MinhajSadik/Safora/test/integration/sos_bloc_integration_test.dart: SOS BLoC Integration — Cancel Flow cancelCountdown before expiry prevents SMS delivery         00:05 +626: /Users/minhaj/Documents/MinhajSadik/Safora/test/integration/sos_bloc_integration_test.dart: SOS BLoC Integration — Cancel Flow cancelCountdown before expiry prevents SMS delivery         00:05 +627: /Users/minhaj/Documents/MinhajSadik/Safora/test/integration/sos_bloc_integration_test.dart: SOS BLoC Integration — Cancel Flow cancelCountdown before expiry prevents SMS delivery         00:05 +628: /Users/minhaj/Documents/MinhajSadik/Safora/test/integration/sos_bloc_integration_test.dart: SOS BLoC Integration — Cancel Flow cancelCountdown before expiry prevents SMS delivery         00:05 +629: /Users/minhaj/Documents/MinhajSadik/Safora/test/integration/sos_bloc_integration_test.dart: SOS BLoC Integration — Cancel Flow cancelCountdown before expiry prevents SMS delivery         00:05 +630: /Users/minhaj/Documents/MinhajSadik/Safora/test/integration/sos_bloc_integration_test.dart: SOS BLoC Integration — Cancel Flow cancelCountdown before expiry prevents SMS delivery         00:05 +631: /Users/minhaj/Documents/MinhajSadik/Safora/test/integration/sos_bloc_integration_test.dart: SOS BLoC Integration — Cancel Flow cancelCountdown before expiry prevents SMS delivery         00:05 +632: /Users/minhaj/Documents/MinhajSadik/Safora/test/integration/sos_bloc_integration_test.dart: SOS BLoC Integration — Cancel Flow cancelCountdown before expiry prevents SMS delivery         00:05 +633: /Users/minhaj/Documents/MinhajSadik/Safora/test/integration/sos_bloc_integration_test.dart: SOS BLoC Integration — Cancel Flow cancelCountdown before expiry prevents SMS delivery         00:06 +633: /Users/minhaj/Documents/MinhajSadik/Safora/test/integration/sos_bloc_integration_test.dart: SOS BLoC Integration — Cancel Flow cancelCountdown before expiry prevents SMS delivery         00:06 +634: /Users/minhaj/Documents/MinhajSadik/Safora/test/integration/sos_bloc_integration_test.dart: SOS BLoC Integration — Cancel Flow cancelCountdown before expiry prevents SMS delivery         00:06 +634: /Users/minhaj/Documents/MinhajSadik/Safora/test/integration/sos_bloc_integration_test.dart: SOS BLoC Integration — Cancel Flow cancelCountdown logs a cancelled SOS history entry          00:06 +634: /Users/minhaj/Documents/MinhajSadik/Safora/test/integration/sos_bloc_integration_test.dart: SOS BLoC Integration — Cancel Flow cancelCountdown logs a cancelled SOS history entry          
[INFO] [SOS] Pre-flight: GPS=false, Network=true, Contacts=2
[INFO] [SOS] No cached GPS — attempting quick fix...
00:06 +635: /Users/minhaj/Documents/MinhajSadik/Safora/test/integration/sos_bloc_integration_test.dart: SOS BLoC Integration — Cancel Flow cancelCountdown logs a cancelled SOS history entry          00:06 +636: /Users/minhaj/Documents/MinhajSadik/Safora/test/integration/sos_bloc_integration_test.dart: SOS BLoC Integration — Cancel Flow cancelCountdown logs a cancelled SOS history entry          00:06 +637: /Users/minhaj/Documents/MinhajSadik/Safora/test/integration/sos_bloc_integration_test.dart: SOS BLoC Integration — Cancel Flow cancelCountdown logs a cancelled SOS history entry          00:06 +638: /Users/minhaj/Documents/MinhajSadik/Safora/test/integration/sos_bloc_integration_test.dart: SOS BLoC Integration — Cancel Flow cancelCountdown logs a cancelled SOS history entry          00:06 +639: /Users/minhaj/Documents/MinhajSadik/Safora/test/integration/sos_bloc_integration_test.dart: SOS BLoC Integration — Cancel Flow cancelCountdown logs a cancelled SOS history entry          00:06 +640: /Users/minhaj/Documents/MinhajSadik/Safora/test/integration/sos_bloc_integration_test.dart: SOS BLoC Integration — Cancel Flow cancelCountdown logs a cancelled SOS history entry          00:06 +641: /Users/minhaj/Documents/MinhajSadik/Safora/test/integration/sos_bloc_integration_test.dart: SOS BLoC Integration — Cancel Flow cancelCountdown logs a cancelled SOS history entry          00:06 +642: /Users/minhaj/Documents/MinhajSadik/Safora/test/integration/sos_bloc_integration_test.dart: SOS BLoC Integration — Cancel Flow cancelCountdown logs a cancelled SOS history entry          00:06 +643: /Users/minhaj/Documents/MinhajSadik/Safora/test/integration/sos_bloc_integration_test.dart: SOS BLoC Integration — Cancel Flow cancelCountdown logs a cancelled SOS history entry          00:06 +644: /Users/minhaj/Documents/MinhajSadik/Safora/test/integration/sos_bloc_integration_test.dart: SOS BLoC Integration — Cancel Flow cancelCountdown logs a cancelled SOS history entry          00:06 +645: /Users/minhaj/Documents/MinhajSadik/Safora/test/integration/sos_bloc_integration_test.dart: SOS BLoC Integration — Cancel Flow cancelCountdown logs a cancelled SOS history entry          00:06 +646: /Users/minhaj/Documents/MinhajSadik/Safora/test/integration/sos_bloc_integration_test.dart: SOS BLoC Integration — Cancel Flow cancelCountdown logs a cancelled SOS history entry          00:06 +647: /Users/minhaj/Documents/MinhajSadik/Safora/test/integration/sos_bloc_integration_test.dart: SOS BLoC Integration — Cancel Flow cancelCountdown logs a cancelled SOS history entry          00:06 +648: /Users/minhaj/Documents/MinhajSadik/Safora/test/integration/sos_bloc_integration_test.dart: SOS BLoC Integration — Cancel Flow cancelCountdown logs a cancelled SOS history entry          00:06 +649: /Users/minhaj/Documents/MinhajSadik/Safora/test/integration/sos_bloc_integration_test.dart: SOS BLoC Integration — Cancel Flow cancelCountdown logs a cancelled SOS history entry          00:06 +650: /Users/minhaj/Documents/MinhajSadik/Safora/test/integration/sos_bloc_integration_test.dart: SOS BLoC Integration — Cancel Flow cancelCountdown logs a cancelled SOS history entry          00:06 +651: /Users/minhaj/Documents/MinhajSadik/Safora/test/integration/sos_bloc_integration_test.dart: SOS BLoC Integration — Cancel Flow cancelCountdown logs a cancelled SOS history entry          00:06 +652: /Users/minhaj/Documents/MinhajSadik/Safora/test/integration/sos_bloc_integration_test.dart: SOS BLoC Integration — Cancel Flow cancelCountdown logs a cancelled SOS history entry          00:06 +653: /Users/minhaj/Documents/MinhajSadik/Safora/test/integration/sos_bloc_integration_test.dart: SOS BLoC Integration — Cancel Flow cancelCountdown logs a cancelled SOS history entry          00:06 +654: /Users/minhaj/Documents/MinhajSadik/Safora/test/integration/sos_bloc_integration_test.dart: SOS BLoC Integration — Cancel Flow cancelCountdown logs a cancelled SOS history entry          00:06 +655: /Users/minhaj/Documents/MinhajSadik/Safora/test/integration/sos_bloc_integration_test.dart: SOS BLoC Integration — Cancel Flow cancelCountdown logs a cancelled SOS history entry          00:06 +656: /Users/minhaj/Documents/MinhajSadik/Safora/test/integration/sos_bloc_integration_test.dart: SOS BLoC Integration — Cancel Flow cancelCountdown logs a cancelled SOS history entry          00:06 +657: /Users/minhaj/Documents/MinhajSadik/Safora/test/integration/sos_bloc_integration_test.dart: SOS BLoC Integration — Cancel Flow cancelCountdown logs a cancelled SOS history entry          00:06 +658: /Users/minhaj/Documents/MinhajSadik/Safora/test/integration/sos_bloc_integration_test.dart: SOS BLoC Integration — Cancel Flow cancelCountdown logs a cancelled SOS history entry          00:06 +659: /Users/minhaj/Documents/MinhajSadik/Safora/test/integration/sos_bloc_integration_test.dart: SOS BLoC Integration — Cancel Flow cancelCountdown logs a cancelled SOS history entry          00:06 +660: /Users/minhaj/Documents/MinhajSadik/Safora/test/integration/sos_bloc_integration_test.dart: SOS BLoC Integration — Cancel Flow cancelCountdown logs a cancelled SOS history entry          00:06 +661: /Users/minhaj/Documents/MinhajSadik/Safora/test/integration/sos_bloc_integration_test.dart: SOS BLoC Integration — Cancel Flow cancelCountdown logs a cancelled SOS history entry          00:06 +662: /Users/minhaj/Documents/MinhajSadik/Safora/test/integration/sos_bloc_integration_test.dart: SOS BLoC Integration — Cancel Flow cancelCountdown logs a cancelled SOS history entry          00:06 +663: /Users/minhaj/Documents/MinhajSadik/Safora/test/integration/sos_bloc_integration_test.dart: SOS BLoC Integration — Cancel Flow cancelCountdown logs a cancelled SOS history entry          00:06 +664: /Users/minhaj/Documents/MinhajSadik/Safora/test/integration/sos_bloc_integration_test.dart: SOS BLoC Integration — Cancel Flow cancelCountdown logs a cancelled SOS history entry          00:06 +665: /Users/minhaj/Documents/MinhajSadik/Safora/test/integration/sos_bloc_integration_test.dart: SOS BLoC Integration — Cancel Flow cancelCountdown logs a cancelled SOS history entry          00:06 +666: /Users/minhaj/Documents/MinhajSadik/Safora/test/integration/sos_bloc_integration_test.dart: SOS BLoC Integration — Cancel Flow cancelCountdown logs a cancelled SOS history entry          00:06 +667: /Users/minhaj/Documents/MinhajSadik/Safora/test/integration/sos_bloc_integration_test.dart: SOS BLoC Integration — Cancel Flow cancelCountdown logs a cancelled SOS history entry          00:06 +668: /Users/minhaj/Documents/MinhajSadik/Safora/test/integration/sos_bloc_integration_test.dart: SOS BLoC Integration — Cancel Flow cancelCountdown logs a cancelled SOS history entry          00:06 +669: /Users/minhaj/Documents/MinhajSadik/Safora/test/integration/sos_bloc_integration_test.dart: SOS BLoC Integration — Cancel Flow cancelCountdown logs a cancelled SOS history entry          00:06 +670: /Users/minhaj/Documents/MinhajSadik/Safora/test/integration/sos_bloc_integration_test.dart: SOS BLoC Integration — Cancel Flow cancelCountdown logs a cancelled SOS history entry          00:06 +671: /Users/minhaj/Documents/MinhajSadik/Safora/test/integration/sos_bloc_integration_test.dart: SOS BLoC Integration — Cancel Flow cancelCountdown logs a cancelled SOS history entry          00:06 +671: /Users/minhaj/Documents/MinhajSadik/Safora/test/data/datasources/disaster_api_client_test.dart: DisasterApiClient - USGS Earthquakes returns empty list on network exception               
[WARN] [DisasterAPI] USGS earthquakes fetch failed: Exception: Network unreachable
00:06 +672: /Users/minhaj/Documents/MinhajSadik/Safora/test/integration/sos_bloc_integration_test.dart: SOS BLoC Integration — Cancel Flow cancelCountdown logs a cancelled SOS history entry          00:06 +673: /Users/minhaj/Documents/MinhajSadik/Safora/test/integration/sos_bloc_integration_test.dart: SOS BLoC Integration — Cancel Flow cancelCountdown logs a cancelled SOS history entry          00:06 +674: /Users/minhaj/Documents/MinhajSadik/Safora/test/integration/sos_bloc_integration_test.dart: SOS BLoC Integration — Cancel Flow cancelCountdown logs a cancelled SOS history entry          00:06 +675: /Users/minhaj/Documents/MinhajSadik/Safora/test/integration/sos_bloc_integration_test.dart: SOS BLoC Integration — Cancel Flow cancelCountdown logs a cancelled SOS history entry          00:06 +676: /Users/minhaj/Documents/MinhajSadik/Safora/test/integration/sos_bloc_integration_test.dart: SOS BLoC Integration — Cancel Flow cancelCountdown logs a cancelled SOS history entry          00:06 +677: /Users/minhaj/Documents/MinhajSadik/Safora/test/integration/sos_bloc_integration_test.dart: SOS BLoC Integration — Cancel Flow cancelCountdown logs a cancelled SOS history entry          00:06 +678: /Users/minhaj/Documents/MinhajSadik/Safora/test/integration/sos_bloc_integration_test.dart: SOS BLoC Integration — Cancel Flow cancelCountdown logs a cancelled SOS history entry          00:06 +679: /Users/minhaj/Documents/MinhajSadik/Safora/test/integration/sos_bloc_integration_test.dart: SOS BLoC Integration — Cancel Flow cancelCountdown logs a cancelled SOS history entry          00:06 +680: /Users/minhaj/Documents/MinhajSadik/Safora/test/integration/sos_bloc_integration_test.dart: SOS BLoC Integration — Cancel Flow cancelCountdown logs a cancelled SOS history entry          00:06 +681: /Users/minhaj/Documents/MinhajSadik/Safora/test/integration/sos_bloc_integration_test.dart: SOS BLoC Integration — Cancel Flow cancelCountdown logs a cancelled SOS history entry          00:06 +682: /Users/minhaj/Documents/MinhajSadik/Safora/test/integration/sos_bloc_integration_test.dart: SOS BLoC Integration — Cancel Flow cancelCountdown logs a cancelled SOS history entry          00:06 +683: /Users/minhaj/Documents/MinhajSadik/Safora/test/integration/sos_bloc_integration_test.dart: SOS BLoC Integration — Cancel Flow cancelCountdown logs a cancelled SOS history entry          00:06 +684: /Users/minhaj/Documents/MinhajSadik/Safora/test/integration/sos_bloc_integration_test.dart: SOS BLoC Integration — Cancel Flow cancelCountdown logs a cancelled SOS history entry          00:06 +685: /Users/minhaj/Documents/MinhajSadik/Safora/test/integration/sos_bloc_integration_test.dart: SOS BLoC Integration — Cancel Flow cancelCountdown logs a cancelled SOS history entry          00:06 +686: /Users/minhaj/Documents/MinhajSadik/Safora/test/integration/sos_bloc_integration_test.dart: SOS BLoC Integration — Cancel Flow cancelCountdown logs a cancelled SOS history entry          00:06 +687: /Users/minhaj/Documents/MinhajSadik/Safora/test/integration/sos_bloc_integration_test.dart: SOS BLoC Integration — Cancel Flow cancelCountdown logs a cancelled SOS history entry          00:06 +688: /Users/minhaj/Documents/MinhajSadik/Safora/test/integration/sos_bloc_integration_test.dart: SOS BLoC Integration — Cancel Flow cancelCountdown logs a cancelled SOS history entry          00:06 +689: /Users/minhaj/Documents/MinhajSadik/Safora/test/integration/sos_bloc_integration_test.dart: SOS BLoC Integration — Cancel Flow cancelCountdown logs a cancelled SOS history entry          00:06 +690: /Users/minhaj/Documents/MinhajSadik/Safora/test/integration/sos_bloc_integration_test.dart: SOS BLoC Integration — Cancel Flow cancelCountdown logs a cancelled SOS history entry          00:06 +691: /Users/minhaj/Documents/MinhajSadik/Safora/test/integration/sos_bloc_integration_test.dart: SOS BLoC Integration — Cancel Flow cancelCountdown logs a cancelled SOS history entry          00:06 +692: /Users/minhaj/Documents/MinhajSadik/Safora/test/integration/sos_bloc_integration_test.dart: SOS BLoC Integration — Cancel Flow cancelCountdown logs a cancelled SOS history entry          00:06 +693: /Users/minhaj/Documents/MinhajSadik/Safora/test/integration/sos_bloc_integration_test.dart: SOS BLoC Integration — Cancel Flow cancelCountdown logs a cancelled SOS history entry          00:06 +694: /Users/minhaj/Documents/MinhajSadik/Safora/test/integration/sos_bloc_integration_test.dart: SOS BLoC Integration — Cancel Flow cancelCountdown logs a cancelled SOS history entry          00:06 +695: /Users/minhaj/Documents/MinhajSadik/Safora/test/integration/sos_bloc_integration_test.dart: SOS BLoC Integration — Cancel Flow cancelCountdown logs a cancelled SOS history entry          00:06 +696: /Users/minhaj/Documents/MinhajSadik/Safora/test/integration/sos_bloc_integration_test.dart: SOS BLoC Integration — Cancel Flow cancelCountdown logs a cancelled SOS history entry          00:06 +696: /Users/minhaj/Documents/MinhajSadik/Safora/test/data/datasources/disaster_api_client_test.dart: DisasterApiClient - Open-Meteo Flood returns empty on network failure                      
[WARN] [DisasterAPI] Open-Meteo flood risk fetch failed: Exception: Timeout
00:06 +697: /Users/minhaj/Documents/MinhajSadik/Safora/test/integration/sos_bloc_integration_test.dart: SOS BLoC Integration — Cancel Flow cancelCountdown logs a cancelled SOS history entry          00:06 +698: /Users/minhaj/Documents/MinhajSadik/Safora/test/integration/sos_bloc_integration_test.dart: SOS BLoC Integration — Cancel Flow cancelCountdown logs a cancelled SOS history entry          00:06 +699: /Users/minhaj/Documents/MinhajSadik/Safora/test/integration/sos_bloc_integration_test.dart: SOS BLoC Integration — Cancel Flow cancelCountdown logs a cancelled SOS history entry          00:06 +700: /Users/minhaj/Documents/MinhajSadik/Safora/test/integration/sos_bloc_integration_test.dart: SOS BLoC Integration — Cancel Flow cancelCountdown logs a cancelled SOS history entry          00:06 +701: /Users/minhaj/Documents/MinhajSadik/Safora/test/integration/sos_bloc_integration_test.dart: SOS BLoC Integration — Cancel Flow cancelCountdown logs a cancelled SOS history entry          00:06 +702: /Users/minhaj/Documents/MinhajSadik/Safora/test/integration/sos_bloc_integration_test.dart: SOS BLoC Integration — Cancel Flow cancelCountdown logs a cancelled SOS history entry          00:06 +703: /Users/minhaj/Documents/MinhajSadik/Safora/test/integration/sos_bloc_integration_test.dart: SOS BLoC Integration — Cancel Flow cancelCountdown logs a cancelled SOS history entry          00:06 +704: /Users/minhaj/Documents/MinhajSadik/Safora/test/integration/sos_bloc_integration_test.dart: SOS BLoC Integration — Cancel Flow cancelCountdown logs a cancelled SOS history entry          00:06 +705: /Users/minhaj/Documents/MinhajSadik/Safora/test/integration/sos_bloc_integration_test.dart: SOS BLoC Integration — Cancel Flow cancelCountdown logs a cancelled SOS history entry          00:06 +706: /Users/minhaj/Documents/MinhajSadik/Safora/test/integration/sos_bloc_integration_test.dart: SOS BLoC Integration — Cancel Flow cancelCountdown logs a cancelled SOS history entry          00:06 +707: /Users/minhaj/Documents/MinhajSadik/Safora/test/integration/sos_bloc_integration_test.dart: SOS BLoC Integration — Cancel Flow cancelCountdown logs a cancelled SOS history entry          00:06 +708: /Users/minhaj/Documents/MinhajSadik/Safora/test/integration/sos_bloc_integration_test.dart: SOS BLoC Integration — Cancel Flow cancelCountdown logs a cancelled SOS history entry          00:06 +709: /Users/minhaj/Documents/MinhajSadik/Safora/test/integration/sos_bloc_integration_test.dart: SOS BLoC Integration — Cancel Flow cancelCountdown logs a cancelled SOS history entry          00:06 +710: /Users/minhaj/Documents/MinhajSadik/Safora/test/integration/sos_bloc_integration_test.dart: SOS BLoC Integration — Cancel Flow cancelCountdown logs a cancelled SOS history entry          00:06 +711: /Users/minhaj/Documents/MinhajSadik/Safora/test/integration/sos_bloc_integration_test.dart: SOS BLoC Integration — Cancel Flow cancelCountdown logs a cancelled SOS history entry          00:06 +712: /Users/minhaj/Documents/MinhajSadik/Safora/test/integration/sos_bloc_integration_test.dart: SOS BLoC Integration — Cancel Flow cancelCountdown logs a cancelled SOS history entry          00:06 +713: /Users/minhaj/Documents/MinhajSadik/Safora/test/integration/sos_bloc_integration_test.dart: SOS BLoC Integration — Cancel Flow cancelCountdown logs a cancelled SOS history entry          00:06 +714: /Users/minhaj/Documents/MinhajSadik/Safora/test/integration/sos_bloc_integration_test.dart: SOS BLoC Integration — Cancel Flow cancelCountdown logs a cancelled SOS history entry          00:06 +714: /Users/minhaj/Documents/MinhajSadik/Safora/test/data/datasources/military_alert_client_test.dart: MilitaryAlertClient - Ukraine Alerts returns empty on network error                      
[WARN] [MilitaryAlert] Ukraine alerts fetch failed: Exception: Network error
00:06 +715: /Users/minhaj/Documents/MinhajSadik/Safora/test/integration/sos_bloc_integration_test.dart: SOS BLoC Integration — Cancel Flow cancelCountdown logs a cancelled SOS history entry          00:06 +716: /Users/minhaj/Documents/MinhajSadik/Safora/test/integration/sos_bloc_integration_test.dart: SOS BLoC Integration — Cancel Flow cancelCountdown logs a cancelled SOS history entry          00:06 +717: /Users/minhaj/Documents/MinhajSadik/Safora/test/integration/sos_bloc_integration_test.dart: SOS BLoC Integration — Cancel Flow cancelCountdown logs a cancelled SOS history entry          00:06 +718: /Users/minhaj/Documents/MinhajSadik/Safora/test/integration/sos_bloc_integration_test.dart: SOS BLoC Integration — Cancel Flow cancelCountdown logs a cancelled SOS history entry          00:06 +719: /Users/minhaj/Documents/MinhajSadik/Safora/test/integration/sos_bloc_integration_test.dart: SOS BLoC Integration — Cancel Flow cancelCountdown logs a cancelled SOS history entry          00:06 +720: /Users/minhaj/Documents/MinhajSadik/Safora/test/integration/sos_bloc_integration_test.dart: SOS BLoC Integration — Cancel Flow cancelCountdown logs a cancelled SOS history entry          00:06 +721: /Users/minhaj/Documents/MinhajSadik/Safora/test/integration/sos_bloc_integration_test.dart: SOS BLoC Integration — Cancel Flow cancelCountdown logs a cancelled SOS history entry          00:06 +722: /Users/minhaj/Documents/MinhajSadik/Safora/test/integration/sos_bloc_integration_test.dart: SOS BLoC Integration — Cancel Flow cancelCountdown logs a cancelled SOS history entry          00:06 +723: /Users/minhaj/Documents/MinhajSadik/Safora/test/integration/sos_bloc_integration_test.dart: SOS BLoC Integration — Cancel Flow cancelCountdown logs a cancelled SOS history entry          00:06 +724: /Users/minhaj/Documents/MinhajSadik/Safora/test/integration/sos_bloc_integration_test.dart: SOS BLoC Integration — Cancel Flow cancelCountdown logs a cancelled SOS history entry          00:06 +725: /Users/minhaj/Documents/MinhajSadik/Safora/test/integration/sos_bloc_integration_test.dart: SOS BLoC Integration — Cancel Flow cancelCountdown logs a cancelled SOS history entry          00:06 +726: /Users/minhaj/Documents/MinhajSadik/Safora/test/integration/sos_bloc_integration_test.dart: SOS BLoC Integration — Cancel Flow cancelCountdown logs a cancelled SOS history entry          00:06 +727: /Users/minhaj/Documents/MinhajSadik/Safora/test/integration/sos_bloc_integration_test.dart: SOS BLoC Integration — Cancel Flow cancelCountdown logs a cancelled SOS history entry          00:06 +728: /Users/minhaj/Documents/MinhajSadik/Safora/test/integration/sos_bloc_integration_test.dart: SOS BLoC Integration — Cancel Flow cancelCountdown logs a cancelled SOS history entry          00:06 +729: /Users/minhaj/Documents/MinhajSadik/Safora/test/integration/sos_bloc_integration_test.dart: SOS BLoC Integration — Cancel Flow cancelCountdown logs a cancelled SOS history entry          00:06 +729: /Users/minhaj/Documents/MinhajSadik/Safora/test/integration/sos_bloc_integration_test.dart: SOS BLoC Integration — TriggerSosUseCase Wiring execute() calls SMS with all contacts          00:06 +729: /Users/minhaj/Documents/MinhajSadik/Safora/test/integration/sos_bloc_integration_test.dart: SOS BLoC Integration — TriggerSosUseCase Wiring execute() calls SMS with all contacts          
[INFO] [SOS] Auto-call initiated to Jane Doe (+8801712345678)
00:06 +730: /Users/minhaj/Documents/MinhajSadik/Safora/test/integration/sos_bloc_integration_test.dart: SOS BLoC Integration — TriggerSosUseCase Wiring execute() calls SMS with all contacts          00:06 +730: /Users/minhaj/Documents/MinhajSadik/Safora/test/integration/sos_bloc_integration_test.dart: ... — TriggerSosUseCase Wiring execute() returns correct SosResult even when SMS count is 0    00:06 +730: /Users/minhaj/Documents/MinhajSadik/Safora/test/integration/sos_bloc_integration_test.dart: SOS BLoC Integration — TriggerSosUseCase Wiring execute() returns correct SosResult even when SMS count is 0
[INFO] [SOS] Auto-call initiated to Jane Doe (+8801712345678)
00:06 +731: /Users/minhaj/Documents/MinhajSadik/Safora/test/integration/sos_bloc_integration_test.dart: ... — TriggerSosUseCase Wiring execute() returns correct SosResult even when SMS count is 0    00:06 +731: /Users/minhaj/Documents/MinhajSadik/Safora/test/integration/sos_bloc_integration_test.dart: ... — TriggerSosUseCase Wiring execute() with no contacts skips SMS but still writes SOS event 00:06 +732: /Users/minhaj/Documents/MinhajSadik/Safora/test/integration/sos_bloc_integration_test.dart: ... — TriggerSosUseCase Wiring execute() with no contacts skips SMS but still writes SOS event 00:06 +732: /Users/minhaj/Documents/MinhajSadik/Safora/test/integration/sos_bloc_integration_test.dart: ... wiring SosEventService.recordSosEvent is called fire-and-forget — does not block SosResult 00:06 +732: /Users/minhaj/Documents/MinhajSadik/Safora/test/integration/sos_bloc_integration_test.dart: SOS BLoC Integration — SosEventService (FCM) wiring SosEventService.recordSosEvent is called fire-and-forget — does not block SosResult
[INFO] [SOS] Auto-call initiated to Jane Doe (+8801712345678)
00:06 +733: /Users/minhaj/Documents/MinhajSadik/Safora/test/integration/sos_bloc_integration_test.dart: ... wiring SosEventService.recordSosEvent is called fire-and-forget — does not block SosResult 00:06 +733: /Users/minhaj/Documents/MinhajSadik/Safora/test/integration/sos_bloc_integration_test.dart: ... — SosEventService (FCM) wiring SosEventService failure does NOT affect SosResult           00:06 +733: /Users/minhaj/Documents/MinhajSadik/Safora/test/integration/sos_bloc_integration_test.dart: SOS BLoC Integration — SosEventService (FCM) wiring SosEventService failure does NOT affect SosResult
[INFO] [SOS] Auto-call initiated to Jane Doe (+8801712345678)
[WARN] [SOS] FCM event service error (non-fatal): Exception: Simulated Firestore network error
00:06 +734: /Users/minhaj/Documents/MinhajSadik/Safora/test/integration/sos_bloc_integration_test.dart: ... — SosEventService (FCM) wiring SosEventService failure does NOT affect SosResult           00:06 +734: /Users/minhaj/Documents/MinhajSadik/Safora/test/integration/sos_bloc_integration_test.dart: ... — SosEventService (FCM) wiring Cubit without SosEventService still triggers SOS correctly  00:06 +734: /Users/minhaj/Documents/MinhajSadik/Safora/test/integration/sos_bloc_integration_test.dart: SOS BLoC Integration — SosEventService (FCM) wiring Cubit without SosEventService still triggers SOS correctly
[INFO] [SOS] Auto-call initiated to Jane Doe (+8801712345678)
00:06 +735: /Users/minhaj/Documents/MinhajSadik/Safora/test/integration/sos_bloc_integration_test.dart: ... — SosEventService (FCM) wiring Cubit without SosEventService still triggers SOS correctly  00:06 +735: /Users/minhaj/Documents/MinhajSadik/Safora/test/integration/sos_bloc_integration_test.dart: ... in repository, WHEN countdown expires, THEN sendEmergencySms is called with BOTH contacts  00:06 +735: /Users/minhaj/Documents/MinhajSadik/Safora/test/integration/sos_bloc_integration_test.dart: SOS BLoC Integration — Countdown Expiry Contact Wiring GIVEN two contacts in repository, WHEN countdown expires, THEN sendEmergencySms is called with BOTH contacts
[INFO] [SOS] Auto-call initiated to Jane Doe (+8801712345678)
00:06 +736: /Users/minhaj/Documents/MinhajSadik/Safora/test/integration/sos_bloc_integration_test.dart: ... in repository, WHEN countdown expires, THEN sendEmergencySms is called with BOTH contacts  00:06 +736: /Users/minhaj/Documents/MinhajSadik/Safora/test/integration/sos_bloc_integration_test.dart: ... contact, WHEN countdown expires, THEN sendEmergencySms is called with primary contact only 00:06 +736: /Users/minhaj/Documents/MinhajSadik/Safora/test/integration/sos_bloc_integration_test.dart: SOS BLoC Integration — Countdown Expiry Contact Wiring GIVEN only primary contact, WHEN countdown expires, THEN sendEmergencySms is called with primary contact only
[INFO] [SOS] Auto-call initiated to Jane Doe (+8801712345678)
00:06 +737: /Users/minhaj/Documents/MinhajSadik/Safora/test/integration/sos_bloc_integration_test.dart: ... contact, WHEN countdown expires, THEN sendEmergencySms is called with primary contact only 00:06 +738: /Users/minhaj/Documents/MinhajSadik/Safora/test/integration/sos_bloc_integration_test.dart: ... contact, WHEN countdown expires, THEN sendEmergencySms is called with primary contact only 00:06 +739: /Users/minhaj/Documents/MinhajSadik/Safora/test/integration/sos_bloc_integration_test.dart: ... contact, WHEN countdown expires, THEN sendEmergencySms is called with primary contact only 00:06 +740: /Users/minhaj/Documents/MinhajSadik/Safora/test/integration/sos_bloc_integration_test.dart: ... contact, WHEN countdown expires, THEN sendEmergencySms is called with primary contact only 00:06 +741: /Users/minhaj/Documents/MinhajSadik/Safora/test/integration/sos_bloc_integration_test.dart: ... contact, WHEN countdown expires, THEN sendEmergencySms is called with primary contact only 00:06 +742: /Users/minhaj/Documents/MinhajSadik/Safora/test/integration/sos_bloc_integration_test.dart: ... contact, WHEN countdown expires, THEN sendEmergencySms is called with primary contact only 00:06 +743: /Users/minhaj/Documents/MinhajSadik/Safora/test/integration/sos_bloc_integration_test.dart: ... contact, WHEN countdown expires, THEN sendEmergencySms is called with primary contact only 00:06 +744: /Users/minhaj/Documents/MinhajSadik/Safora/test/integration/sos_bloc_integration_test.dart: ... contact, WHEN countdown expires, THEN sendEmergencySms is called with primary contact only 00:06 +745: /Users/minhaj/Documents/MinhajSadik/Safora/test/data/datasources/weather_alerts_test.dart: DisasterApiClient - Weather Alerts detects extreme heat (>40°C)                                 00:06 +746: /Users/minhaj/Documents/MinhajSadik/Safora/test/data/datasources/weather_alerts_test.dart: DisasterApiClient - Weather Alerts detects extreme heat (>40°C)                                 00:06 +746: /Users/minhaj/Documents/MinhajSadik/Safora/test/integration/sos_bloc_integration_test.dart: SOS BLoC Integration — Countdown Expiry Contact Wiring GIVEN countdown expires, THEN siren plays AND SMS is sent (both fire-and-forget + awaited)
[INFO] [SOS] Auto-call initiated to Jane Doe (+8801712345678)
00:06 +746: /Users/minhaj/Documents/MinhajSadik/Safora/test/data/datasources/weather_alerts_test.dart: DisasterApiClient - Weather Alerts detects extreme heat (>40°C)                                 00:06 +747: /Users/minhaj/Documents/MinhajSadik/Safora/test/data/datasources/weather_alerts_test.dart: DisasterApiClient - Weather Alerts detects extreme heat (>40°C)                                 00:06 +748: /Users/minhaj/Documents/MinhajSadik/Safora/test/integration/sos_bloc_integration_test.dart: ... GIVEN countdown expires, THEN siren plays AND SMS is sent (both fire-and-forget + awaited) 00:06 +749: /Users/minhaj/Documents/MinhajSadik/Safora/test/integration/sos_bloc_integration_test.dart: ... GIVEN countdown expires, THEN siren plays AND SMS is sent (both fire-and-forget + awaited) 00:06 +750: /Users/minhaj/Documents/MinhajSadik/Safora/test/integration/sos_bloc_integration_test.dart: ... GIVEN countdown expires, THEN siren plays AND SMS is sent (both fire-and-forget + awaited) 00:06 +751: /Users/minhaj/Documents/MinhajSadik/Safora/test/integration/sos_bloc_integration_test.dart: ... GIVEN countdown expires, THEN siren plays AND SMS is sent (both fire-and-forget + awaited) 00:06 +752: /Users/minhaj/Documents/MinhajSadik/Safora/test/integration/sos_bloc_integration_test.dart: ... GIVEN countdown expires, THEN siren plays AND SMS is sent (both fire-and-forget + awaited) 00:06 +753: /Users/minhaj/Documents/MinhajSadik/Safora/test/integration/sos_bloc_integration_test.dart: ... GIVEN countdown expires, THEN siren plays AND SMS is sent (both fire-and-forget + awaited) 00:06 +754: /Users/minhaj/Documents/MinhajSadik/Safora/test/integration/sos_bloc_integration_test.dart: ... GIVEN countdown expires, THEN siren plays AND SMS is sent (both fire-and-forget + awaited) 00:06 +755: /Users/minhaj/Documents/MinhajSadik/Safora/test/integration/sos_bloc_integration_test.dart: ... GIVEN countdown expires, THEN siren plays AND SMS is sent (both fire-and-forget + awaited) 00:06 +756: /Users/minhaj/Documents/MinhajSadik/Safora/test/integration/sos_bloc_integration_test.dart: ... GIVEN countdown expires, THEN siren plays AND SMS is sent (both fire-and-forget + awaited) 00:06 +757: /Users/minhaj/Documents/MinhajSadik/Safora/test/integration/sos_bloc_integration_test.dart: ... GIVEN countdown expires, THEN siren plays AND SMS is sent (both fire-and-forget + awaited) 00:06 +758: /Users/minhaj/Documents/MinhajSadik/Safora/test/integration/sos_bloc_integration_test.dart: ... GIVEN countdown expires, THEN siren plays AND SMS is sent (both fire-and-forget + awaited) 00:06 +759: /Users/minhaj/Documents/MinhajSadik/Safora/test/integration/sos_bloc_integration_test.dart: ... GIVEN countdown expires, THEN siren plays AND SMS is sent (both fire-and-forget + awaited) 00:06 +760: /Users/minhaj/Documents/MinhajSadik/Safora/test/integration/sos_bloc_integration_test.dart: ... GIVEN countdown expires, THEN siren plays AND SMS is sent (both fire-and-forget + awaited) 00:06 +761: /Users/minhaj/Documents/MinhajSadik/Safora/test/integration/sos_bloc_integration_test.dart: ... GIVEN countdown expires, THEN siren plays AND SMS is sent (both fire-and-forget + awaited) 00:06 +762: /Users/minhaj/Documents/MinhajSadik/Safora/test/integration/sos_bloc_integration_test.dart: ... GIVEN countdown expires, THEN siren plays AND SMS is sent (both fire-and-forget + awaited) 00:06 +763: /Users/minhaj/Documents/MinhajSadik/Safora/test/integration/sos_bloc_integration_test.dart: ... GIVEN countdown expires, THEN siren plays AND SMS is sent (both fire-and-forget + awaited) 00:06 +764: /Users/minhaj/Documents/MinhajSadik/Safora/test/integration/sos_bloc_integration_test.dart: ... GIVEN countdown expires, THEN siren plays AND SMS is sent (both fire-and-forget + awaited) 00:06 +765: /Users/minhaj/Documents/MinhajSadik/Safora/test/integration/sos_bloc_integration_test.dart: ... GIVEN countdown expires, THEN siren plays AND SMS is sent (both fire-and-forget + awaited) 00:06 +766: /Users/minhaj/Documents/MinhajSadik/Safora/test/integration/sos_bloc_integration_test.dart: ... GIVEN countdown expires, THEN siren plays AND SMS is sent (both fire-and-forget + awaited) 00:06 +767: /Users/minhaj/Documents/MinhajSadik/Safora/test/integration/sos_bloc_integration_test.dart: ... GIVEN countdown expires, THEN siren plays AND SMS is sent (both fire-and-forget + awaited) 00:06 +767: /Users/minhaj/Documents/MinhajSadik/Safora/test/data/datasources/weather_alerts_test.dart: DisasterApiClient - Weather Alerts returns empty on network error                               
[WARN] [DisasterAPI] Weather alerts fetch failed: Exception: Network unreachable
00:06 +768: /Users/minhaj/Documents/MinhajSadik/Safora/test/integration/sos_bloc_integration_test.dart: ... GIVEN countdown expires, THEN siren plays AND SMS is sent (both fire-and-forget + awaited) 00:06 +769: /Users/minhaj/Documents/MinhajSadik/Safora/test/integration/sos_bloc_integration_test.dart: ... GIVEN countdown expires, THEN siren plays AND SMS is sent (both fire-and-forget + awaited) 00:06 +770: /Users/minhaj/Documents/MinhajSadik/Safora/test/integration/sos_bloc_integration_test.dart: ... GIVEN countdown expires, THEN siren plays AND SMS is sent (both fire-and-forget + awaited) 00:06 +771: /Users/minhaj/Documents/MinhajSadik/Safora/test/integration/sos_bloc_integration_test.dart: ... GIVEN countdown expires, THEN siren plays AND SMS is sent (both fire-and-forget + awaited) 00:06 +772: /Users/minhaj/Documents/MinhajSadik/Safora/test/integration/sos_bloc_integration_test.dart: ... GIVEN countdown expires, THEN siren plays AND SMS is sent (both fire-and-forget + awaited) 00:06 +773: /Users/minhaj/Documents/MinhajSadik/Safora/test/integration/sos_bloc_integration_test.dart: ... GIVEN countdown expires, THEN siren plays AND SMS is sent (both fire-and-forget + awaited) 00:06 +774: /Users/minhaj/Documents/MinhajSadik/Safora/test/integration/sos_bloc_integration_test.dart: ... GIVEN countdown expires, THEN siren plays AND SMS is sent (both fire-and-forget + awaited) 00:06 +775: /Users/minhaj/Documents/MinhajSadik/Safora/test/integration/sos_bloc_integration_test.dart: ... GIVEN countdown expires, THEN siren plays AND SMS is sent (both fire-and-forget + awaited) 00:06 +776: /Users/minhaj/Documents/MinhajSadik/Safora/test/integration/sos_bloc_integration_test.dart: ... GIVEN countdown expires, THEN siren plays AND SMS is sent (both fire-and-forget + awaited) 00:06 +776: /Users/minhaj/Documents/MinhajSadik/Safora/test/data/datasources/weather_alerts_test.dart: DisasterApiClient - Air Quality Alerts returns empty on network error                           
[WARN] [DisasterAPI] Air quality fetch failed: Exception: Timeout
00:06 +777: /Users/minhaj/Documents/MinhajSadik/Safora/test/integration/sos_bloc_integration_test.dart: ... GIVEN countdown expires, THEN siren plays AND SMS is sent (both fire-and-forget + awaited) 00:06 +778: /Users/minhaj/Documents/MinhajSadik/Safora/test/integration/sos_bloc_integration_test.dart: ... GIVEN countdown expires, THEN siren plays AND SMS is sent (both fire-and-forget + awaited) 00:06 +779: /Users/minhaj/Documents/MinhajSadik/Safora/test/integration/sos_bloc_integration_test.dart: ... GIVEN countdown expires, THEN siren plays AND SMS is sent (both fire-and-forget + awaited) 00:06 +779: /Users/minhaj/Documents/MinhajSadik/Safora/test/data/datasources/weather_alerts_test.dart: DisasterApiClient - NASA EONET returns empty on network error                                   
[WARN] [DisasterAPI] NASA EONET fetch failed: Exception: DNS resolution failed
00:06 +780: /Users/minhaj/Documents/MinhajSadik/Safora/test/integration/sos_bloc_integration_test.dart: ... GIVEN countdown expires, THEN siren plays AND SMS is sent (both fire-and-forget + awaited) 00:06 +781: /Users/minhaj/Documents/MinhajSadik/Safora/test/integration/sos_bloc_integration_test.dart: ... GIVEN countdown expires, THEN siren plays AND SMS is sent (both fire-and-forget + awaited) 00:06 +782: /Users/minhaj/Documents/MinhajSadik/Safora/test/integration/sos_bloc_integration_test.dart: ... GIVEN countdown expires, THEN siren plays AND SMS is sent (both fire-and-forget + awaited) 00:06 +783: /Users/minhaj/Documents/MinhajSadik/Safora/test/integration/sos_bloc_integration_test.dart: ... GIVEN countdown expires, THEN siren plays AND SMS is sent (both fire-and-forget + awaited) 00:06 +784: /Users/minhaj/Documents/MinhajSadik/Safora/test/integration/sos_bloc_integration_test.dart: ... GIVEN countdown expires, THEN siren plays AND SMS is sent (both fire-and-forget + awaited) 00:06 +785: /Users/minhaj/Documents/MinhajSadik/Safora/test/integration/sos_bloc_integration_test.dart: ... GIVEN countdown expires, THEN siren plays AND SMS is sent (both fire-and-forget + awaited) 00:06 +786: /Users/minhaj/Documents/MinhajSadik/Safora/test/integration/sos_bloc_integration_test.dart: ... GIVEN countdown expires, THEN siren plays AND SMS is sent (both fire-and-forget + awaited) 00:06 +787: /Users/minhaj/Documents/MinhajSadik/Safora/test/integration/sos_bloc_integration_test.dart: ... GIVEN countdown expires, THEN siren plays AND SMS is sent (both fire-and-forget + awaited) 00:06 +788: /Users/minhaj/Documents/MinhajSadik/Safora/test/integration/sos_bloc_integration_test.dart: ... GIVEN countdown expires, THEN siren plays AND SMS is sent (both fire-and-forget + awaited) 00:06 +789: /Users/minhaj/Documents/MinhajSadik/Safora/test/integration/sos_bloc_integration_test.dart: ... GIVEN countdown expires, THEN siren plays AND SMS is sent (both fire-and-forget + awaited) 00:06 +789: /Users/minhaj/Documents/MinhajSadik/Safora/test/data/datasources/weather_api_client_test.dart: WeatherApiClient fetchCurrentWeather returns null on non-200 response                       
[WARN] [Weather] API returned 500
00:06 +790: /Users/minhaj/Documents/MinhajSadik/Safora/test/integration/sos_bloc_integration_test.dart: ... GIVEN countdown expires, THEN siren plays AND SMS is sent (both fire-and-forget + awaited) 00:06 +791: /Users/minhaj/Documents/MinhajSadik/Safora/test/integration/sos_bloc_integration_test.dart: ... GIVEN countdown expires, THEN siren plays AND SMS is sent (both fire-and-forget + awaited) 00:06 +792: /Users/minhaj/Documents/MinhajSadik/Safora/test/integration/sos_bloc_integration_test.dart: ... GIVEN countdown expires, THEN siren plays AND SMS is sent (both fire-and-forget + awaited) 00:06 +793: /Users/minhaj/Documents/MinhajSadik/Safora/test/integration/sos_bloc_integration_test.dart: ... GIVEN countdown expires, THEN siren plays AND SMS is sent (both fire-and-forget + awaited) 00:06 +793: /Users/minhaj/Documents/MinhajSadik/Safora/test/data/datasources/weather_api_client_test.dart: WeatherApiClient fetchCurrentWeather returns null on network error                          
[WARN] [Weather] Failed to fetch: Exception: No internet
00:06 +794: /Users/minhaj/Documents/MinhajSadik/Safora/test/integration/sos_bloc_integration_test.dart: ... GIVEN countdown expires, THEN siren plays AND SMS is sent (both fire-and-forget + awaited) 00:06 +795: /Users/minhaj/Documents/MinhajSadik/Safora/test/integration/sos_bloc_integration_test.dart: ... GIVEN countdown expires, THEN siren plays AND SMS is sent (both fire-and-forget + awaited) 00:07 +796: /Users/minhaj/Documents/MinhajSadik/Safora/test/integration/sos_bloc_integration_test.dart: ... GIVEN countdown expires, THEN siren plays AND SMS is sent (both fire-and-forget + awaited) 00:07 +797: /Users/minhaj/Documents/MinhajSadik/Safora/test/integration/sos_bloc_integration_test.dart: ... GIVEN countdown expires, THEN siren plays AND SMS is sent (both fire-and-forget + awaited) 00:07 +798: /Users/minhaj/Documents/MinhajSadik/Safora/test/integration/sos_bloc_integration_test.dart: ... GIVEN countdown expires, THEN siren plays AND SMS is sent (both fire-and-forget + awaited) 00:07 +799: /Users/minhaj/Documents/MinhajSadik/Safora/test/integration/sos_bloc_integration_test.dart: ... GIVEN countdown expires, THEN siren plays AND SMS is sent (both fire-and-forget + awaited) 00:07 +800: /Users/minhaj/Documents/MinhajSadik/Safora/test/integration/sos_bloc_integration_test.dart: ... GIVEN countdown expires, THEN siren plays AND SMS is sent (both fire-and-forget + awaited) 00:07 +801: /Users/minhaj/Documents/MinhajSadik/Safora/test/integration/sos_bloc_integration_test.dart: ... GIVEN countdown expires, THEN siren plays AND SMS is sent (both fire-and-forget + awaited) 00:07 +801: /Users/minhaj/Documents/MinhajSadik/Safora/test/data/overpass_api_client_test.dart: OverpassApiClient parses valid Overpass response into EmergencyPoi list                                
[INFO] [Overpass] Found 3 POIs within 5000m
00:07 +802: /Users/minhaj/Documents/MinhajSadik/Safora/test/integration/sos_bloc_integration_test.dart: ... GIVEN countdown expires, THEN siren plays AND SMS is sent (both fire-and-forget + awaited) 00:07 +802: /Users/minhaj/Documents/MinhajSadik/Safora/test/data/overpass_api_client_test.dart: OverpassApiClient returns empty list on HTTP error                                                     
[WARN] [Overpass] HTTP 429 on attempt 1/3. Retrying in 307ms...
00:07 +803: /Users/minhaj/Documents/MinhajSadik/Safora/test/data/overpass_api_client_test.dart: OverpassApiClient returns empty list on HTTP error                                                     00:07 +803: /Users/minhaj/Documents/MinhajSadik/Safora/test/integration/sos_bloc_integration_test.dart: SOS BLoC Integration — Countdown Expiry Contact Wiring GIVEN countdown is cancelled before expiry, THEN sendEmergencySms is NEVER called
[INFO] [SOS] Pre-flight: GPS=false, Network=true, Contacts=2
[INFO] [SOS] No cached GPS — attempting quick fix...
00:07 +803: /Users/minhaj/Documents/MinhajSadik/Safora/test/data/overpass_api_client_test.dart: OverpassApiClient returns empty list on HTTP error                                                     
[WARN] [Overpass] HTTP 429 on attempt 2/3. Retrying in 758ms...
00:07 +804: /Users/minhaj/Documents/MinhajSadik/Safora/test/data/overpass_api_client_test.dart: OverpassApiClient returns empty list on HTTP error                                                     00:07 +804: /Users/minhaj/Documents/MinhajSadik/Safora/test/integration/sos_bloc_integration_test.dart: SOS BLoC Integration — SMS Permission Not a Blocker GIVEN contacts exist, WHEN countdown is started (SMS permission irrelevant at cubit level), THEN SosPreparing and SosCountdown are emitted (not SosPreflightFailed)
[INFO] [SOS] Pre-flight: GPS=false, Network=true, Contacts=2
[INFO] [SOS] No cached GPS — attempting quick fix...
00:07 +804: /Users/minhaj/Documents/MinhajSadik/Safora/test/data/overpass_api_client_test.dart: OverpassApiClient returns empty list on HTTP error                                                     00:07 +805: /Users/minhaj/Documents/MinhajSadik/Safora/test/data/overpass_api_client_test.dart: OverpassApiClient returns empty list on HTTP error                                                     00:07 +806: /Users/minhaj/Documents/MinhajSadik/Safora/test/data/overpass_api_client_test.dart: OverpassApiClient returns empty list on HTTP error                                                     00:07 +807: /Users/minhaj/Documents/MinhajSadik/Safora/test/data/overpass_api_client_test.dart: OverpassApiClient returns empty list on HTTP error                                                     00:07 +808: /Users/minhaj/Documents/MinhajSadik/Safora/test/data/overpass_api_client_test.dart: OverpassApiClient returns empty list on HTTP error                                                     00:07 +809: /Users/minhaj/Documents/MinhajSadik/Safora/test/data/overpass_api_client_test.dart: OverpassApiClient returns empty list on HTTP error                                                     00:07 +810: /Users/minhaj/Documents/MinhajSadik/Safora/test/data/overpass_api_client_test.dart: OverpassApiClient returns empty list on HTTP error                                                     00:07 +811: /Users/minhaj/Documents/MinhajSadik/Safora/test/data/overpass_api_client_test.dart: OverpassApiClient returns empty list on HTTP error                                                     00:07 +812: /Users/minhaj/Documents/MinhajSadik/Safora/test/data/overpass_api_client_test.dart: OverpassApiClient returns empty list on HTTP error                                                     00:07 +813: /Users/minhaj/Documents/MinhajSadik/Safora/test/data/overpass_api_client_test.dart: OverpassApiClient returns empty list on HTTP error                                                     00:07 +814: /Users/minhaj/Documents/MinhajSadik/Safora/test/data/overpass_api_client_test.dart: OverpassApiClient returns empty list on HTTP error                                                     00:07 +815: /Users/minhaj/Documents/MinhajSadik/Safora/test/data/overpass_api_client_test.dart: OverpassApiClient returns empty list on HTTP error                                                     00:07 +815: /Users/minhaj/Documents/MinhajSadik/Safora/test/integration/sos_bloc_integration_test.dart: SOS BLoC Integration — SMS Permission Not a Blocker GIVEN SMS service returns 0 (permission denied fallback), WHEN countdown expires, THEN call is STILL initiated to primary contact
[INFO] [SOS] Auto-call initiated to Jane Doe (+8801712345678)
00:07 +816: /Users/minhaj/Documents/MinhajSadik/Safora/test/data/overpass_api_client_test.dart: OverpassApiClient returns empty list on HTTP error                                                     00:07 +817: /Users/minhaj/Documents/MinhajSadik/Safora/test/data/overpass_api_client_test.dart: OverpassApiClient returns empty list on HTTP error                                                     00:07 +818: /Users/minhaj/Documents/MinhajSadik/Safora/test/data/overpass_api_client_test.dart: OverpassApiClient returns empty list on HTTP error                                                     00:07 +819: /Users/minhaj/Documents/MinhajSadik/Safora/test/data/overpass_api_client_test.dart: OverpassApiClient returns empty list on HTTP error                                                     00:07 +820: /Users/minhaj/Documents/MinhajSadik/Safora/test/data/overpass_api_client_test.dart: OverpassApiClient returns empty list on HTTP error                                                     00:07 +821: /Users/minhaj/Documents/MinhajSadik/Safora/test/data/overpass_api_client_test.dart: OverpassApiClient returns empty list on HTTP error                                                     00:07 +822: /Users/minhaj/Documents/MinhajSadik/Safora/test/data/overpass_api_client_test.dart: OverpassApiClient returns empty list on HTTP error                                                     00:07 +823: /Users/minhaj/Documents/MinhajSadik/Safora/test/data/overpass_api_client_test.dart: OverpassApiClient returns empty list on HTTP error                                                     00:07 +824: /Users/minhaj/Documents/MinhajSadik/Safora/test/data/overpass_api_client_test.dart: OverpassApiClient returns empty list on HTTP error                                                     00:07 +825: /Users/minhaj/Documents/MinhajSadik/Safora/test/data/overpass_api_client_test.dart: OverpassApiClient returns empty list on HTTP error                                                     00:07 +826: /Users/minhaj/Documents/MinhajSadik/Safora/test/data/overpass_api_client_test.dart: OverpassApiClient returns empty list on HTTP error                                                     00:07 +827: /Users/minhaj/Documents/MinhajSadik/Safora/test/data/overpass_api_client_test.dart: OverpassApiClient returns empty list on HTTP error                                                     00:07 +828: /Users/minhaj/Documents/MinhajSadik/Safora/test/data/overpass_api_client_test.dart: OverpassApiClient returns empty list on HTTP error                                                     00:07 +829: /Users/minhaj/Documents/MinhajSadik/Safora/test/data/overpass_api_client_test.dart: OverpassApiClient returns empty list on HTTP error                                                     00:07 +830: /Users/minhaj/Documents/MinhajSadik/Safora/test/data/overpass_api_client_test.dart: OverpassApiClient returns empty list on HTTP error                                                     00:07 +831: /Users/minhaj/Documents/MinhajSadik/Safora/test/data/overpass_api_client_test.dart: OverpassApiClient returns empty list on HTTP error                                                     00:07 +832: /Users/minhaj/Documents/MinhajSadik/Safora/test/data/overpass_api_client_test.dart: OverpassApiClient returns empty list on HTTP error                                                     00:07 +833: /Users/minhaj/Documents/MinhajSadik/Safora/test/data/overpass_api_client_test.dart: OverpassApiClient returns empty list on HTTP error                                                     00:07 +834: /Users/minhaj/Documents/MinhajSadik/Safora/test/data/overpass_api_client_test.dart: OverpassApiClient returns empty list on HTTP error                                                     00:07 +835: /Users/minhaj/Documents/MinhajSadik/Safora/test/data/overpass_api_client_test.dart: OverpassApiClient returns empty list on HTTP error                                                     00:07 +836: /Users/minhaj/Documents/MinhajSadik/Safora/test/data/overpass_api_client_test.dart: OverpassApiClient returns empty list on HTTP error                                                     00:07 +837: /Users/minhaj/Documents/MinhajSadik/Safora/test/data/overpass_api_client_test.dart: OverpassApiClient returns empty list on HTTP error                                                     00:07 +838: /Users/minhaj/Documents/MinhajSadik/Safora/test/data/overpass_api_client_test.dart: OverpassApiClient returns empty list on HTTP error                                                     00:07 +839: /Users/minhaj/Documents/MinhajSadik/Safora/test/data/overpass_api_client_test.dart: OverpassApiClient returns empty list on HTTP error                                                     00:07 +840: /Users/minhaj/Documents/MinhajSadik/Safora/test/data/overpass_api_client_test.dart: OverpassApiClient returns empty list on HTTP error                                                     00:07 +841: /Users/minhaj/Documents/MinhajSadik/Safora/test/data/overpass_api_client_test.dart: OverpassApiClient returns empty list on HTTP error                                                     00:07 +842: /Users/minhaj/Documents/MinhajSadik/Safora/test/data/overpass_api_client_test.dart: OverpassApiClient returns empty list on HTTP error                                                     00:07 +843: /Users/minhaj/Documents/MinhajSadik/Safora/test/data/overpass_api_client_test.dart: OverpassApiClient returns empty list on HTTP error                                                     00:07 +844: /Users/minhaj/Documents/MinhajSadik/Safora/test/data/overpass_api_client_test.dart: OverpassApiClient returns empty list on HTTP error                                                     00:07 +845: /Users/minhaj/Documents/MinhajSadik/Safora/test/data/overpass_api_client_test.dart: OverpassApiClient returns empty list on HTTP error                                                     00:07 +846: /Users/minhaj/Documents/MinhajSadik/Safora/test/data/overpass_api_client_test.dart: OverpassApiClient returns empty list on HTTP error                                                     00:07 +847: /Users/minhaj/Documents/MinhajSadik/Safora/test/data/overpass_api_client_test.dart: OverpassApiClient returns empty list on HTTP error                                                     00:07 +848: /Users/minhaj/Documents/MinhajSadik/Safora/test/data/overpass_api_client_test.dart: OverpassApiClient returns empty list on HTTP error                                                     00:07 +849: /Users/minhaj/Documents/MinhajSadik/Safora/test/data/overpass_api_client_test.dart: OverpassApiClient returns empty list on HTTP error                                                     00:07 +850: /Users/minhaj/Documents/MinhajSadik/Safora/test/data/overpass_api_client_test.dart: OverpassApiClient returns empty list on HTTP error                                                     00:07 +851: /Users/minhaj/Documents/MinhajSadik/Safora/test/data/overpass_api_client_test.dart: OverpassApiClient returns empty list on HTTP error                                                     00:07 +852: /Users/minhaj/Documents/MinhajSadik/Safora/test/data/overpass_api_client_test.dart: OverpassApiClient returns empty list on HTTP error                                                     00:07 +853: /Users/minhaj/Documents/MinhajSadik/Safora/test/data/overpass_api_client_test.dart: OverpassApiClient returns empty list on HTTP error                                                     00:07 +854: /Users/minhaj/Documents/MinhajSadik/Safora/test/data/overpass_api_client_test.dart: OverpassApiClient returns empty list on HTTP error                                                     00:07 +855: /Users/minhaj/Documents/MinhajSadik/Safora/test/data/overpass_api_client_test.dart: OverpassApiClient returns empty list on HTTP error                                                     00:07 +856: /Users/minhaj/Documents/MinhajSadik/Safora/test/data/overpass_api_client_test.dart: OverpassApiClient returns empty list on HTTP error                                                     00:07 +857: /Users/minhaj/Documents/MinhajSadik/Safora/test/data/overpass_api_client_test.dart: OverpassApiClient returns empty list on HTTP error                                                     00:07 +858: /Users/minhaj/Documents/MinhajSadik/Safora/test/data/overpass_api_client_test.dart: OverpassApiClient returns empty list on HTTP error                                                     00:08 +858: /Users/minhaj/Documents/MinhajSadik/Safora/test/data/overpass_api_client_test.dart: OverpassApiClient returns empty list on HTTP error                                                     00:08 +858: /Users/minhaj/Documents/MinhajSadik/Safora/test/data/overpass_api_client_test.dart: OverpassApiClient returns empty list on HTTP error                                                     
[ERROR] [Overpass] HTTP 429: Too Many Requests
00:08 +859: /Users/minhaj/Documents/MinhajSadik/Safora/test/data/overpass_api_client_test.dart: OverpassApiClient returns empty list on HTTP error                                                     00:08 +859: /Users/minhaj/Documents/MinhajSadik/Safora/test/data/overpass_api_client_test.dart: OverpassApiClient returns empty list on invalid JSON                                                   00:08 +859: /Users/minhaj/Documents/MinhajSadik/Safora/test/data/overpass_api_client_test.dart: OverpassApiClient returns empty list on invalid JSON                                                   
[ERROR] [Overpass] Failed to fetch POIs: FormatException: Unexpected character (at character 1)
not json
^

00:08 +860: /Users/minhaj/Documents/MinhajSadik/Safora/test/data/overpass_api_client_test.dart: OverpassApiClient returns empty list on invalid JSON                                                   00:08 +860: /Users/minhaj/Documents/MinhajSadik/Safora/test/data/overpass_api_client_test.dart: OverpassApiClient returns empty list on network error                                                  00:08 +860: /Users/minhaj/Documents/MinhajSadik/Safora/test/data/overpass_api_client_test.dart: OverpassApiClient returns empty list on network error                                                  
[ERROR] [Overpass] Failed to fetch POIs: Exception: Network error
00:08 +861: /Users/minhaj/Documents/MinhajSadik/Safora/test/data/overpass_api_client_test.dart: OverpassApiClient returns empty list on network error                                                  00:08 +861: /Users/minhaj/Documents/MinhajSadik/Safora/test/data/overpass_api_client_test.dart: OverpassApiClient skips elements with unknown amenity type                                             00:08 +861: /Users/minhaj/Documents/MinhajSadik/Safora/test/data/overpass_api_client_test.dart: OverpassApiClient skips elements with unknown amenity type                                             
[INFO] [Overpass] Found 1 POIs within 5000m
00:08 +862: /Users/minhaj/Documents/MinhajSadik/Safora/test/data/overpass_api_client_test.dart: OverpassApiClient skips elements with unknown amenity type                                             00:08 +862: /Users/minhaj/Documents/MinhajSadik/Safora/test/data/overpass_api_client_test.dart: EmergencyPoi fromOverpassElement uses name tag                                                         00:08 +863: /Users/minhaj/Documents/MinhajSadik/Safora/test/data/overpass_api_client_test.dart: EmergencyPoi fromOverpassElement uses name tag                                                         00:08 +863: /Users/minhaj/Documents/MinhajSadik/Safora/test/data/overpass_api_client_test.dart: EmergencyPoi fromOverpassElement falls back to amenity tag when no name                                00:08 +864: /Users/minhaj/Documents/MinhajSadik/Safora/test/data/overpass_api_client_test.dart: EmergencyPoi fromOverpassElement falls back to amenity tag when no name                                00:08 +864: /Users/minhaj/Documents/MinhajSadik/Safora/test/data/overpass_api_client_test.dart: EmergencyPoi fromOverpassElement falls back to type label when no tags                                 00:08 +865: /Users/minhaj/Documents/MinhajSadik/Safora/test/data/overpass_api_client_test.dart: EmergencyPoi fromOverpassElement falls back to type label when no tags                                 00:08 +865: loading /Users/minhaj/Documents/MinhajSadik/Safora/test/data/models/alert_event_test.dart                                                                                                  00:08 +865: /Users/minhaj/Documents/MinhajSadik/Safora/test/data/models/alert_event_test.dart: AlertEvent toMap serializes all fields                                                                  00:08 +866: /Users/minhaj/Documents/MinhajSadik/Safora/test/data/models/alert_event_test.dart: AlertEvent toMap serializes all fields                                                                  00:08 +866: /Users/minhaj/Documents/MinhajSadik/Safora/test/data/models/alert_event_test.dart: AlertEvent fromMap deserializes all fields                                                              00:08 +867: /Users/minhaj/Documents/MinhajSadik/Safora/test/data/models/alert_event_test.dart: AlertEvent fromMap deserializes all fields                                                              00:08 +867: /Users/minhaj/Documents/MinhajSadik/Safora/test/data/models/alert_event_test.dart: AlertEvent fromMap handles unknown type gracefully                                                      00:08 +868: /Users/minhaj/Documents/MinhajSadik/Safora/test/data/models/alert_event_test.dart: AlertEvent fromMap handles unknown type gracefully                                                      00:08 +868: /Users/minhaj/Documents/MinhajSadik/Safora/test/data/models/alert_event_test.dart: AlertEvent fromMap handles missing optional fields                                                      00:08 +869: /Users/minhaj/Documents/MinhajSadik/Safora/test/data/models/alert_event_test.dart: AlertEvent fromMap handles missing optional fields                                                      00:08 +869: /Users/minhaj/Documents/MinhajSadik/Safora/test/data/models/alert_event_test.dart: AlertEvent copyWith preserves unchanged fields                                                          00:08 +870: /Users/minhaj/Documents/MinhajSadik/Safora/test/data/models/alert_event_test.dart: AlertEvent copyWith preserves unchanged fields                                                          00:08 +870: /Users/minhaj/Documents/MinhajSadik/Safora/test/data/models/alert_event_test.dart: AlertEvent roundtrip toMap/fromMap preserves data                                                       00:08 +871: /Users/minhaj/Documents/MinhajSadik/Safora/test/data/models/alert_event_test.dart: AlertEvent roundtrip toMap/fromMap preserves data                                                       00:08 +871: /Users/minhaj/Documents/MinhajSadik/Safora/test/data/models/alert_event_test.dart: AlertEvent Equatable equality                                                                           00:08 +872: /Users/minhaj/Documents/MinhajSadik/Safora/test/data/models/alert_event_test.dart: AlertEvent Equatable equality                                                                           00:08 +872: loading /Users/minhaj/Documents/MinhajSadik/Safora/test/data/models/sos_history_entry_test.dart                                                                                            00:08 +872: /Users/minhaj/Documents/MinhajSadik/Safora/test/data/models/sos_history_entry_test.dart: SosHistoryEntry toMap serializes all fields correctly                                             00:08 +873: /Users/minhaj/Documents/MinhajSadik/Safora/test/data/models/sos_history_entry_test.dart: SosHistoryEntry toMap serializes all fields correctly                                             00:08 +873: /Users/minhaj/Documents/MinhajSadik/Safora/test/data/models/sos_history_entry_test.dart: SosHistoryEntry fromMap deserializes all fields correctly                                         00:08 +874: /Users/minhaj/Documents/MinhajSadik/Safora/test/data/models/sos_history_entry_test.dart: SosHistoryEntry fromMap deserializes all fields correctly                                         00:08 +874: /Users/minhaj/Documents/MinhajSadik/Safora/test/data/models/sos_history_entry_test.dart: SosHistoryEntry fromMap handles null optional fields                                              00:08 +875: /Users/minhaj/Documents/MinhajSadik/Safora/test/data/models/sos_history_entry_test.dart: SosHistoryEntry fromMap handles null optional fields                                              00:08 +875: /Users/minhaj/Documents/MinhajSadik/Safora/test/data/models/sos_history_entry_test.dart: SosHistoryEntry fromMap handles unknown trigger source                                            00:08 +876: /Users/minhaj/Documents/MinhajSadik/Safora/test/data/models/sos_history_entry_test.dart: SosHistoryEntry fromMap handles unknown trigger source                                            00:08 +876: /Users/minhaj/Documents/MinhajSadik/Safora/test/data/models/sos_history_entry_test.dart: SosHistoryEntry roundtrip toMap/fromMap preserves data                                            00:08 +877: /Users/minhaj/Documents/MinhajSadik/Safora/test/data/models/sos_history_entry_test.dart: SosHistoryEntry roundtrip toMap/fromMap preserves data                                            00:08 +877: /Users/minhaj/Documents/MinhajSadik/Safora/test/data/models/sos_history_entry_test.dart: SosHistoryEntry Equatable equality works                                                          00:08 +878: /Users/minhaj/Documents/MinhajSadik/Safora/test/data/models/sos_history_entry_test.dart: SosHistoryEntry Equatable equality works                                                          00:08 +878: /Users/minhaj/Documents/MinhajSadik/Safora/test/data/models/sos_history_entry_test.dart: SosTriggerSource has correct values                                                               00:08 +879: /Users/minhaj/Documents/MinhajSadik/Safora/test/data/models/sos_history_entry_test.dart: SosTriggerSource has correct values                                                               00:08 +879: loading /Users/minhaj/Documents/MinhajSadik/Safora/test/data/alert_preferences_test.dart                                                                                                   00:08 +879: /Users/minhaj/Documents/MinhajSadik/Safora/test/data/alert_preferences_test.dart: AlertPreferences free alerts default to enabled                                                          00:08 +880: /Users/minhaj/Documents/MinhajSadik/Safora/test/domain/usecases/trigger_sos_usecase_test.dart: TriggerSosUseCase — Core Flow execute fetches GPS location before sending SMS               00:08 +881: /Users/minhaj/Documents/MinhajSadik/Safora/test/domain/usecases/trigger_sos_usecase_test.dart: TriggerSosUseCase — Core Flow execute fetches GPS location before sending SMS               00:08 +882: /Users/minhaj/Documents/MinhajSadik/Safora/test/domain/usecases/trigger_sos_usecase_test.dart: TriggerSosUseCase — Core Flow execute fetches GPS location before sending SMS               00:08 +882: /Users/minhaj/Documents/MinhajSadik/Safora/test/domain/usecases/trigger_sos_usecase_test.dart: TriggerSosUseCase — Core Flow execute fetches GPS location before sending SMS               
[INFO] [SOS] Auto-call initiated to Mom (+8801712345678)
00:08 +883: /Users/minhaj/Documents/MinhajSadik/Safora/test/domain/usecases/trigger_sos_usecase_test.dart: TriggerSosUseCase — Core Flow execute fetches GPS location before sending SMS               00:08 +884: /Users/minhaj/Documents/MinhajSadik/Safora/test/domain/usecases/trigger_sos_usecase_test.dart: TriggerSosUseCase — Core Flow execute fetches GPS location before sending SMS               00:08 +885: /Users/minhaj/Documents/MinhajSadik/Safora/test/domain/usecases/trigger_sos_usecase_test.dart: TriggerSosUseCase — Core Flow execute fetches GPS location before sending SMS               00:08 +886: /Users/minhaj/Documents/MinhajSadik/Safora/test/presentation/blocs/sos_preflight_test.dart: (setUpAll)                                                                                     00:08 +887: /Users/minhaj/Documents/MinhajSadik/Safora/test/presentation/blocs/sos_preflight_test.dart: (setUpAll)                                                                                     00:08 +887: /Users/minhaj/Documents/MinhajSadik/Safora/test/domain/usecases/trigger_sos_usecase_test.dart: TriggerSosUseCase — Core Flow execute sends SMS to all contacts                             
[INFO] [SOS] Auto-call initiated to Mom (+8801712345678)
00:08 +887: /Users/minhaj/Documents/MinhajSadik/Safora/test/presentation/blocs/battery_cubit_test.dart: BatteryCubit startMonitoring registers callback                                                00:08 +888: /Users/minhaj/Documents/MinhajSadik/Safora/test/presentation/blocs/reminders_cubit_test.dart: RemindersCubit — loadReminders emits RemindersLoading then RemindersLoaded on success        00:08 +889: /Users/minhaj/Documents/MinhajSadik/Safora/test/presentation/blocs/reminders_cubit_test.dart: RemindersCubit — loadReminders emits RemindersLoading then RemindersLoaded on success        00:08 +889: /Users/minhaj/Documents/MinhajSadik/Safora/test/domain/usecases/trigger_sos_usecase_test.dart: TriggerSosUseCase — Core Flow execute shows persistent notification                         
[INFO] [SOS] Auto-call initiated to Mom (+8801712345678)
00:08 +890: /Users/minhaj/Documents/MinhajSadik/Safora/test/presentation/blocs/reminders_cubit_test.dart: RemindersCubit — loadReminders emits RemindersLoading then RemindersLoaded on success        00:08 +891: /Users/minhaj/Documents/MinhajSadik/Safora/test/presentation/blocs/reminders_cubit_test.dart: RemindersCubit — loadReminders emits RemindersLoading then RemindersLoaded on success        00:08 +892: /Users/minhaj/Documents/MinhajSadik/Safora/test/data/alert_preferences_test.dart: AlertPreferences enableCategory enables all alerts in category                                           00:08 +893: /Users/minhaj/Documents/MinhajSadik/Safora/test/data/alert_preferences_test.dart: AlertPreferences enableCategory enables all alerts in category                                           00:08 +894: /Users/minhaj/Documents/MinhajSadik/Safora/test/presentation/blocs/sos_preflight_test.dart: SOS Pre-flight initial state is SosIdle                                                        00:08 +895: /Users/minhaj/Documents/MinhajSadik/Safora/test/presentation/blocs/sos_preflight_test.dart: SOS Pre-flight initial state is SosIdle                                                        00:08 +896: /Users/minhaj/Documents/MinhajSadik/Safora/test/presentation/blocs/sos_preflight_test.dart: SOS Pre-flight initial state is SosIdle                                                        00:08 +896: /Users/minhaj/Documents/MinhajSadik/Safora/test/domain/usecases/trigger_sos_usecase_test.dart: TriggerSosUseCase — Core Flow execute reports hasLocation correctly                         
[INFO] [SOS] Auto-call initiated to Mom (+8801712345678)
[INFO] [SOS] Auto-call initiated to Mom (+8801712345678)
00:08 +897: /Users/minhaj/Documents/MinhajSadik/Safora/test/presentation/blocs/sos_preflight_test.dart: SOS Pre-flight initial state is SosIdle                                                        00:08 +897: /Users/minhaj/Documents/MinhajSadik/Safora/test/domain/usecases/trigger_sos_usecase_test.dart: TriggerSosUseCase — Core Flow execute reports partial SMS delivery                          
[INFO] [SOS] Auto-call initiated to Mom (+8801712345678)
00:08 +898: /Users/minhaj/Documents/MinhajSadik/Safora/test/presentation/blocs/sos_preflight_test.dart: SOS Pre-flight initial state is SosIdle                                                        00:08 +899: /Users/minhaj/Documents/MinhajSadik/Safora/test/presentation/blocs/sos_preflight_test.dart: SOS Pre-flight initial state is SosIdle                                                        00:08 +899: /Users/minhaj/Documents/MinhajSadik/Safora/test/presentation/blocs/reminders_cubit_test.dart: RemindersCubit — loadReminders emits RemindersError on exception                             
[ERROR] [RemindersCubit] Error loading: Exception: DB error
00:08 +900: /Users/minhaj/Documents/MinhajSadik/Safora/test/presentation/blocs/sos_preflight_test.dart: SOS Pre-flight initial state is SosIdle                                                        00:08 +901: /Users/minhaj/Documents/MinhajSadik/Safora/test/presentation/blocs/sos_preflight_test.dart: SOS Pre-flight initial state is SosIdle                                                        00:08 +901: /Users/minhaj/Documents/MinhajSadik/Safora/test/domain/usecases/trigger_sos_usecase_test.dart: TriggerSosUseCase — Auto-Call Primary Contact GIVEN contacts with isPrimary=true, WHEN execute() runs, THEN tel: URI is launched for the primary contact
[INFO] [SOS] Auto-call initiated to Mom (+8801712345678)
00:08 +902: /Users/minhaj/Documents/MinhajSadik/Safora/test/presentation/blocs/sos_preflight_test.dart: SOS Pre-flight initial state is SosIdle                                                        00:08 +902: /Users/minhaj/Documents/MinhajSadik/Safora/test/domain/usecases/trigger_sos_usecase_test.dart: TriggerSosUseCase — Auto-Call Primary Contact GIVEN no contact has isPrimary=true, WHEN execute() runs, THEN tel: URI is launched for the FIRST contact (fallback)
[INFO] [SOS] Auto-call initiated to Friend (+8801799999999)
00:08 +903: /Users/minhaj/Documents/MinhajSadik/Safora/test/presentation/blocs/sos_preflight_test.dart: SOS Pre-flight initial state is SosIdle                                                        00:08 +904: /Users/minhaj/Documents/MinhajSadik/Safora/test/data/alert_preferences_test.dart: AlertPreferences disableCategory disables all alerts in category                                         00:08 +904: /Users/minhaj/Documents/MinhajSadik/Safora/test/domain/usecases/trigger_sos_usecase_test.dart: TriggerSosUseCase — Auto-Call Primary Contact GIVEN primary contact exists, WHEN execute() runs, THEN SMS is sent BEFORE call is initiated (order matters)
[INFO] [SOS] Auto-call initiated to Mom (+8801712345678)
00:08 +905: /Users/minhaj/Documents/MinhajSadik/Safora/test/data/alert_preferences_test.dart: AlertPreferences disableCategory disables all alerts in category                                         00:08 +905: /Users/minhaj/Documents/MinhajSadik/Safora/test/domain/usecases/trigger_sos_usecase_test.dart: TriggerSosUseCase — Auto-Call Primary Contact GIVEN phone call launcher returns false, WHEN execute() runs, THEN callInitiated is false but SMS still delivered
[WARN] [SOS] Failed to launch tel: URI for Mom
00:08 +906: /Users/minhaj/Documents/MinhajSadik/Safora/test/presentation/blocs/battery_cubit_test.dart: BatteryCubit sends SMS alert on critical level                                                 00:08 +906: /Users/minhaj/Documents/MinhajSadik/Safora/test/presentation/blocs/reminders_cubit_test.dart: RemindersCubit — addReminder adds reminder and reloads list                                  
[INFO] [RemindersCubit] Scheduled notification for Vitamin D at 10:0
00:08 +907: /Users/minhaj/Documents/MinhajSadik/Safora/test/presentation/blocs/battery_cubit_test.dart: BatteryCubit sends SMS alert on critical level                                                 00:08 +907: /Users/minhaj/Documents/MinhajSadik/Safora/test/presentation/blocs/sos_preflight_test.dart: SOS Pre-flight emits SosPreparing then SosPreflightFailed when no contacts                     
[INFO] [SOS] Pre-flight: GPS=false, Network=true, Contacts=0
00:08 +908: /Users/minhaj/Documents/MinhajSadik/Safora/test/presentation/blocs/battery_cubit_test.dart: BatteryCubit sends SMS alert on critical level                                                 00:08 +908: /Users/minhaj/Documents/MinhajSadik/Safora/test/domain/usecases/trigger_sos_usecase_test.dart: TriggerSosUseCase — Auto-Call Primary Contact GIVEN phone call launcher throws, WHEN execute() runs, THEN callInitiated is false but SOS flow completes
[WARN] [SOS] Auto-call failed: Exception: Platform channel error
00:08 +909: /Users/minhaj/Documents/MinhajSadik/Safora/test/presentation/blocs/battery_cubit_test.dart: BatteryCubit sends SMS alert on critical level                                                 00:08 +910: /Users/minhaj/Documents/MinhajSadik/Safora/test/presentation/blocs/battery_cubit_test.dart: BatteryCubit sends SMS alert on critical level                                                 00:08 +911: /Users/minhaj/Documents/MinhajSadik/Safora/test/presentation/blocs/battery_cubit_test.dart: BatteryCubit sends SMS alert on critical level                                                 00:08 +912: /Users/minhaj/Documents/MinhajSadik/Safora/test/presentation/blocs/battery_cubit_test.dart: BatteryCubit sends SMS alert on critical level                                                 00:08 +912: /Users/minhaj/Documents/MinhajSadik/Safora/test/domain/usecases/trigger_sos_usecase_test.dart: TriggerSosUseCase — Auto-Call Primary Contact GIVEN contact phone contains formatting characters, WHEN call is initiated, THEN phone number is cleaned (only digits and +)
[INFO] [SOS] Auto-call initiated to Formatted (+8801712345678)
00:08 +913: /Users/minhaj/Documents/MinhajSadik/Safora/test/presentation/blocs/battery_cubit_test.dart: BatteryCubit sends SMS alert on critical level                                                 00:08 +914: /Users/minhaj/Documents/MinhajSadik/Safora/test/presentation/blocs/battery_cubit_test.dart: BatteryCubit sends SMS alert on critical level                                                 00:08 +915: /Users/minhaj/Documents/MinhajSadik/Safora/test/presentation/blocs/battery_cubit_test.dart: BatteryCubit sends SMS alert on critical level                                                 00:08 +916: /Users/minhaj/Documents/MinhajSadik/Safora/test/presentation/blocs/battery_cubit_test.dart: BatteryCubit sends SMS alert on critical level                                                 00:08 +917: /Users/minhaj/Documents/MinhajSadik/Safora/test/presentation/blocs/battery_cubit_test.dart: BatteryCubit sends SMS alert on critical level                                                 00:08 +917: /Users/minhaj/Documents/MinhajSadik/Safora/test/domain/usecases/trigger_sos_usecase_test.dart: TriggerSosUseCase — Auto-Call Primary Contact GIVEN SMS service returns 0 (all sends failed), WHEN execute completes, THEN auto-call is STILL initiated to primary contact
[INFO] [SOS] Auto-call initiated to Mom (+8801712345678)
00:08 +917: /Users/minhaj/Documents/MinhajSadik/Safora/test/presentation/blocs/battery_cubit_test.dart: BatteryCubit sends SMS alert on critical level                                                 00:08 +918: /Users/minhaj/Documents/MinhajSadik/Safora/test/presentation/blocs/battery_cubit_test.dart: BatteryCubit sends SMS alert on critical level                                                 00:08 +919: /Users/minhaj/Documents/MinhajSadik/Safora/test/presentation/blocs/battery_cubit_test.dart: BatteryCubit sends SMS alert on critical level                                                 00:08 +920: /Users/minhaj/Documents/MinhajSadik/Safora/test/presentation/blocs/battery_cubit_test.dart: BatteryCubit sends SMS alert on critical level                                                 00:08 +921: /Users/minhaj/Documents/MinhajSadik/Safora/test/presentation/blocs/battery_cubit_test.dart: BatteryCubit sends SMS alert on critical level                                                 00:08 +922: /Users/minhaj/Documents/MinhajSadik/Safora/test/presentation/blocs/battery_cubit_test.dart: BatteryCubit sends SMS alert on critical level                                                 00:08 +923: /Users/minhaj/Documents/MinhajSadik/Safora/test/presentation/blocs/battery_cubit_test.dart: BatteryCubit sends SMS alert on critical level                                                 00:08 +924: /Users/minhaj/Documents/MinhajSadik/Safora/test/presentation/blocs/battery_cubit_test.dart: BatteryCubit sends SMS alert on critical level                                                 00:08 +925: /Users/minhaj/Documents/MinhajSadik/Safora/test/presentation/blocs/battery_cubit_test.dart: BatteryCubit sends SMS alert on critical level                                                 00:08 +926: /Users/minhaj/Documents/MinhajSadik/Safora/test/presentation/blocs/battery_cubit_test.dart: BatteryCubit sends SMS alert on critical level                                                 00:08 +927: /Users/minhaj/Documents/MinhajSadik/Safora/test/presentation/blocs/battery_cubit_test.dart: BatteryCubit sends SMS alert on critical level                                                 00:08 +928: /Users/minhaj/Documents/MinhajSadik/Safora/test/presentation/blocs/battery_cubit_test.dart: BatteryCubit sends SMS alert on critical level                                                 00:08 +929: /Users/minhaj/Documents/MinhajSadik/Safora/test/presentation/blocs/battery_cubit_test.dart: BatteryCubit sends SMS alert on critical level                                                 00:08 +930: /Users/minhaj/Documents/MinhajSadik/Safora/test/presentation/blocs/battery_cubit_test.dart: BatteryCubit sends SMS alert on critical level                                                 00:08 +931: /Users/minhaj/Documents/MinhajSadik/Safora/test/presentation/blocs/battery_cubit_test.dart: BatteryCubit sends SMS alert on critical level                                                 00:08 +931: /Users/minhaj/Documents/MinhajSadik/Safora/test/presentation/blocs/sos_cubit_test.dart: SosCubit startCountdown emits SosCountdown                                                         
[INFO] [SOS] Pre-flight: GPS=false, Network=true, Contacts=1
[INFO] [SOS] No cached GPS — attempting quick fix...
00:08 +932: /Users/minhaj/Documents/MinhajSadik/Safora/test/presentation/blocs/battery_cubit_test.dart: BatteryCubit sends SMS alert on critical level                                                 00:08 +932: /Users/minhaj/Documents/MinhajSadik/Safora/test/presentation/blocs/sos_cubit_test.dart: SosCubit cancelCountdown returns to idle                                                           
[INFO] [SOS] Pre-flight: GPS=false, Network=true, Contacts=1
[INFO] [SOS] No cached GPS — attempting quick fix...
00:08 +933: /Users/minhaj/Documents/MinhajSadik/Safora/test/presentation/blocs/sos_preflight_test.dart: SOS Pre-flight emits SosPreparing then SosPreflightFailed when no contacts                     00:08 +934: /Users/minhaj/Documents/MinhajSadik/Safora/test/presentation/blocs/sos_preflight_test.dart: SOS Pre-flight emits SosPreparing then SosPreflightFailed when no contacts                     00:08 +935: /Users/minhaj/Documents/MinhajSadik/Safora/test/presentation/blocs/sos_cubit_test.dart: SosCubit cancelCountdown returns to idle                                                           00:08 +935: /Users/minhaj/Documents/MinhajSadik/Safora/test/presentation/blocs/sos_preflight_test.dart: SOS Pre-flight emits SosPreparing then SosCountdown when contacts exist                        
[INFO] [SOS] Pre-flight: GPS=false, Network=true, Contacts=1
[INFO] [SOS] No cached GPS — attempting quick fix...
00:08 +936: /Users/minhaj/Documents/MinhajSadik/Safora/test/presentation/blocs/sos_cubit_test.dart: SosCubit cancelCountdown returns to idle                                                           00:08 +937: /Users/minhaj/Documents/MinhajSadik/Safora/test/presentation/blocs/sos_cubit_test.dart: SosCubit cancelCountdown returns to idle                                                           00:08 +938: /Users/minhaj/Documents/MinhajSadik/Safora/test/presentation/blocs/sos_cubit_test.dart: SosCubit cancelCountdown returns to idle                                                           00:08 +938: /Users/minhaj/Documents/MinhajSadik/Safora/test/presentation/blocs/sos_preflight_test.dart: SOS Pre-flight SosPreparing reports gpsReady=false when no cached position                     
[INFO] [SOS] Pre-flight: GPS=false, Network=true, Contacts=1
[INFO] [SOS] No cached GPS — attempting quick fix...
00:08 +939: /Users/minhaj/Documents/MinhajSadik/Safora/test/presentation/blocs/sos_cubit_test.dart: SosCubit cancelCountdown returns to idle                                                           00:08 +940: /Users/minhaj/Documents/MinhajSadik/Safora/test/presentation/blocs/sos_cubit_test.dart: SosCubit cancelCountdown returns to idle                                                           00:09 +940: /Users/minhaj/Documents/MinhajSadik/Safora/test/presentation/blocs/sos_cubit_test.dart: SosCubit cancelCountdown returns to idle                                                           00:09 +941: /Users/minhaj/Documents/MinhajSadik/Safora/test/presentation/blocs/sos_cubit_test.dart: SosCubit cancelCountdown returns to idle                                                           00:09 +942: /Users/minhaj/Documents/MinhajSadik/Safora/test/presentation/blocs/sos_cubit_test.dart: SosCubit cancelCountdown returns to idle                                                           00:09 +943: /Users/minhaj/Documents/MinhajSadik/Safora/test/presentation/blocs/sos_cubit_test.dart: SosCubit cancelCountdown returns to idle                                                           00:09 +944: /Users/minhaj/Documents/MinhajSadik/Safora/test/presentation/blocs/sos_cubit_test.dart: SosCubit cancelCountdown returns to idle                                                           00:09 +945: /Users/minhaj/Documents/MinhajSadik/Safora/test/presentation/blocs/sos_cubit_test.dart: SosCubit cancelCountdown returns to idle                                                           00:09 +946: /Users/minhaj/Documents/MinhajSadik/Safora/test/presentation/blocs/sos_cubit_test.dart: SosCubit cancelCountdown returns to idle                                                           00:09 +947: /Users/minhaj/Documents/MinhajSadik/Safora/test/presentation/blocs/sos_cubit_test.dart: SosCubit cancelCountdown returns to idle                                                           00:09 +948: /Users/minhaj/Documents/MinhajSadik/Safora/test/presentation/blocs/sos_cubit_test.dart: SosCubit cancelCountdown returns to idle                                                           00:09 +949: /Users/minhaj/Documents/MinhajSadik/Safora/test/presentation/blocs/sos_cubit_test.dart: SosCubit cancelCountdown returns to idle                                                           00:09 +950: /Users/minhaj/Documents/MinhajSadik/Safora/test/presentation/blocs/sos_cubit_test.dart: SosCubit cancelCountdown returns to idle                                                           00:09 +951: /Users/minhaj/Documents/MinhajSadik/Safora/test/presentation/blocs/sos_cubit_test.dart: SosCubit cancelCountdown returns to idle                                                           00:09 +952: /Users/minhaj/Documents/MinhajSadik/Safora/test/presentation/blocs/sos_cubit_test.dart: SosCubit cancelCountdown returns to idle                                                           00:09 +953: /Users/minhaj/Documents/MinhajSadik/Safora/test/presentation/blocs/sos_cubit_test.dart: SosCubit cancelCountdown returns to idle                                                           00:09 +954: /Users/minhaj/Documents/MinhajSadik/Safora/test/presentation/blocs/sos_cubit_test.dart: SosCubit cancelCountdown returns to idle                                                           00:09 +955: /Users/minhaj/Documents/MinhajSadik/Safora/test/presentation/blocs/sos_cubit_test.dart: SosCubit cancelCountdown returns to idle                                                           00:09 +956: /Users/minhaj/Documents/MinhajSadik/Safora/test/presentation/blocs/sos_cubit_test.dart: SosCubit cancelCountdown returns to idle                                                           00:09 +957: /Users/minhaj/Documents/MinhajSadik/Safora/test/presentation/blocs/sos_cubit_test.dart: SosCubit cancelCountdown returns to idle                                                           00:09 +958: /Users/minhaj/Documents/MinhajSadik/Safora/test/presentation/blocs/sos_cubit_test.dart: SosCubit cancelCountdown returns to idle                                                           00:09 +959: /Users/minhaj/Documents/MinhajSadik/Safora/test/presentation/blocs/sos_cubit_test.dart: SosCubit cancelCountdown returns to idle                                                           00:09 +960: /Users/minhaj/Documents/MinhajSadik/Safora/test/presentation/blocs/sos_cubit_test.dart: SosCubit cancelCountdown returns to idle                                                           00:09 +961: /Users/minhaj/Documents/MinhajSadik/Safora/test/presentation/blocs/sos_cubit_test.dart: SosCubit cancelCountdown returns to idle                                                           00:09 +961: /Users/minhaj/Documents/MinhajSadik/Safora/test/presentation/blocs/contacts_cubit_test.dart: ContactsCubit — startup cloud sync pulls from cloud when local store is empty on reinstall    
[INFO] [ContactsCubit] Local contacts empty — syncing from cloud
00:09 +962: /Users/minhaj/Documents/MinhajSadik/Safora/test/presentation/blocs/sos_cubit_test.dart: SosCubit cancelCountdown returns to idle                                                           00:09 +963: /Users/minhaj/Documents/MinhajSadik/Safora/test/presentation/blocs/sos_cubit_test.dart: SosCubit cancelCountdown returns to idle                                                           00:09 +964: /Users/minhaj/Documents/MinhajSadik/Safora/test/presentation/blocs/sos_cubit_test.dart: SosCubit cancelCountdown returns to idle                                                           00:09 +965: /Users/minhaj/Documents/MinhajSadik/Safora/test/presentation/blocs/sos_cubit_test.dart: SosCubit cancelCountdown returns to idle                                                           00:09 +966: /Users/minhaj/Documents/MinhajSadik/Safora/test/presentation/blocs/sos_cubit_test.dart: SosCubit cancelCountdown returns to idle                                                           00:09 +967: /Users/minhaj/Documents/MinhajSadik/Safora/test/presentation/blocs/sos_cubit_test.dart: SosCubit cancelCountdown returns to idle                                                           00:09 +968: /Users/minhaj/Documents/MinhajSadik/Safora/test/presentation/blocs/sos_cubit_test.dart: SosCubit cancelCountdown returns to idle                                                           00:09 +969: /Users/minhaj/Documents/MinhajSadik/Safora/test/presentation/blocs/sos_cubit_test.dart: SosCubit cancelCountdown returns to idle                                                           00:09 +970: /Users/minhaj/Documents/MinhajSadik/Safora/test/presentation/blocs/sos_cubit_test.dart: SosCubit cancelCountdown returns to idle                                                           00:09 +971: /Users/minhaj/Documents/MinhajSadik/Safora/test/presentation/blocs/sos_cubit_test.dart: SosCubit cancelCountdown returns to idle                                                           00:09 +972: /Users/minhaj/Documents/MinhajSadik/Safora/test/presentation/blocs/sos_cubit_test.dart: SosCubit cancelCountdown returns to idle                                                           00:09 +973: /Users/minhaj/Documents/MinhajSadik/Safora/test/presentation/blocs/sos_cubit_test.dart: SosCubit cancelCountdown returns to idle                                                           00:09 +974: /Users/minhaj/Documents/MinhajSadik/Safora/test/presentation/blocs/sos_cubit_test.dart: SosCubit cancelCountdown returns to idle                                                           00:09 +975: /Users/minhaj/Documents/MinhajSadik/Safora/test/presentation/blocs/sos_cubit_test.dart: SosCubit cancelCountdown returns to idle                                                           00:09 +976: /Users/minhaj/Documents/MinhajSadik/Safora/test/presentation/blocs/sos_cubit_test.dart: SosCubit cancelCountdown returns to idle                                                           00:09 +977: /Users/minhaj/Documents/MinhajSadik/Safora/test/presentation/blocs/sos_cubit_test.dart: SosCubit cancelCountdown returns to idle                                                           00:09 +978: /Users/minhaj/Documents/MinhajSadik/Safora/test/presentation/blocs/sos_cubit_test.dart: SosCubit cancelCountdown returns to idle                                                           00:09 +979: /Users/minhaj/Documents/MinhajSadik/Safora/test/presentation/blocs/sos_cubit_test.dart: SosCubit cancelCountdown returns to idle                                                           00:09 +980: /Users/minhaj/Documents/MinhajSadik/Safora/test/presentation/blocs/sos_cubit_test.dart: SosCubit cancelCountdown returns to idle                                                           00:09 +981: /Users/minhaj/Documents/MinhajSadik/Safora/test/presentation/blocs/sos_cubit_test.dart: SosCubit cancelCountdown returns to idle                                                           00:09 +982: /Users/minhaj/Documents/MinhajSadik/Safora/test/presentation/blocs/sos_cubit_test.dart: SosCubit cancelCountdown returns to idle                                                           00:09 +983: /Users/minhaj/Documents/MinhajSadik/Safora/test/presentation/blocs/sos_cubit_test.dart: SosCubit cancelCountdown returns to idle                                                           00:09 +984: /Users/minhaj/Documents/MinhajSadik/Safora/test/presentation/blocs/sos_cubit_test.dart: SosCubit cancelCountdown returns to idle                                                           00:09 +985: /Users/minhaj/Documents/MinhajSadik/Safora/test/presentation/blocs/sos_cubit_test.dart: SosCubit cancelCountdown returns to idle                                                           00:09 +986: /Users/minhaj/Documents/MinhajSadik/Safora/test/presentation/blocs/sos_cubit_test.dart: SosCubit cancelCountdown returns to idle                                                           00:09 +987: /Users/minhaj/Documents/MinhajSadik/Safora/test/presentation/blocs/sos_cubit_test.dart: SosCubit cancelCountdown returns to idle                                                           00:09 +987: /Users/minhaj/Documents/MinhajSadik/Safora/test/presentation/blocs/sos_preflight_test.dart: SOS Pre-flight cancelCountdown emits SosCancelled and logs history                             
[INFO] [SOS] Pre-flight: GPS=false, Network=true, Contacts=1
[INFO] [SOS] No cached GPS — attempting quick fix...
00:09 +987: /Users/minhaj/Documents/MinhajSadik/Safora/test/presentation/blocs/sos_cubit_test.dart: SosCubit cancelCountdown returns to idle                                                           00:09 +988: /Users/minhaj/Documents/MinhajSadik/Safora/test/presentation/blocs/sos_cubit_test.dart: SosCubit cancelCountdown returns to idle                                                           00:09 +989: /Users/minhaj/Documents/MinhajSadik/Safora/test/presentation/blocs/sos_cubit_test.dart: SosCubit cancelCountdown returns to idle                                                           00:09 +990: /Users/minhaj/Documents/MinhajSadik/Safora/test/presentation/blocs/sos_cubit_test.dart: SosCubit cancelCountdown returns to idle                                                           00:09 +991: /Users/minhaj/Documents/MinhajSadik/Safora/test/presentation/blocs/sos_cubit_test.dart: SosCubit cancelCountdown returns to idle                                                           00:09 +992: /Users/minhaj/Documents/MinhajSadik/Safora/test/presentation/blocs/sos_cubit_test.dart: SosCubit cancelCountdown returns to idle                                                           00:09 +993: /Users/minhaj/Documents/MinhajSadik/Safora/test/presentation/blocs/sos_cubit_test.dart: SosCubit cancelCountdown returns to idle                                                           00:09 +994: /Users/minhaj/Documents/MinhajSadik/Safora/test/presentation/blocs/sos_cubit_test.dart: SosCubit cancelCountdown returns to idle                                                           00:09 +995: /Users/minhaj/Documents/MinhajSadik/Safora/test/presentation/blocs/sos_cubit_test.dart: SosCubit cancelCountdown returns to idle                                                           00:09 +996: /Users/minhaj/Documents/MinhajSadik/Safora/test/presentation/blocs/sos_cubit_test.dart: SosCubit cancelCountdown returns to idle                                                           00:09 +997: /Users/minhaj/Documents/MinhajSadik/Safora/test/presentation/blocs/sos_cubit_test.dart: SosCubit cancelCountdown returns to idle                                                           00:09 +998: /Users/minhaj/Documents/MinhajSadik/Safora/test/presentation/blocs/sos_cubit_test.dart: SosCubit cancelCountdown returns to idle                                                           00:09 +999: /Users/minhaj/Documents/MinhajSadik/Safora/test/presentation/blocs/sos_cubit_test.dart: SosCubit cancelCountdown returns to idle                                                           00:09 +1000: /Users/minhaj/Documents/MinhajSadik/Safora/test/presentation/blocs/sos_cubit_test.dart: SosCubit cancelCountdown returns to idle                                                          00:09 +1001: /Users/minhaj/Documents/MinhajSadik/Safora/test/presentation/blocs/sos_cubit_test.dart: SosCubit cancelCountdown returns to idle                                                          00:09 +1002: /Users/minhaj/Documents/MinhajSadik/Safora/test/presentation/blocs/sos_cubit_test.dart: SosCubit cancelCountdown returns to idle                                                          00:09 +1003: /Users/minhaj/Documents/MinhajSadik/Safora/test/presentation/blocs/sos_cubit_test.dart: SosCubit cancelCountdown returns to idle                                                          00:09 +1004: /Users/minhaj/Documents/MinhajSadik/Safora/test/presentation/blocs/sos_cubit_test.dart: SosCubit cancelCountdown returns to idle                                                          00:09 +1005: /Users/minhaj/Documents/MinhajSadik/Safora/test/presentation/blocs/sos_cubit_test.dart: SosCubit cancelCountdown returns to idle                                                          00:09 +1006: /Users/minhaj/Documents/MinhajSadik/Safora/test/presentation/blocs/sos_cubit_test.dart: SosCubit cancelCountdown returns to idle                                                          00:09 +1007: /Users/minhaj/Documents/MinhajSadik/Safora/test/presentation/blocs/sos_cubit_test.dart: SosCubit cancelCountdown returns to idle                                                          00:09 +1008: /Users/minhaj/Documents/MinhajSadik/Safora/test/presentation/blocs/sos_cubit_test.dart: SosCubit cancelCountdown returns to idle                                                          00:09 +1009: /Users/minhaj/Documents/MinhajSadik/Safora/test/presentation/blocs/sos_cubit_test.dart: SosCubit cancelCountdown returns to idle                                                          00:09 +1010: /Users/minhaj/Documents/MinhajSadik/Safora/test/presentation/blocs/sos_cubit_test.dart: SosCubit cancelCountdown returns to idle                                                          00:09 +1011: /Users/minhaj/Documents/MinhajSadik/Safora/test/presentation/blocs/sos_cubit_test.dart: SosCubit cancelCountdown returns to idle                                                          00:09 +1012: /Users/minhaj/Documents/MinhajSadik/Safora/test/presentation/blocs/sos_cubit_test.dart: SosCubit cancelCountdown returns to idle                                                          00:09 +1013: /Users/minhaj/Documents/MinhajSadik/Safora/test/presentation/blocs/sos_cubit_test.dart: SosCubit cancelCountdown returns to idle                                                          00:10 +1013: /Users/minhaj/Documents/MinhajSadik/Safora/test/presentation/blocs/sos_cubit_test.dart: SosCubit cancelCountdown returns to idle                                                          00:10 +1014: /Users/minhaj/Documents/MinhajSadik/Safora/test/presentation/blocs/sos_cubit_test.dart: SosCubit cancelCountdown returns to idle                                                          00:10 +1015: /Users/minhaj/Documents/MinhajSadik/Safora/test/presentation/blocs/sos_cubit_test.dart: SosCubit cancelCountdown returns to idle                                                          00:10 +1015: /Users/minhaj/Documents/MinhajSadik/Safora/test/presentation/blocs/sos_preflight_test.dart: SOS Pre-flight does not restart if already preparing/countdown                                
[INFO] [SOS] Pre-flight: GPS=false, Network=true, Contacts=1
[INFO] [SOS] No cached GPS — attempting quick fix...
00:10 +1015: /Users/minhaj/Documents/MinhajSadik/Safora/test/presentation/blocs/sos_cubit_test.dart: SosCubit cancelCountdown returns to idle                                                          00:10 +1016: /Users/minhaj/Documents/MinhajSadik/Safora/test/presentation/blocs/sos_cubit_test.dart: SosCubit cancelCountdown returns to idle                                                          00:10 +1017: /Users/minhaj/Documents/MinhajSadik/Safora/test/presentation/blocs/sos_cubit_test.dart: SosCubit cancelCountdown returns to idle                                                          00:10 +1018: /Users/minhaj/Documents/MinhajSadik/Safora/test/presentation/blocs/sos_cubit_test.dart: SosCubit cancelCountdown returns to idle                                                          00:10 +1019: /Users/minhaj/Documents/MinhajSadik/Safora/test/presentation/blocs/sos_cubit_test.dart: SosCubit cancelCountdown returns to idle                                                          00:10 +1020: /Users/minhaj/Documents/MinhajSadik/Safora/test/presentation/blocs/alerts_cubit_test.dart: AlertsCubit loadAlerts emits Loading then Loaded                                               00:10 +1020: /Users/minhaj/Documents/MinhajSadik/Safora/test/presentation/blocs/sos_cubit_test.dart: SosCubit deactivateSos stops audio and returns to idle                                            
[INFO] [SOS] Pre-flight: GPS=false, Network=true, Contacts=1
[INFO] [SOS] No cached GPS — attempting quick fix...
00:10 +1021: /Users/minhaj/Documents/MinhajSadik/Safora/test/presentation/blocs/alerts_cubit_test.dart: AlertsCubit loadAlerts emits Loading then Loaded                                               00:10 +1021: /Users/minhaj/Documents/MinhajSadik/Safora/test/presentation/blocs/sos_cubit_test.dart: SosCubit startCountdown is ignored if already counting (double-tap protection)                    
[INFO] [SOS] Pre-flight: GPS=false, Network=true, Contacts=1
[INFO] [SOS] No cached GPS — attempting quick fix...
00:10 +1022: /Users/minhaj/Documents/MinhajSadik/Safora/test/presentation/blocs/alerts_cubit_test.dart: AlertsCubit loadAlerts emits Loading then Loaded                                               00:10 +1022: /Users/minhaj/Documents/MinhajSadik/Safora/test/presentation/blocs/sos_cubit_test.dart: SosCubit countdown progress decreases each tick                                                   
[INFO] [SOS] Pre-flight: GPS=false, Network=true, Contacts=1
[INFO] [SOS] No cached GPS — attempting quick fix...
00:10 +1023: /Users/minhaj/Documents/MinhajSadik/Safora/test/presentation/blocs/alerts_cubit_test.dart: AlertsCubit loadAlerts emits Loading then Loaded                                               00:10 +1024: /Users/minhaj/Documents/MinhajSadik/Safora/test/presentation/blocs/alerts_cubit_test.dart: AlertsCubit loadAlerts emits Loading then Loaded                                               00:10 +1025: /Users/minhaj/Documents/MinhajSadik/Safora/test/presentation/blocs/alerts_cubit_test.dart: AlertsCubit loadAlerts emits Loading then Loaded                                               00:10 +1026: /Users/minhaj/Documents/MinhajSadik/Safora/test/presentation/blocs/alerts_cubit_test.dart: AlertsCubit loadAlerts emits Loading then Loaded                                               00:10 +1027: /Users/minhaj/Documents/MinhajSadik/Safora/test/presentation/blocs/alerts_cubit_test.dart: AlertsCubit loadAlerts emits Loading then Loaded                                               00:10 +1028: /Users/minhaj/Documents/MinhajSadik/Safora/test/presentation/blocs/alerts_cubit_test.dart: AlertsCubit loadAlerts emits Loading then Loaded                                               00:10 +1029: /Users/minhaj/Documents/MinhajSadik/Safora/test/presentation/blocs/alerts_cubit_test.dart: AlertsCubit loadAlerts emits Loading then Loaded                                               00:10 +1030: /Users/minhaj/Documents/MinhajSadik/Safora/test/presentation/blocs/alerts_cubit_test.dart: AlertsCubit loadAlerts emits Loading then Loaded                                               00:11 +1030: /Users/minhaj/Documents/MinhajSadik/Safora/test/presentation/blocs/alerts_cubit_test.dart: AlertsCubit loadAlerts emits Loading then Loaded                                               00:11 +1030: /Users/minhaj/Documents/MinhajSadik/Safora/test/presentation/widgets/live_map_screen_widget_test.dart: LiveMapScreen Widget Tests renders live map screen                                 
[38;5;12m┌───────────────────────────────────────────────────────────────────────────────────────────────────────────────────────[0m
[38;5;12m│ 💡 [1m[3mflutter_map[0m[0m
[38;5;12m│ 💡 flutter_map wants to help keep map data available for everyone.[0m
[38;5;12m│ 💡 We use the OpenStreetMap public tile servers in our code examples & demo app,[0m
[38;5;12m│ 💡 but they are NOT free to use by everyone. Please review whether OSM's tile[0m
[38;5;12m│ 💡 servers are appropriate and the best choice for your app.[0m
[38;5;12m│ 💡 See:[0m
[38;5;12m│ 💡  * https://operations.osmfoundation.org/policies/tiles (OSM Tile Usage Policy)[0m
[38;5;12m│ 💡  * https://docs.fleaflet.dev/osm-warn for more information about this warning[0m
[38;5;12m└───────────────────────────────────────────────────────────────────────────────────────────────────────────────────────[0m
00:11 +1031: /Users/minhaj/Documents/MinhajSadik/Safora/test/presentation/blocs/alerts_cubit_test.dart: AlertsCubit loadAlerts emits Loading then Loaded                                               00:11 +1032: /Users/minhaj/Documents/MinhajSadik/Safora/test/presentation/blocs/alerts_cubit_test.dart: AlertsCubit loadAlerts emits Loading then Loaded                                               00:11 +1033: /Users/minhaj/Documents/MinhajSadik/Safora/test/presentation/blocs/alerts_cubit_test.dart: AlertsCubit loadAlerts emits Loading then Loaded                                               00:11 +1034: /Users/minhaj/Documents/MinhajSadik/Safora/test/presentation/blocs/alerts_cubit_test.dart: AlertsCubit loadAlerts emits Loading then Loaded                                               00:11 +1035: /Users/minhaj/Documents/MinhajSadik/Safora/test/presentation/blocs/alerts_cubit_test.dart: AlertsCubit loadAlerts emits Loading then Loaded                                               00:11 +1036: /Users/minhaj/Documents/MinhajSadik/Safora/test/presentation/blocs/alerts_cubit_test.dart: AlertsCubit loadAlerts emits Loading then Loaded                                               00:11 +1036: /Users/minhaj/Documents/MinhajSadik/Safora/test/presentation/widgets/live_map_screen_widget_test.dart: LiveMapScreen Widget Tests renders map app bar with title                          
[38;5;12m┌───────────────────────────────────────────────────────────────────────────────────────────────────────────────────────[0m
[38;5;12m│ 💡 [1m[3mflutter_map[0m[0m
[38;5;12m│ 💡 flutter_map wants to help keep map data available for everyone.[0m
[38;5;12m│ 💡 We use the OpenStreetMap public tile servers in our code examples & demo app,[0m
[38;5;12m│ 💡 but they are NOT free to use by everyone. Please review whether OSM's tile[0m
[38;5;12m│ 💡 servers are appropriate and the best choice for your app.[0m
[38;5;12m│ 💡 See:[0m
[38;5;12m│ 💡  * https://operations.osmfoundation.org/policies/tiles (OSM Tile Usage Policy)[0m
[38;5;12m│ 💡  * https://docs.fleaflet.dev/osm-warn for more information about this warning[0m
[38;5;12m└───────────────────────────────────────────────────────────────────────────────────────────────────────────────────────[0m
00:11 +1037: /Users/minhaj/Documents/MinhajSadik/Safora/test/presentation/blocs/alerts_cubit_test.dart: AlertsCubit loadAlerts emits Loading then Loaded                                               00:11 +1038: /Users/minhaj/Documents/MinhajSadik/Safora/test/presentation/blocs/alerts_cubit_test.dart: AlertsCubit loadAlerts emits Loading then Loaded                                               00:11 +1039: /Users/minhaj/Documents/MinhajSadik/Safora/test/presentation/blocs/alerts_cubit_test.dart: AlertsCubit loadAlerts emits Loading then Loaded                                               00:11 +1039: /Users/minhaj/Documents/MinhajSadik/Safora/test/presentation/widgets/live_map_screen_widget_test.dart: LiveMapScreen Widget Tests renders shield toggle icon button                       
[38;5;12m┌───────────────────────────────────────────────────────────────────────────────────────────────────────────────────────[0m
[38;5;12m│ 💡 [1m[3mflutter_map[0m[0m
[38;5;12m│ 💡 flutter_map wants to help keep map data available for everyone.[0m
[38;5;12m│ 💡 We use the OpenStreetMap public tile servers in our code examples & demo app,[0m
[38;5;12m│ 💡 but they are NOT free to use by everyone. Please review whether OSM's tile[0m
[38;5;12m│ 💡 servers are appropriate and the best choice for your app.[0m
[38;5;12m│ 💡 See:[0m
[38;5;12m│ 💡  * https://operations.osmfoundation.org/policies/tiles (OSM Tile Usage Policy)[0m
[38;5;12m│ 💡  * https://docs.fleaflet.dev/osm-warn for more information about this warning[0m
[38;5;12m└───────────────────────────────────────────────────────────────────────────────────────────────────────────────────────[0m
00:11 +1040: /Users/minhaj/Documents/MinhajSadik/Safora/test/presentation/blocs/alerts_cubit_test.dart: AlertsCubit loadAlerts emits Loading then Loaded                                               00:11 +1041: /Users/minhaj/Documents/MinhajSadik/Safora/test/presentation/blocs/sos_cubit_test.dart: SosCubit countdown progress decreases each tick                                                   00:11 +1042: /Users/minhaj/Documents/MinhajSadik/Safora/test/presentation/blocs/sos_cubit_test.dart: SosCubit countdown progress decreases each tick                                                   00:11 +1042: /Users/minhaj/Documents/MinhajSadik/Safora/test/presentation/widgets/live_map_screen_widget_test.dart: LiveMapScreen Widget Tests renders FlutterMap widget                               
[38;5;12m┌───────────────────────────────────────────────────────────────────────────────────────────────────────────────────────[0m
[38;5;12m│ 💡 [1m[3mflutter_map[0m[0m
[38;5;12m│ 💡 flutter_map wants to help keep map data available for everyone.[0m
[38;5;12m│ 💡 We use the OpenStreetMap public tile servers in our code examples & demo app,[0m
[38;5;12m│ 💡 but they are NOT free to use by everyone. Please review whether OSM's tile[0m
[38;5;12m│ 💡 servers are appropriate and the best choice for your app.[0m
[38;5;12m│ 💡 See:[0m
[38;5;12m│ 💡  * https://operations.osmfoundation.org/policies/tiles (OSM Tile Usage Policy)[0m
[38;5;12m│ 💡  * https://docs.fleaflet.dev/osm-warn for more information about this warning[0m
[38;5;12m└───────────────────────────────────────────────────────────────────────────────────────────────────────────────────────[0m
00:11 +1043: /Users/minhaj/Documents/MinhajSadik/Safora/test/presentation/blocs/sos_cubit_test.dart: SosCubit countdown progress decreases each tick                                                   00:11 +1044: /Users/minhaj/Documents/MinhajSadik/Safora/test/presentation/blocs/sos_cubit_test.dart: SosCubit countdown progress decreases each tick                                                   00:11 +1045: /Users/minhaj/Documents/MinhajSadik/Safora/test/presentation/blocs/sos_cubit_test.dart: SosCubit countdown progress decreases each tick                                                   00:11 +1046: /Users/minhaj/Documents/MinhajSadik/Safora/test/presentation/blocs/sos_cubit_test.dart: SosCubit countdown progress decreases each tick                                                   00:11 +1047: /Users/minhaj/Documents/MinhajSadik/Safora/test/presentation/blocs/sos_cubit_test.dart: SosCubit countdown progress decreases each tick                                                   00:11 +1048: /Users/minhaj/Documents/MinhajSadik/Safora/test/presentation/blocs/sos_cubit_test.dart: SosCubit countdown progress decreases each tick                                                   00:11 +1049: /Users/minhaj/Documents/MinhajSadik/Safora/test/presentation/blocs/sos_cubit_test.dart: SosCubit countdown progress decreases each tick                                                   00:11 +1050: /Users/minhaj/Documents/MinhajSadik/Safora/test/presentation/blocs/sos_cubit_test.dart: SosCubit countdown progress decreases each tick                                                   00:11 +1051: /Users/minhaj/Documents/MinhajSadik/Safora/test/presentation/blocs/sos_cubit_test.dart: SosCubit countdown progress decreases each tick                                                   00:11 +1052: /Users/minhaj/Documents/MinhajSadik/Safora/test/presentation/blocs/sos_cubit_test.dart: SosCubit countdown progress decreases each tick                                                   00:11 +1053: /Users/minhaj/Documents/MinhajSadik/Safora/test/presentation/blocs/sos_cubit_test.dart: SosCubit countdown progress decreases each tick                                                   00:11 +1054: /Users/minhaj/Documents/MinhajSadik/Safora/test/presentation/blocs/sos_cubit_test.dart: SosCubit countdown progress decreases each tick                                                   00:11 +1055: /Users/minhaj/Documents/MinhajSadik/Safora/test/presentation/blocs/sos_cubit_test.dart: SosCubit countdown progress decreases each tick                                                   00:11 +1056: /Users/minhaj/Documents/MinhajSadik/Safora/test/presentation/blocs/sos_cubit_test.dart: SosCubit countdown progress decreases each tick                                                   00:11 +1057: /Users/minhaj/Documents/MinhajSadik/Safora/test/presentation/blocs/sos_cubit_test.dart: SosCubit countdown progress decreases each tick                                                   00:11 +1058: /Users/minhaj/Documents/MinhajSadik/Safora/test/presentation/blocs/sos_cubit_test.dart: SosCubit countdown progress decreases each tick                                                   00:12 +1058: /Users/minhaj/Documents/MinhajSadik/Safora/test/presentation/blocs/sos_cubit_test.dart: SosCubit countdown progress decreases each tick                                                   00:12 +1059: /Users/minhaj/Documents/MinhajSadik/Safora/test/presentation/blocs/sos_cubit_test.dart: SosCubit countdown progress decreases each tick                                                   00:12 +1060: /Users/minhaj/Documents/MinhajSadik/Safora/test/presentation/blocs/sos_cubit_test.dart: SosCubit countdown progress decreases each tick                                                   00:12 +1061: /Users/minhaj/Documents/MinhajSadik/Safora/test/presentation/blocs/sos_cubit_test.dart: SosCubit countdown progress decreases each tick                                                   00:12 +1062: /Users/minhaj/Documents/MinhajSadik/Safora/test/presentation/blocs/sos_cubit_test.dart: SosCubit countdown progress decreases each tick                                                   00:12 +1063: /Users/minhaj/Documents/MinhajSadik/Safora/test/presentation/blocs/sos_cubit_test.dart: SosCubit countdown progress decreases each tick                                                   00:12 +1064: /Users/minhaj/Documents/MinhajSadik/Safora/test/presentation/blocs/sos_cubit_test.dart: SosCubit countdown progress decreases each tick                                                   00:12 +1065: /Users/minhaj/Documents/MinhajSadik/Safora/test/presentation/blocs/sos_cubit_test.dart: SosCubit countdown progress decreases each tick                                                   00:12 +1066: /Users/minhaj/Documents/MinhajSadik/Safora/test/presentation/blocs/sos_cubit_test.dart: SosCubit countdown progress decreases each tick                                                   00:12 +1067: /Users/minhaj/Documents/MinhajSadik/Safora/test/presentation/blocs/sos_cubit_test.dart: SosCubit countdown progress decreases each tick                                                   00:12 +1068: /Users/minhaj/Documents/MinhajSadik/Safora/test/presentation/blocs/sos_cubit_test.dart: SosCubit countdown progress decreases each tick                                                   00:12 +1069: /Users/minhaj/Documents/MinhajSadik/Safora/test/presentation/blocs/sos_cubit_test.dart: SosCubit countdown progress decreases each tick                                                   00:12 +1070: /Users/minhaj/Documents/MinhajSadik/Safora/test/presentation/blocs/sos_cubit_test.dart: SosCubit countdown progress decreases each tick                                                   00:12 +1071: /Users/minhaj/Documents/MinhajSadik/Safora/test/presentation/blocs/sos_cubit_test.dart: SosCubit countdown progress decreases each tick                                                   00:12 +1072: /Users/minhaj/Documents/MinhajSadik/Safora/test/presentation/blocs/sos_cubit_test.dart: SosCubit countdown progress decreases each tick                                                   00:12 +1073: /Users/minhaj/Documents/MinhajSadik/Safora/test/presentation/blocs/sos_cubit_test.dart: SosCubit countdown progress decreases each tick                                                   00:12 +1074: /Users/minhaj/Documents/MinhajSadik/Safora/test/presentation/blocs/sos_cubit_test.dart: SosCubit countdown progress decreases each tick                                                   00:12 +1075: /Users/minhaj/Documents/MinhajSadik/Safora/test/presentation/blocs/sos_cubit_test.dart: SosCubit countdown progress decreases each tick                                                   00:12 +1076: /Users/minhaj/Documents/MinhajSadik/Safora/test/presentation/blocs/sos_cubit_test.dart: SosCubit countdown progress decreases each tick                                                   00:12 +1077: /Users/minhaj/Documents/MinhajSadik/Safora/test/presentation/blocs/sos_cubit_test.dart: SosCubit countdown progress decreases each tick                                                   00:12 +1078: /Users/minhaj/Documents/MinhajSadik/Safora/test/presentation/blocs/sos_cubit_test.dart: SosCubit countdown progress decreases each tick                                                   00:12 +1079: /Users/minhaj/Documents/MinhajSadik/Safora/test/presentation/blocs/sos_cubit_test.dart: SosCubit countdown progress decreases each tick                                                   00:12 +1080: /Users/minhaj/Documents/MinhajSadik/Safora/test/presentation/blocs/alerts_cubit_test.dart: AlertsCubit loadAlerts handles errors                                                          00:12 +1080: /Users/minhaj/Documents/MinhajSadik/Safora/test/presentation/blocs/sos_cubit_test.dart: SosCubit cancelCountdown emits SosCancelled then returns to SosIdle                               
[INFO] [SOS] Pre-flight: GPS=false, Network=true, Contacts=1
[INFO] [SOS] No cached GPS — attempting quick fix...
00:12 +1081: /Users/minhaj/Documents/MinhajSadik/Safora/test/presentation/blocs/alerts_cubit_test.dart: AlertsCubit loadAlerts handles errors                                                          00:12 +1082: /Users/minhaj/Documents/MinhajSadik/Safora/test/presentation/blocs/alerts_cubit_test.dart: AlertsCubit loadAlerts handles errors                                                          00:12 +1083: /Users/minhaj/Documents/MinhajSadik/Safora/test/presentation/blocs/alerts_cubit_test.dart: AlertsCubit loadAlerts handles errors                                                          00:13 +1083: /Users/minhaj/Documents/MinhajSadik/Safora/test/presentation/blocs/alerts_cubit_test.dart: AlertsCubit loadAlerts handles errors                                                          00:13 +1084: /Users/minhaj/Documents/MinhajSadik/Safora/test/presentation/blocs/alerts_cubit_test.dart: AlertsCubit loadAlerts handles errors                                                          00:13 +1085: /Users/minhaj/Documents/MinhajSadik/Safora/test/presentation/blocs/alerts_cubit_test.dart: AlertsCubit loadAlerts handles errors                                                          00:13 +1086: /Users/minhaj/Documents/MinhajSadik/Safora/test/presentation/blocs/alerts_cubit_test.dart: AlertsCubit loadAlerts handles errors                                                          00:13 +1087: /Users/minhaj/Documents/MinhajSadik/Safora/test/presentation/blocs/sos_cubit_test.dart: SosCubit cancelCountdown emits SosCancelled then returns to SosIdle                               00:13 +1088: /Users/minhaj/Documents/MinhajSadik/Safora/test/presentation/blocs/sos_cubit_test.dart: SosCubit cancelCountdown emits SosCancelled then returns to SosIdle                               00:13 +1089: /Users/minhaj/Documents/MinhajSadik/Safora/test/presentation/blocs/sos_cubit_test.dart: SosCubit cancelCountdown emits SosCancelled then returns to SosIdle                               00:13 +1090: /Users/minhaj/Documents/MinhajSadik/Safora/test/presentation/blocs/sos_cubit_test.dart: SosCubit cancelCountdown emits SosCancelled then returns to SosIdle                               00:13 +1091: /Users/minhaj/Documents/MinhajSadik/Safora/test/presentation/blocs/sos_cubit_test.dart: SosCubit cancelCountdown emits SosCancelled then returns to SosIdle                               00:13 +1092: /Users/minhaj/Documents/MinhajSadik/Safora/test/presentation/blocs/sos_cubit_test.dart: SosCubit cancelCountdown emits SosCancelled then returns to SosIdle                               00:13 +1093: /Users/minhaj/Documents/MinhajSadik/Safora/test/presentation/blocs/sos_cubit_test.dart: SosCubit cancelCountdown emits SosCancelled then returns to SosIdle                               00:13 +1094: /Users/minhaj/Documents/MinhajSadik/Safora/test/presentation/blocs/sos_cubit_test.dart: SosCubit cancelCountdown emits SosCancelled then returns to SosIdle                               00:13 +1095: /Users/minhaj/Documents/MinhajSadik/Safora/test/presentation/blocs/sos_cubit_test.dart: SosCubit cancelCountdown emits SosCancelled then returns to SosIdle                               00:13 +1095: /Users/minhaj/Documents/MinhajSadik/Safora/test/presentation/widgets/sos_button_widget_test.dart: SosButton Widget Tests SOS button is tappable without crash                             
[INFO] [SOS] Pre-flight: GPS=false, Network=true, Contacts=0
00:13 +1096: /Users/minhaj/Documents/MinhajSadik/Safora/test/presentation/blocs/sos_cubit_test.dart: SosCubit cancelCountdown emits SosCancelled then returns to SosIdle                               00:13 +1097: /Users/minhaj/Documents/MinhajSadik/Safora/test/presentation/blocs/sos_cubit_test.dart: SosCubit cancelCountdown emits SosCancelled then returns to SosIdle                               00:13 +1098: /Users/minhaj/Documents/MinhajSadik/Safora/test/presentation/blocs/sos_cubit_test.dart: SosCubit cancelCountdown emits SosCancelled then returns to SosIdle                               00:13 +1099: /Users/minhaj/Documents/MinhajSadik/Safora/test/presentation/blocs/sos_cubit_test.dart: SosCubit cancelCountdown emits SosCancelled then returns to SosIdle                               00:13 +1100: /Users/minhaj/Documents/MinhajSadik/Safora/test/presentation/blocs/sos_cubit_test.dart: SosCubit cancelCountdown emits SosCancelled then returns to SosIdle                               00:13 +1101: /Users/minhaj/Documents/MinhajSadik/Safora/test/presentation/blocs/sos_cubit_test.dart: SosCubit cancelCountdown emits SosCancelled then returns to SosIdle                               00:13 +1101: /Users/minhaj/Documents/MinhajSadik/Safora/test/presentation/widgets/sos_button_widget_test.dart: SosButton Widget Tests long-press gesture is configured                                 
[INFO] [SOS] Pre-flight: GPS=false, Network=true, Contacts=0
00:13 +1102: /Users/minhaj/Documents/MinhajSadik/Safora/test/presentation/blocs/sos_cubit_test.dart: SosCubit cancelCountdown emits SosCancelled then returns to SosIdle                               00:13 +1103: /Users/minhaj/Documents/MinhajSadik/Safora/test/presentation/blocs/sos_cubit_test.dart: SosCubit cancelCountdown emits SosCancelled then returns to SosIdle                               00:13 +1104: /Users/minhaj/Documents/MinhajSadik/Safora/test/presentation/blocs/sos_cubit_test.dart: SosCubit cancelCountdown emits SosCancelled then returns to SosIdle                               00:13 +1105: /Users/minhaj/Documents/MinhajSadik/Safora/test/presentation/blocs/sos_cubit_test.dart: SosCubit cancelCountdown emits SosCancelled then returns to SosIdle                               00:13 +1106: /Users/minhaj/Documents/MinhajSadik/Safora/test/presentation/blocs/sos_cubit_test.dart: SosCubit cancelCountdown emits SosCancelled then returns to SosIdle                               00:13 +1107: /Users/minhaj/Documents/MinhajSadik/Safora/test/presentation/blocs/sos_cubit_test.dart: SosCubit cancelCountdown emits SosCancelled then returns to SosIdle                               00:13 +1108: /Users/minhaj/Documents/MinhajSadik/Safora/test/presentation/blocs/sos_cubit_test.dart: SosCubit cancelCountdown emits SosCancelled then returns to SosIdle                               00:14 +1108: /Users/minhaj/Documents/MinhajSadik/Safora/test/presentation/blocs/sos_cubit_test.dart: SosCubit cancelCountdown emits SosCancelled then returns to SosIdle                               00:14 +1109: /Users/minhaj/Documents/MinhajSadik/Safora/test/presentation/blocs/sos_cubit_test.dart: SosCubit cancelCountdown emits SosCancelled then returns to SosIdle                               00:14 +1110: /Users/minhaj/Documents/MinhajSadik/Safora/test/presentation/blocs/sos_cubit_test.dart: SosCubit cancelCountdown emits SosCancelled then returns to SosIdle                               00:14 +1111: /Users/minhaj/Documents/MinhajSadik/Safora/test/presentation/blocs/sos_cubit_test.dart: SosCubit cancelCountdown emits SosCancelled then returns to SosIdle                               00:14 +1112: /Users/minhaj/Documents/MinhajSadik/Safora/test/presentation/blocs/sos_cubit_test.dart: SosCubit cancelCountdown emits SosCancelled then returns to SosIdle                               00:14 +1113: /Users/minhaj/Documents/MinhajSadik/Safora/test/presentation/blocs/sos_cubit_test.dart: SosCubit cancelCountdown emits SosCancelled then returns to SosIdle                               00:14 +1114: /Users/minhaj/Documents/MinhajSadik/Safora/test/presentation/blocs/sos_cubit_test.dart: SosCubit cancelCountdown emits SosCancelled then returns to SosIdle                               00:14 +1115: /Users/minhaj/Documents/MinhajSadik/Safora/test/presentation/blocs/sos_cubit_test.dart: SosCubit cancelCountdown emits SosCancelled then returns to SosIdle                               00:14 +1116: /Users/minhaj/Documents/MinhajSadik/Safora/test/presentation/blocs/sos_cubit_test.dart: SosCubit cancelCountdown emits SosCancelled then returns to SosIdle                               00:14 +1117: /Users/minhaj/Documents/MinhajSadik/Safora/test/presentation/blocs/sos_cubit_test.dart: SosCubit cancelCountdown emits SosCancelled then returns to SosIdle                               00:14 +1118: /Users/minhaj/Documents/MinhajSadik/Safora/test/presentation/blocs/sos_cubit_test.dart: SosCubit cancelCountdown emits SosCancelled then returns to SosIdle                               00:14 +1119: /Users/minhaj/Documents/MinhajSadik/Safora/test/presentation/blocs/sos_cubit_test.dart: SosCubit cancelCountdown emits SosCancelled then returns to SosIdle                               00:14 +1120: /Users/minhaj/Documents/MinhajSadik/Safora/test/presentation/blocs/sos_cubit_test.dart: SosCubit cancelCountdown emits SosCancelled then returns to SosIdle                               00:14 +1121: /Users/minhaj/Documents/MinhajSadik/Safora/test/presentation/blocs/sos_cubit_test.dart: SosCubit cancelCountdown emits SosCancelled then returns to SosIdle                               00:14 +1122: /Users/minhaj/Documents/MinhajSadik/Safora/test/presentation/blocs/sos_cubit_test.dart: SosCubit cancelCountdown emits SosCancelled then returns to SosIdle                               00:14 +1123: /Users/minhaj/Documents/MinhajSadik/Safora/test/presentation/blocs/sos_cubit_test.dart: SosCubit cancelCountdown emits SosCancelled then returns to SosIdle                               00:14 +1124: /Users/minhaj/Documents/MinhajSadik/Safora/test/presentation/blocs/sos_cubit_test.dart: SosCubit cancelCountdown emits SosCancelled then returns to SosIdle                               00:14 +1125: /Users/minhaj/Documents/MinhajSadik/Safora/test/presentation/blocs/sos_cubit_test.dart: SosCubit cancelCountdown emits SosCancelled then returns to SosIdle                               00:14 +1126: /Users/minhaj/Documents/MinhajSadik/Safora/test/presentation/blocs/sos_cubit_test.dart: SosCubit cancelCountdown emits SosCancelled then returns to SosIdle                               00:14 +1127: /Users/minhaj/Documents/MinhajSadik/Safora/test/presentation/blocs/alerts_cubit_test.dart: AlertsCubit filterByCategory updates filtered view                                             00:14 +1127: /Users/minhaj/Documents/MinhajSadik/Safora/test/presentation/blocs/sos_cubit_test.dart: SosCubit — SMS pre-flight — noContacts gate (testable) emits SosPreflightFailed(noContacts) when contact list is empty
[INFO] [SOS] Pre-flight: GPS=false, Network=true, Contacts=0
00:14 +1127: /Users/minhaj/Documents/MinhajSadik/Safora/test/presentation/blocs/alerts_cubit_test.dart: AlertsCubit filterByCategory updates filtered view                                             00:15 +1127: /Users/minhaj/Documents/MinhajSadik/Safora/test/presentation/blocs/alerts_cubit_test.dart: AlertsCubit filterByCategory updates filtered view                                             00:15 +1128: /Users/minhaj/Documents/MinhajSadik/Safora/test/presentation/blocs/alerts_cubit_test.dart: AlertsCubit filterByCategory updates filtered view                                             00:15 +1129: /Users/minhaj/Documents/MinhajSadik/Safora/test/presentation/blocs/alerts_cubit_test.dart: AlertsCubit filterByCategory updates filtered view                                             00:15 +1130: /Users/minhaj/Documents/MinhajSadik/Safora/test/presentation/blocs/alerts_cubit_test.dart: AlertsCubit filterByCategory updates filtered view                                             00:15 +1131: /Users/minhaj/Documents/MinhajSadik/Safora/test/presentation/blocs/alerts_cubit_test.dart: AlertsCubit filterByCategory updates filtered view                                             00:15 +1132: /Users/minhaj/Documents/MinhajSadik/Safora/test/presentation/blocs/alerts_cubit_test.dart: AlertsCubit filterByCategory updates filtered view                                             00:15 +1133: /Users/minhaj/Documents/MinhajSadik/Safora/test/presentation/blocs/alerts_cubit_test.dart: AlertsCubit filterByCategory updates filtered view                                             00:15 +1134: /Users/minhaj/Documents/MinhajSadik/Safora/test/presentation/blocs/alerts_cubit_test.dart: AlertsCubit filterByCategory updates filtered view                                             00:15 +1135: /Users/minhaj/Documents/MinhajSadik/Safora/test/presentation/blocs/alerts_cubit_test.dart: AlertsCubit filterByCategory updates filtered view                                             00:15 +1136: /Users/minhaj/Documents/MinhajSadik/Safora/test/presentation/blocs/alerts_cubit_test.dart: AlertsCubit filterByCategory updates filtered view                                             00:15 +1137: /Users/minhaj/Documents/MinhajSadik/Safora/test/presentation/blocs/alerts_cubit_test.dart: AlertsCubit filterByCategory updates filtered view                                             00:15 +1138: /Users/minhaj/Documents/MinhajSadik/Safora/test/presentation/blocs/alerts_cubit_test.dart: AlertsCubit filterByCategory updates filtered view                                             00:15 +1139: /Users/minhaj/Documents/MinhajSadik/Safora/test/presentation/blocs/alerts_cubit_test.dart: AlertsCubit filterByCategory updates filtered view                                             00:15 +1140: /Users/minhaj/Documents/MinhajSadik/Safora/test/presentation/blocs/alerts_cubit_test.dart: AlertsCubit filterByCategory updates filtered view                                             00:15 +1141: /Users/minhaj/Documents/MinhajSadik/Safora/test/presentation/blocs/alerts_cubit_test.dart: AlertsCubit filterByCategory updates filtered view                                             00:15 +1142: /Users/minhaj/Documents/MinhajSadik/Safora/test/presentation/blocs/alerts_cubit_test.dart: AlertsCubit filterByCategory updates filtered view                                             00:15 +1142: /Users/minhaj/Documents/MinhajSadik/Safora/test/presentation/blocs/sos_cubit_test.dart: SosCubit — SMS pre-flight — noContacts gate (testable) emits SosPreparing then SosCountdown when contacts exist (happy path)
[INFO] [SOS] Pre-flight: GPS=false, Network=true, Contacts=1
[INFO] [SOS] No cached GPS — attempting quick fix...
00:15 +1143: /Users/minhaj/Documents/MinhajSadik/Safora/test/presentation/blocs/alerts_cubit_test.dart: AlertsCubit filterByCategory updates filtered view                                             00:15 +1143: /Users/minhaj/Documents/MinhajSadik/Safora/test/presentation/blocs/sos_cubit_test.dart: SosCubit — SMS pre-flight — noContacts gate (testable) SosPreflightFailed auto-resets to SosIdle after 3 seconds
[INFO] [SOS] Pre-flight: GPS=false, Network=true, Contacts=0
00:15 +1144: /Users/minhaj/Documents/MinhajSadik/Safora/test/presentation/blocs/alerts_cubit_test.dart: AlertsCubit filterByCategory updates filtered view                                             00:15 +1145: /Users/minhaj/Documents/MinhajSadik/Safora/test/presentation/blocs/alerts_cubit_test.dart: AlertsCubit filterByCategory updates filtered view                                             00:15 +1146: /Users/minhaj/Documents/MinhajSadik/Safora/test/presentation/blocs/alerts_cubit_test.dart: AlertsCubit filterByCategory updates filtered view                                             00:15 +1147: /Users/minhaj/Documents/MinhajSadik/Safora/test/presentation/blocs/alerts_cubit_test.dart: AlertsCubit filterByCategory updates filtered view                                             00:15 +1148: /Users/minhaj/Documents/MinhajSadik/Safora/test/presentation/blocs/alerts_cubit_test.dart: AlertsCubit filterByCategory updates filtered view                                             00:15 +1149: /Users/minhaj/Documents/MinhajSadik/Safora/test/presentation/blocs/alerts_cubit_test.dart: AlertsCubit filterByCategory updates filtered view                                             00:15 +1150: /Users/minhaj/Documents/MinhajSadik/Safora/test/presentation/blocs/alerts_cubit_test.dart: AlertsCubit filterByCategory updates filtered view                                             00:15 +1151: /Users/minhaj/Documents/MinhajSadik/Safora/test/presentation/blocs/alerts_cubit_test.dart: AlertsCubit filterByCategory updates filtered view                                             00:15 +1152: /Users/minhaj/Documents/MinhajSadik/Safora/test/presentation/blocs/alerts_cubit_test.dart: AlertsCubit filterByCategory updates filtered view                                             00:15 +1153: /Users/minhaj/Documents/MinhajSadik/Safora/test/presentation/blocs/alerts_cubit_test.dart: AlertsCubit filterByCategory updates filtered view                                             00:15 +1154: /Users/minhaj/Documents/MinhajSadik/Safora/test/presentation/blocs/alerts_cubit_test.dart: AlertsCubit filterByCategory updates filtered view                                             00:15 +1155: /Users/minhaj/Documents/MinhajSadik/Safora/test/presentation/blocs/alerts_cubit_test.dart: AlertsCubit filterByCategory updates filtered view                                             00:15 +1156: /Users/minhaj/Documents/MinhajSadik/Safora/test/presentation/blocs/alerts_cubit_test.dart: AlertsCubit filterByCategory updates filtered view                                             00:15 +1157: /Users/minhaj/Documents/MinhajSadik/Safora/test/presentation/blocs/alerts_cubit_test.dart: AlertsCubit filterByCategory updates filtered view                                             00:15 +1158: /Users/minhaj/Documents/MinhajSadik/Safora/test/presentation/blocs/alerts_cubit_test.dart: AlertsCubit filterByCategory updates filtered view                                             00:15 +1159: /Users/minhaj/Documents/MinhajSadik/Safora/test/presentation/blocs/alerts_cubit_test.dart: AlertsCubit filterByCategory updates filtered view                                             00:15 +1160: /Users/minhaj/Documents/MinhajSadik/Safora/test/presentation/blocs/alerts_cubit_test.dart: AlertsCubit filterByCategory updates filtered view                                             00:15 +1161: /Users/minhaj/Documents/MinhajSadik/Safora/test/presentation/blocs/alerts_cubit_test.dart: AlertsCubit filterByCategory updates filtered view                                             00:15 +1162: /Users/minhaj/Documents/MinhajSadik/Safora/test/presentation/blocs/alerts_cubit_test.dart: AlertsCubit filterByCategory updates filtered view                                             00:15 +1163: /Users/minhaj/Documents/MinhajSadik/Safora/test/presentation/blocs/alerts_cubit_test.dart: AlertsCubit filterByCategory updates filtered view                                             00:15 +1164: /Users/minhaj/Documents/MinhajSadik/Safora/test/presentation/blocs/alerts_cubit_test.dart: AlertsCubit filterByCategory updates filtered view                                             00:15 +1165: /Users/minhaj/Documents/MinhajSadik/Safora/test/presentation/blocs/alerts_cubit_test.dart: AlertsCubit filterByCategory updates filtered view                                             00:15 +1166: /Users/minhaj/Documents/MinhajSadik/Safora/test/presentation/blocs/alerts_cubit_test.dart: AlertsCubit filterByCategory updates filtered view                                             00:15 +1167: /Users/minhaj/Documents/MinhajSadik/Safora/test/presentation/blocs/alerts_cubit_test.dart: AlertsCubit filterByCategory updates filtered view                                             00:15 +1168: /Users/minhaj/Documents/MinhajSadik/Safora/test/presentation/blocs/alerts_cubit_test.dart: AlertsCubit filterByCategory updates filtered view                                             00:15 +1169: /Users/minhaj/Documents/MinhajSadik/Safora/test/presentation/blocs/alerts_cubit_test.dart: AlertsCubit filterByCategory updates filtered view                                             00:15 +1170: /Users/minhaj/Documents/MinhajSadik/Safora/test/presentation/blocs/alerts_cubit_test.dart: AlertsCubit filterByCategory updates filtered view                                             00:15 +1171: /Users/minhaj/Documents/MinhajSadik/Safora/test/presentation/blocs/alerts_cubit_test.dart: AlertsCubit filterByCategory updates filtered view                                             00:15 +1172: /Users/minhaj/Documents/MinhajSadik/Safora/test/presentation/blocs/alerts_cubit_test.dart: AlertsCubit filterByCategory updates filtered view                                             00:15 +1173: /Users/minhaj/Documents/MinhajSadik/Safora/test/presentation/blocs/alerts_cubit_test.dart: AlertsCubit filterByCategory updates filtered view                                             00:15 +1174: /Users/minhaj/Documents/MinhajSadik/Safora/test/presentation/blocs/alerts_cubit_test.dart: AlertsCubit filterByCategory updates filtered view                                             00:15 +1175: /Users/minhaj/Documents/MinhajSadik/Safora/test/presentation/blocs/alerts_cubit_test.dart: AlertsCubit filterByCategory updates filtered view                                             00:15 +1176: /Users/minhaj/Documents/MinhajSadik/Safora/test/presentation/blocs/alerts_cubit_test.dart: AlertsCubit filterByCategory updates filtered view                                             00:15 +1177: /Users/minhaj/Documents/MinhajSadik/Safora/test/presentation/blocs/alerts_cubit_test.dart: AlertsCubit filterByCategory updates filtered view                                             00:15 +1178: /Users/minhaj/Documents/MinhajSadik/Safora/test/presentation/blocs/alerts_cubit_test.dart: AlertsCubit filterByCategory updates filtered view                                             00:15 +1179: /Users/minhaj/Documents/MinhajSadik/Safora/test/presentation/blocs/alerts_cubit_test.dart: AlertsCubit filterByCategory updates filtered view                                             00:15 +1180: /Users/minhaj/Documents/MinhajSadik/Safora/test/presentation/blocs/alerts_cubit_test.dart: AlertsCubit filterByCategory updates filtered view                                             00:15 +1181: /Users/minhaj/Documents/MinhajSadik/Safora/test/presentation/blocs/alerts_cubit_test.dart: AlertsCubit filterByCategory updates filtered view                                             00:15 +1182: /Users/minhaj/Documents/MinhajSadik/Safora/test/presentation/blocs/alerts_cubit_test.dart: AlertsCubit filterByCategory updates filtered view                                             00:15 +1183: /Users/minhaj/Documents/MinhajSadik/Safora/test/presentation/blocs/alerts_cubit_test.dart: AlertsCubit filterByCategory updates filtered view                                             00:15 +1184: /Users/minhaj/Documents/MinhajSadik/Safora/test/presentation/blocs/alerts_cubit_test.dart: AlertsCubit filterByCategory updates filtered view                                             00:15 +1185: /Users/minhaj/Documents/MinhajSadik/Safora/test/presentation/blocs/alerts_cubit_test.dart: AlertsCubit filterByCategory updates filtered view                                             00:15 +1186: /Users/minhaj/Documents/MinhajSadik/Safora/test/presentation/blocs/alerts_cubit_test.dart: AlertsCubit filterByCategory updates filtered view                                             00:16 +1186: /Users/minhaj/Documents/MinhajSadik/Safora/test/presentation/blocs/alerts_cubit_test.dart: AlertsCubit filterByCategory updates filtered view                                             00:16 +1187: /Users/minhaj/Documents/MinhajSadik/Safora/test/presentation/blocs/alerts_cubit_test.dart: AlertsCubit filterByCategory updates filtered view                                             00:16 +1188: /Users/minhaj/Documents/MinhajSadik/Safora/test/presentation/blocs/alerts_cubit_test.dart: AlertsCubit filterByCategory updates filtered view                                             00:16 +1189: /Users/minhaj/Documents/MinhajSadik/Safora/test/presentation/blocs/alerts_cubit_test.dart: AlertsCubit filterByCategory updates filtered view                                             00:16 +1190: /Users/minhaj/Documents/MinhajSadik/Safora/test/presentation/blocs/alerts_cubit_test.dart: AlertsCubit filterByCategory updates filtered view                                             00:16 +1191: /Users/minhaj/Documents/MinhajSadik/Safora/test/presentation/blocs/alerts_cubit_test.dart: AlertsCubit filterByCategory updates filtered view                                             00:16 +1192: /Users/minhaj/Documents/MinhajSadik/Safora/test/presentation/blocs/alerts_cubit_test.dart: AlertsCubit filterByCategory updates filtered view                                             00:16 +1193: /Users/minhaj/Documents/MinhajSadik/Safora/test/presentation/blocs/alerts_cubit_test.dart: AlertsCubit filterByCategory updates filtered view                                             00:16 +1194: /Users/minhaj/Documents/MinhajSadik/Safora/test/presentation/blocs/alerts_cubit_test.dart: AlertsCubit filterByCategory updates filtered view                                             00:16 +1195: /Users/minhaj/Documents/MinhajSadik/Safora/test/presentation/blocs/alerts_cubit_test.dart: AlertsCubit filterByCategory updates filtered view                                             00:16 +1196: /Users/minhaj/Documents/MinhajSadik/Safora/test/presentation/blocs/alerts_cubit_test.dart: AlertsCubit filterByCategory updates filtered view                                             00:16 +1197: /Users/minhaj/Documents/MinhajSadik/Safora/test/presentation/blocs/alerts_cubit_test.dart: AlertsCubit filterByCategory updates filtered view                                             00:16 +1198: /Users/minhaj/Documents/MinhajSadik/Safora/test/presentation/blocs/alerts_cubit_test.dart: AlertsCubit filterByCategory updates filtered view                                             00:16 +1199: /Users/minhaj/Documents/MinhajSadik/Safora/test/presentation/blocs/alerts_cubit_test.dart: AlertsCubit filterByCategory updates filtered view                                             00:16 +1200: /Users/minhaj/Documents/MinhajSadik/Safora/test/presentation/blocs/alerts_cubit_test.dart: AlertsCubit filterByCategory updates filtered view                                             00:16 +1200: /Users/minhaj/Documents/MinhajSadik/Safora/test/detection/crash_fall_detection_service_test.dart: CrashFallDetectionService stop is safe when not running                                 
[INFO] [CrashFallDetectionService] Stopped monitoring
00:16 +1201: /Users/minhaj/Documents/MinhajSadik/Safora/test/presentation/blocs/alerts_cubit_test.dart: AlertsCubit filterByCategory updates filtered view                                             00:16 +1202: /Users/minhaj/Documents/MinhajSadik/Safora/test/presentation/blocs/alerts_cubit_test.dart: AlertsCubit filterByCategory updates filtered view                                             00:16 +1203: /Users/minhaj/Documents/MinhajSadik/Safora/test/presentation/blocs/alerts_cubit_test.dart: AlertsCubit filterByCategory updates filtered view                                             00:16 +1204: /Users/minhaj/Documents/MinhajSadik/Safora/test/presentation/blocs/alerts_cubit_test.dart: AlertsCubit filterByCategory updates filtered view                                             00:16 +1205: /Users/minhaj/Documents/MinhajSadik/Safora/test/presentation/blocs/alerts_cubit_test.dart: AlertsCubit filterByCategory updates filtered view                                             00:16 +1206: /Users/minhaj/Documents/MinhajSadik/Safora/test/presentation/blocs/alerts_cubit_test.dart: AlertsCubit filterByCategory updates filtered view                                             00:16 +1207: /Users/minhaj/Documents/MinhajSadik/Safora/test/presentation/blocs/alerts_cubit_test.dart: AlertsCubit filterByCategory updates filtered view                                             00:16 +1208: /Users/minhaj/Documents/MinhajSadik/Safora/test/presentation/blocs/alerts_cubit_test.dart: AlertsCubit filterByCategory updates filtered view                                             00:16 +1209: /Users/minhaj/Documents/MinhajSadik/Safora/test/presentation/blocs/alerts_cubit_test.dart: AlertsCubit filterByCategory updates filtered view                                             00:16 +1210: /Users/minhaj/Documents/MinhajSadik/Safora/test/presentation/blocs/alerts_cubit_test.dart: AlertsCubit filterByCategory updates filtered view                                             00:16 +1211: /Users/minhaj/Documents/MinhajSadik/Safora/test/presentation/blocs/alerts_cubit_test.dart: AlertsCubit filterByCategory updates filtered view                                             00:16 +1212: /Users/minhaj/Documents/MinhajSadik/Safora/test/presentation/blocs/alerts_cubit_test.dart: AlertsCubit filterByCategory updates filtered view                                             00:16 +1213: /Users/minhaj/Documents/MinhajSadik/Safora/test/presentation/blocs/alerts_cubit_test.dart: AlertsCubit filterByCategory updates filtered view                                             00:16 +1214: /Users/minhaj/Documents/MinhajSadik/Safora/test/presentation/blocs/alerts_cubit_test.dart: AlertsCubit filterByCategory updates filtered view                                             00:16 +1215: /Users/minhaj/Documents/MinhajSadik/Safora/test/presentation/blocs/alerts_cubit_test.dart: AlertsCubit filterByCategory updates filtered view                                             00:16 +1216: /Users/minhaj/Documents/MinhajSadik/Safora/test/presentation/blocs/alerts_cubit_test.dart: AlertsCubit filterByCategory updates filtered view                                             00:16 +1217: /Users/minhaj/Documents/MinhajSadik/Safora/test/presentation/blocs/alerts_cubit_test.dart: AlertsCubit filterByCategory updates filtered view                                             00:16 +1218: /Users/minhaj/Documents/MinhajSadik/Safora/test/presentation/blocs/alerts_cubit_test.dart: AlertsCubit filterByCategory updates filtered view                                             00:16 +1219: /Users/minhaj/Documents/MinhajSadik/Safora/test/presentation/blocs/alerts_cubit_test.dart: AlertsCubit filterByCategory updates filtered view                                             00:16 +1220: /Users/minhaj/Documents/MinhajSadik/Safora/test/presentation/blocs/alerts_cubit_test.dart: AlertsCubit filterByCategory updates filtered view                                             00:16 +1221: /Users/minhaj/Documents/MinhajSadik/Safora/test/presentation/blocs/alerts_cubit_test.dart: AlertsCubit filterByCategory updates filtered view                                             00:16 +1222: /Users/minhaj/Documents/MinhajSadik/Safora/test/presentation/blocs/alerts_cubit_test.dart: AlertsCubit filterByCategory updates filtered view                                             00:16 +1223: /Users/minhaj/Documents/MinhajSadik/Safora/test/presentation/blocs/alerts_cubit_test.dart: AlertsCubit filterByCategory updates filtered view                                             00:16 +1224: /Users/minhaj/Documents/MinhajSadik/Safora/test/presentation/blocs/alerts_cubit_test.dart: AlertsCubit filterByCategory updates filtered view                                             00:16 +1225: /Users/minhaj/Documents/MinhajSadik/Safora/test/presentation/blocs/alerts_cubit_test.dart: AlertsCubit filterByCategory updates filtered view                                             00:16 +1226: /Users/minhaj/Documents/MinhajSadik/Safora/test/presentation/blocs/alerts_cubit_test.dart: AlertsCubit filterByCategory updates filtered view                                             00:16 +1227: /Users/minhaj/Documents/MinhajSadik/Safora/test/presentation/blocs/alerts_cubit_test.dart: AlertsCubit filterByCategory updates filtered view                                             00:16 +1228: /Users/minhaj/Documents/MinhajSadik/Safora/test/presentation/blocs/alerts_cubit_test.dart: AlertsCubit filterByCategory updates filtered view                                             00:16 +1229: /Users/minhaj/Documents/MinhajSadik/Safora/test/presentation/blocs/alerts_cubit_test.dart: AlertsCubit filterByCategory updates filtered view                                             00:16 +1230: /Users/minhaj/Documents/MinhajSadik/Safora/test/presentation/blocs/alerts_cubit_test.dart: AlertsCubit filterByCategory updates filtered view                                             00:16 +1231: /Users/minhaj/Documents/MinhajSadik/Safora/test/presentation/blocs/sos_cubit_test.dart: ... — noContacts gate (testable) SosPreflightFailed auto-resets to SosIdle after 3 seconds        00:16 +1231: /Users/minhaj/Documents/MinhajSadik/Safora/test/detection/ml/crash_fall_detection_service_test.dart: CrashFallDetectionService — Lifecycle isRunning becomes true after start             
[WARN] [TfliteCrashClassifier] No model available — running in threshold-only mode: Invalid argument(s): Failed to load dynamic library '/opt/homebrew/share/flutter/bin/cache/artifacts/engine/resources/libtensorflowlite_c-mac.dylib': dlopen(/opt/homebrew/share/flutter/bin/cache/artifacts/engine/resources/libtensorflowlite_c-mac.dylib, 0x0001): tried: '/opt/homebrew/share/flutter/bin/cache/artifacts/engine/resources/libtensorflowlite_c-mac.dylib' (no such file), '/System/Volumes/Preboot/Cryptexes/OS/opt/homebrew/share/flutter/bin/cache/artifacts/engine/resources/libtensorflowlite_c-mac.dylib' (no such file), '/opt/homebrew/share/flutter/bin/cache/artifacts/engine/resources/libtensorflowlite_c-mac.dylib' (no such file)
[INFO] [CrashFallDetection] ML model unavailable — threshold-only mode
[INFO] [CrashFallDetectionService] Started monitoring (ML: threshold-only)
00:16 +1232: /Users/minhaj/Documents/MinhajSadik/Safora/test/presentation/blocs/sos_cubit_test.dart: ... — noContacts gate (testable) SosPreflightFailed auto-resets to SosIdle after 3 seconds        00:16 +1232: /Users/minhaj/Documents/MinhajSadik/Safora/test/detection/ml/crash_fall_detection_service_test.dart: CrashFallDetectionService — Lifecycle isRunning becomes false after stop             
[WARN] [TfliteCrashClassifier] No model available — running in threshold-only mode: Invalid argument(s): Failed to load dynamic library '/opt/homebrew/share/flutter/bin/cache/artifacts/engine/resources/libtensorflowlite_c-mac.dylib': dlopen(/opt/homebrew/share/flutter/bin/cache/artifacts/engine/resources/libtensorflowlite_c-mac.dylib, 0x0001): tried: '/opt/homebrew/share/flutter/bin/cache/artifacts/engine/resources/libtensorflowlite_c-mac.dylib' (no such file), '/System/Volumes/Preboot/Cryptexes/OS/opt/homebrew/share/flutter/bin/cache/artifacts/engine/resources/libtensorflowlite_c-mac.dylib' (no such file), '/opt/homebrew/share/flutter/bin/cache/artifacts/engine/resources/libtensorflowlite_c-mac.dylib' (no such file)
[INFO] [CrashFallDetection] ML model unavailable — threshold-only mode
[INFO] [CrashFallDetectionService] Started monitoring (ML: threshold-only)
[INFO] [CrashFallDetectionService] Stopped monitoring
00:16 +1233: /Users/minhaj/Documents/MinhajSadik/Safora/test/presentation/blocs/sos_cubit_test.dart: ... — noContacts gate (testable) SosPreflightFailed auto-resets to SosIdle after 3 seconds        00:16 +1234: /Users/minhaj/Documents/MinhajSadik/Safora/test/presentation/blocs/sos_cubit_test.dart: ... — noContacts gate (testable) SosPreflightFailed auto-resets to SosIdle after 3 seconds        00:16 +1235: /Users/minhaj/Documents/MinhajSadik/Safora/test/presentation/blocs/sos_cubit_test.dart: ... — noContacts gate (testable) SosPreflightFailed auto-resets to SosIdle after 3 seconds        00:16 +1236: /Users/minhaj/Documents/MinhajSadik/Safora/test/presentation/blocs/sos_cubit_test.dart: ... — noContacts gate (testable) SosPreflightFailed auto-resets to SosIdle after 3 seconds        00:16 +1236: /Users/minhaj/Documents/MinhajSadik/Safora/test/detection/ml/crash_fall_detection_service_test.dart: CrashFallDetectionService — Custom Engine accepts custom engine configuration        
[WARN] [TfliteCrashClassifier] No model available — running in threshold-only mode: Invalid argument(s): Failed to load dynamic library '/opt/homebrew/share/flutter/bin/cache/artifacts/engine/resources/libtensorflowlite_c-mac.dylib': dlopen(/opt/homebrew/share/flutter/bin/cache/artifacts/engine/resources/libtensorflowlite_c-mac.dylib, 0x0001): tried: '/opt/homebrew/share/flutter/bin/cache/artifacts/engine/resources/libtensorflowlite_c-mac.dylib' (no such file), '/System/Volumes/Preboot/Cryptexes/OS/opt/homebrew/share/flutter/bin/cache/artifacts/engine/resources/libtensorflowlite_c-mac.dylib' (no such file), '/opt/homebrew/share/flutter/bin/cache/artifacts/engine/resources/libtensorflowlite_c-mac.dylib' (no such file)
[INFO] [CrashFallDetection] ML model unavailable — threshold-only mode
[INFO] [CrashFallDetectionService] Started monitoring (ML: threshold-only)
00:16 +1237: /Users/minhaj/Documents/MinhajSadik/Safora/test/presentation/blocs/sos_cubit_test.dart: ... — noContacts gate (testable) SosPreflightFailed auto-resets to SosIdle after 3 seconds        00:16 +1238: /Users/minhaj/Documents/MinhajSadik/Safora/test/presentation/blocs/sos_cubit_test.dart: ... — noContacts gate (testable) SosPreflightFailed auto-resets to SosIdle after 3 seconds        00:16 +1239: /Users/minhaj/Documents/MinhajSadik/Safora/test/presentation/blocs/sos_cubit_test.dart: ... — noContacts gate (testable) SosPreflightFailed auto-resets to SosIdle after 3 seconds        00:16 +1240: /Users/minhaj/Documents/MinhajSadik/Safora/test/presentation/blocs/sos_cubit_test.dart: ... — noContacts gate (testable) SosPreflightFailed auto-resets to SosIdle after 3 seconds        00:16 +1241: /Users/minhaj/Documents/MinhajSadik/Safora/test/presentation/blocs/sos_cubit_test.dart: ... — noContacts gate (testable) SosPreflightFailed auto-resets to SosIdle after 3 seconds        00:16 +1242: /Users/minhaj/Documents/MinhajSadik/Safora/test/presentation/blocs/sos_cubit_test.dart: ... — noContacts gate (testable) SosPreflightFailed auto-resets to SosIdle after 3 seconds        00:16 +1243: /Users/minhaj/Documents/MinhajSadik/Safora/test/presentation/blocs/sos_cubit_test.dart: ... — noContacts gate (testable) SosPreflightFailed auto-resets to SosIdle after 3 seconds        00:16 +1244: /Users/minhaj/Documents/MinhajSadik/Safora/test/presentation/blocs/sos_cubit_test.dart: ... — noContacts gate (testable) SosPreflightFailed auto-resets to SosIdle after 3 seconds        00:16 +1245: /Users/minhaj/Documents/MinhajSadik/Safora/test/presentation/blocs/sos_cubit_test.dart: ... — noContacts gate (testable) SosPreflightFailed auto-resets to SosIdle after 3 seconds        00:16 +1246: /Users/minhaj/Documents/MinhajSadik/Safora/test/presentation/blocs/sos_cubit_test.dart: ... — noContacts gate (testable) SosPreflightFailed auto-resets to SosIdle after 3 seconds        00:16 +1247: /Users/minhaj/Documents/MinhajSadik/Safora/test/presentation/blocs/sos_cubit_test.dart: ... — noContacts gate (testable) SosPreflightFailed auto-resets to SosIdle after 3 seconds        00:16 +1248: /Users/minhaj/Documents/MinhajSadik/Safora/test/presentation/blocs/sos_cubit_test.dart: ... — noContacts gate (testable) SosPreflightFailed auto-resets to SosIdle after 3 seconds        00:16 +1249: /Users/minhaj/Documents/MinhajSadik/Safora/test/presentation/blocs/sos_cubit_test.dart: ... — noContacts gate (testable) SosPreflightFailed auto-resets to SosIdle after 3 seconds        00:16 +1250: /Users/minhaj/Documents/MinhajSadik/Safora/test/presentation/blocs/sos_cubit_test.dart: ... — noContacts gate (testable) SosPreflightFailed auto-resets to SosIdle after 3 seconds        00:16 +1251: /Users/minhaj/Documents/MinhajSadik/Safora/test/presentation/blocs/sos_cubit_test.dart: ... — noContacts gate (testable) SosPreflightFailed auto-resets to SosIdle after 3 seconds        00:16 +1252: /Users/minhaj/Documents/MinhajSadik/Safora/test/presentation/blocs/sos_cubit_test.dart: ... — noContacts gate (testable) SosPreflightFailed auto-resets to SosIdle after 3 seconds        00:16 +1253: /Users/minhaj/Documents/MinhajSadik/Safora/test/presentation/blocs/sos_cubit_test.dart: ... — noContacts gate (testable) SosPreflightFailed auto-resets to SosIdle after 3 seconds        00:16 +1254: /Users/minhaj/Documents/MinhajSadik/Safora/test/presentation/blocs/sos_cubit_test.dart: ... — noContacts gate (testable) SosPreflightFailed auto-resets to SosIdle after 3 seconds        00:16 +1255: /Users/minhaj/Documents/MinhajSadik/Safora/test/presentation/blocs/sos_cubit_test.dart: ... — noContacts gate (testable) SosPreflightFailed auto-resets to SosIdle after 3 seconds        00:16 +1256: /Users/minhaj/Documents/MinhajSadik/Safora/test/presentation/blocs/sos_cubit_test.dart: ... — noContacts gate (testable) SosPreflightFailed auto-resets to SosIdle after 3 seconds        00:16 +1257: /Users/minhaj/Documents/MinhajSadik/Safora/test/presentation/blocs/sos_cubit_test.dart: ... — noContacts gate (testable) SosPreflightFailed auto-resets to SosIdle after 3 seconds        00:16 +1258: /Users/minhaj/Documents/MinhajSadik/Safora/test/presentation/blocs/sos_cubit_test.dart: ... — noContacts gate (testable) SosPreflightFailed auto-resets to SosIdle after 3 seconds        00:16 +1259: /Users/minhaj/Documents/MinhajSadik/Safora/test/presentation/blocs/sos_cubit_test.dart: ... — noContacts gate (testable) SosPreflightFailed auto-resets to SosIdle after 3 seconds        00:16 +1260: /Users/minhaj/Documents/MinhajSadik/Safora/test/presentation/blocs/sos_cubit_test.dart: ... — noContacts gate (testable) SosPreflightFailed auto-resets to SosIdle after 3 seconds        00:16 +1261: /Users/minhaj/Documents/MinhajSadik/Safora/test/presentation/blocs/sos_cubit_test.dart: ... — noContacts gate (testable) SosPreflightFailed auto-resets to SosIdle after 3 seconds        00:16 +1262: /Users/minhaj/Documents/MinhajSadik/Safora/test/presentation/blocs/sos_cubit_test.dart: ... — noContacts gate (testable) SosPreflightFailed auto-resets to SosIdle after 3 seconds        00:16 +1263: /Users/minhaj/Documents/MinhajSadik/Safora/test/presentation/blocs/sos_cubit_test.dart: ... — noContacts gate (testable) SosPreflightFailed auto-resets to SosIdle after 3 seconds        00:16 +1264: /Users/minhaj/Documents/MinhajSadik/Safora/test/presentation/blocs/sos_cubit_test.dart: ... — noContacts gate (testable) SosPreflightFailed auto-resets to SosIdle after 3 seconds        00:16 +1265: /Users/minhaj/Documents/MinhajSadik/Safora/test/presentation/blocs/sos_cubit_test.dart: ... — noContacts gate (testable) SosPreflightFailed auto-resets to SosIdle after 3 seconds        00:16 +1266: /Users/minhaj/Documents/MinhajSadik/Safora/test/presentation/blocs/sos_cubit_test.dart: ... — noContacts gate (testable) SosPreflightFailed auto-resets to SosIdle after 3 seconds        00:16 +1267: /Users/minhaj/Documents/MinhajSadik/Safora/test/presentation/blocs/sos_cubit_test.dart: ... — noContacts gate (testable) SosPreflightFailed auto-resets to SosIdle after 3 seconds        00:16 +1268: /Users/minhaj/Documents/MinhajSadik/Safora/test/presentation/blocs/sos_cubit_test.dart: ... — noContacts gate (testable) SosPreflightFailed auto-resets to SosIdle after 3 seconds        00:16 +1269: /Users/minhaj/Documents/MinhajSadik/Safora/test/presentation/blocs/sos_cubit_test.dart: ... — noContacts gate (testable) SosPreflightFailed auto-resets to SosIdle after 3 seconds        00:16 +1270: /Users/minhaj/Documents/MinhajSadik/Safora/test/presentation/blocs/sos_cubit_test.dart: ... — noContacts gate (testable) SosPreflightFailed auto-resets to SosIdle after 3 seconds        00:16 +1271: /Users/minhaj/Documents/MinhajSadik/Safora/test/presentation/blocs/sos_cubit_test.dart: ... — noContacts gate (testable) SosPreflightFailed auto-resets to SosIdle after 3 seconds        00:16 +1272: /Users/minhaj/Documents/MinhajSadik/Safora/test/presentation/blocs/sos_cubit_test.dart: ... — noContacts gate (testable) SosPreflightFailed auto-resets to SosIdle after 3 seconds        00:16 +1273: /Users/minhaj/Documents/MinhajSadik/Safora/test/presentation/blocs/sos_cubit_test.dart: ... — noContacts gate (testable) SosPreflightFailed auto-resets to SosIdle after 3 seconds        00:16 +1274: /Users/minhaj/Documents/MinhajSadik/Safora/test/presentation/blocs/sos_cubit_test.dart: ... — noContacts gate (testable) SosPreflightFailed auto-resets to SosIdle after 3 seconds        00:16 +1275: /Users/minhaj/Documents/MinhajSadik/Safora/test/presentation/blocs/sos_cubit_test.dart: ... — noContacts gate (testable) SosPreflightFailed auto-resets to SosIdle after 3 seconds        00:16 +1276: /Users/minhaj/Documents/MinhajSadik/Safora/test/presentation/blocs/sos_cubit_test.dart: ... — noContacts gate (testable) SosPreflightFailed auto-resets to SosIdle after 3 seconds        00:16 +1277: /Users/minhaj/Documents/MinhajSadik/Safora/test/presentation/blocs/sos_cubit_test.dart: ... — noContacts gate (testable) SosPreflightFailed auto-resets to SosIdle after 3 seconds        00:16 +1278: /Users/minhaj/Documents/MinhajSadik/Safora/test/presentation/blocs/sos_cubit_test.dart: ... — noContacts gate (testable) SosPreflightFailed auto-resets to SosIdle after 3 seconds        00:16 +1279: /Users/minhaj/Documents/MinhajSadik/Safora/test/presentation/blocs/sos_cubit_test.dart: ... — noContacts gate (testable) SosPreflightFailed auto-resets to SosIdle after 3 seconds        00:16 +1280: /Users/minhaj/Documents/MinhajSadik/Safora/test/presentation/blocs/sos_cubit_test.dart: ... — noContacts gate (testable) SosPreflightFailed auto-resets to SosIdle after 3 seconds        00:16 +1281: /Users/minhaj/Documents/MinhajSadik/Safora/test/presentation/blocs/sos_cubit_test.dart: ... — noContacts gate (testable) SosPreflightFailed auto-resets to SosIdle after 3 seconds        00:16 +1282: /Users/minhaj/Documents/MinhajSadik/Safora/test/presentation/blocs/sos_cubit_test.dart: ... — noContacts gate (testable) SosPreflightFailed auto-resets to SosIdle after 3 seconds        00:16 +1283: /Users/minhaj/Documents/MinhajSadik/Safora/test/presentation/blocs/sos_cubit_test.dart: ... — noContacts gate (testable) SosPreflightFailed auto-resets to SosIdle after 3 seconds        00:16 +1284: /Users/minhaj/Documents/MinhajSadik/Safora/test/presentation/blocs/sos_cubit_test.dart: ... — noContacts gate (testable) SosPreflightFailed auto-resets to SosIdle after 3 seconds        00:16 +1285: /Users/minhaj/Documents/MinhajSadik/Safora/test/presentation/blocs/sos_cubit_test.dart: ... — noContacts gate (testable) SosPreflightFailed auto-resets to SosIdle after 3 seconds        00:16 +1286: /Users/minhaj/Documents/MinhajSadik/Safora/test/presentation/blocs/sos_cubit_test.dart: ... — noContacts gate (testable) SosPreflightFailed auto-resets to SosIdle after 3 seconds        00:17 +1287: /Users/minhaj/Documents/MinhajSadik/Safora/test/presentation/blocs/sos_cubit_test.dart: ... — noContacts gate (testable) SosPreflightFailed auto-resets to SosIdle after 3 seconds        00:17 +1288: /Users/minhaj/Documents/MinhajSadik/Safora/test/presentation/blocs/sos_cubit_test.dart: ... — noContacts gate (testable) SosPreflightFailed auto-resets to SosIdle after 3 seconds        00:17 +1289: /Users/minhaj/Documents/MinhajSadik/Safora/test/presentation/blocs/sos_cubit_test.dart: ... — noContacts gate (testable) SosPreflightFailed auto-resets to SosIdle after 3 seconds        00:17 +1290: /Users/minhaj/Documents/MinhajSadik/Safora/test/presentation/blocs/sos_cubit_test.dart: ... — noContacts gate (testable) SosPreflightFailed auto-resets to SosIdle after 3 seconds        00:17 +1291: /Users/minhaj/Documents/MinhajSadik/Safora/test/presentation/blocs/sos_cubit_test.dart: ... — noContacts gate (testable) SosPreflightFailed auto-resets to SosIdle after 3 seconds        00:17 +1292: /Users/minhaj/Documents/MinhajSadik/Safora/test/presentation/blocs/sos_cubit_test.dart: ... — noContacts gate (testable) SosPreflightFailed auto-resets to SosIdle after 3 seconds        00:17 +1293: /Users/minhaj/Documents/MinhajSadik/Safora/test/presentation/blocs/sos_cubit_test.dart: ... — noContacts gate (testable) SosPreflightFailed auto-resets to SosIdle after 3 seconds        00:17 +1294: /Users/minhaj/Documents/MinhajSadik/Safora/test/presentation/blocs/sos_cubit_test.dart: ... — noContacts gate (testable) SosPreflightFailed auto-resets to SosIdle after 3 seconds        00:17 +1295: /Users/minhaj/Documents/MinhajSadik/Safora/test/presentation/blocs/sos_cubit_test.dart: ... — noContacts gate (testable) SosPreflightFailed auto-resets to SosIdle after 3 seconds        00:17 +1296: /Users/minhaj/Documents/MinhajSadik/Safora/test/presentation/blocs/sos_cubit_test.dart: ... — noContacts gate (testable) SosPreflightFailed auto-resets to SosIdle after 3 seconds        00:17 +1297: /Users/minhaj/Documents/MinhajSadik/Safora/test/presentation/blocs/sos_cubit_test.dart: ... — noContacts gate (testable) SosPreflightFailed auto-resets to SosIdle after 3 seconds        00:17 +1298: /Users/minhaj/Documents/MinhajSadik/Safora/test/presentation/blocs/sos_cubit_test.dart: ... — noContacts gate (testable) SosPreflightFailed auto-resets to SosIdle after 3 seconds        00:17 +1299: /Users/minhaj/Documents/MinhajSadik/Safora/test/presentation/blocs/sos_cubit_test.dart: ... — noContacts gate (testable) SosPreflightFailed auto-resets to SosIdle after 3 seconds        00:17 +1300: /Users/minhaj/Documents/MinhajSadik/Safora/test/presentation/blocs/sos_cubit_test.dart: ... — noContacts gate (testable) SosPreflightFailed auto-resets to SosIdle after 3 seconds        00:17 +1301: /Users/minhaj/Documents/MinhajSadik/Safora/test/presentation/blocs/sos_cubit_test.dart: ... — noContacts gate (testable) SosPreflightFailed auto-resets to SosIdle after 3 seconds        00:17 +1302: /Users/minhaj/Documents/MinhajSadik/Safora/test/presentation/blocs/sos_cubit_test.dart: ... — noContacts gate (testable) SosPreflightFailed auto-resets to SosIdle after 3 seconds        00:17 +1303: /Users/minhaj/Documents/MinhajSadik/Safora/test/presentation/blocs/sos_cubit_test.dart: ... — noContacts gate (testable) SosPreflightFailed auto-resets to SosIdle after 3 seconds        00:17 +1304: /Users/minhaj/Documents/MinhajSadik/Safora/test/presentation/blocs/sos_cubit_test.dart: ... — noContacts gate (testable) SosPreflightFailed auto-resets to SosIdle after 3 seconds        00:17 +1305: /Users/minhaj/Documents/MinhajSadik/Safora/test/presentation/blocs/sos_cubit_test.dart: ... — noContacts gate (testable) SosPreflightFailed auto-resets to SosIdle after 3 seconds        00:17 +1306: /Users/minhaj/Documents/MinhajSadik/Safora/test/presentation/blocs/sos_cubit_test.dart: ... — noContacts gate (testable) SosPreflightFailed auto-resets to SosIdle after 3 seconds        00:17 +1307: /Users/minhaj/Documents/MinhajSadik/Safora/test/presentation/blocs/sos_cubit_test.dart: ... — noContacts gate (testable) SosPreflightFailed auto-resets to SosIdle after 3 seconds        00:17 +1308: /Users/minhaj/Documents/MinhajSadik/Safora/test/presentation/blocs/sos_cubit_test.dart: ... — noContacts gate (testable) SosPreflightFailed auto-resets to SosIdle after 3 seconds        00:17 +1309: /Users/minhaj/Documents/MinhajSadik/Safora/test/presentation/blocs/sos_cubit_test.dart: ... — noContacts gate (testable) SosPreflightFailed auto-resets to SosIdle after 3 seconds        00:17 +1310: /Users/minhaj/Documents/MinhajSadik/Safora/test/presentation/blocs/sos_cubit_test.dart: ... — noContacts gate (testable) SosPreflightFailed auto-resets to SosIdle after 3 seconds        00:17 +1311: /Users/minhaj/Documents/MinhajSadik/Safora/test/presentation/blocs/sos_cubit_test.dart: ... — noContacts gate (testable) SosPreflightFailed auto-resets to SosIdle after 3 seconds        00:17 +1312: /Users/minhaj/Documents/MinhajSadik/Safora/test/presentation/blocs/sos_cubit_test.dart: ... — noContacts gate (testable) SosPreflightFailed auto-resets to SosIdle after 3 seconds        00:17 +1313: /Users/minhaj/Documents/MinhajSadik/Safora/test/presentation/blocs/sos_cubit_test.dart: ... — noContacts gate (testable) SosPreflightFailed auto-resets to SosIdle after 3 seconds        00:17 +1314: /Users/minhaj/Documents/MinhajSadik/Safora/test/presentation/blocs/sos_cubit_test.dart: ... — noContacts gate (testable) SosPreflightFailed auto-resets to SosIdle after 3 seconds        00:17 +1315: /Users/minhaj/Documents/MinhajSadik/Safora/test/presentation/blocs/sos_cubit_test.dart: ... — noContacts gate (testable) SosPreflightFailed auto-resets to SosIdle after 3 seconds        00:17 +1316: /Users/minhaj/Documents/MinhajSadik/Safora/test/presentation/blocs/sos_cubit_test.dart: ... — noContacts gate (testable) SosPreflightFailed auto-resets to SosIdle after 3 seconds        00:17 +1317: /Users/minhaj/Documents/MinhajSadik/Safora/test/presentation/blocs/sos_cubit_test.dart: ... — noContacts gate (testable) SosPreflightFailed auto-resets to SosIdle after 3 seconds        00:17 +1318: /Users/minhaj/Documents/MinhajSadik/Safora/test/presentation/blocs/sos_cubit_test.dart: ... — noContacts gate (testable) SosPreflightFailed auto-resets to SosIdle after 3 seconds        00:17 +1319: /Users/minhaj/Documents/MinhajSadik/Safora/test/presentation/blocs/sos_cubit_test.dart: ... — noContacts gate (testable) SosPreflightFailed auto-resets to SosIdle after 3 seconds        00:17 +1320: /Users/minhaj/Documents/MinhajSadik/Safora/test/presentation/blocs/sos_cubit_test.dart: ... — noContacts gate (testable) SosPreflightFailed auto-resets to SosIdle after 3 seconds        00:17 +1321: /Users/minhaj/Documents/MinhajSadik/Safora/test/presentation/blocs/sos_cubit_test.dart: ... — noContacts gate (testable) SosPreflightFailed auto-resets to SosIdle after 3 seconds        00:17 +1322: /Users/minhaj/Documents/MinhajSadik/Safora/test/presentation/blocs/sos_cubit_test.dart: ... — noContacts gate (testable) SosPreflightFailed auto-resets to SosIdle after 3 seconds        00:17 +1323: /Users/minhaj/Documents/MinhajSadik/Safora/test/presentation/blocs/sos_cubit_test.dart: ... — noContacts gate (testable) SosPreflightFailed auto-resets to SosIdle after 3 seconds        00:17 +1324: /Users/minhaj/Documents/MinhajSadik/Safora/test/presentation/blocs/sos_cubit_test.dart: ... — noContacts gate (testable) SosPreflightFailed auto-resets to SosIdle after 3 seconds        00:17 +1325: /Users/minhaj/Documents/MinhajSadik/Safora/test/presentation/blocs/sos_cubit_test.dart: ... — noContacts gate (testable) SosPreflightFailed auto-resets to SosIdle after 3 seconds        00:17 +1326: /Users/minhaj/Documents/MinhajSadik/Safora/test/presentation/blocs/sos_cubit_test.dart: ... — noContacts gate (testable) SosPreflightFailed auto-resets to SosIdle after 3 seconds        00:17 +1327: /Users/minhaj/Documents/MinhajSadik/Safora/test/presentation/blocs/sos_cubit_test.dart: ... — noContacts gate (testable) SosPreflightFailed auto-resets to SosIdle after 3 seconds        00:17 +1328: /Users/minhaj/Documents/MinhajSadik/Safora/test/presentation/blocs/sos_cubit_test.dart: ... — noContacts gate (testable) SosPreflightFailed auto-resets to SosIdle after 3 seconds        00:17 +1329: /Users/minhaj/Documents/MinhajSadik/Safora/test/presentation/blocs/sos_cubit_test.dart: ... — noContacts gate (testable) SosPreflightFailed auto-resets to SosIdle after 3 seconds        00:17 +1330: /Users/minhaj/Documents/MinhajSadik/Safora/test/presentation/blocs/sos_cubit_test.dart: ... — noContacts gate (testable) SosPreflightFailed auto-resets to SosIdle after 3 seconds        00:17 +1331: /Users/minhaj/Documents/MinhajSadik/Safora/test/presentation/blocs/sos_cubit_test.dart: ... — noContacts gate (testable) SosPreflightFailed auto-resets to SosIdle after 3 seconds        00:17 +1332: /Users/minhaj/Documents/MinhajSadik/Safora/test/presentation/blocs/sos_cubit_test.dart: ... — noContacts gate (testable) SosPreflightFailed auto-resets to SosIdle after 3 seconds        00:17 +1333: /Users/minhaj/Documents/MinhajSadik/Safora/test/presentation/blocs/sos_cubit_test.dart: ... — noContacts gate (testable) SosPreflightFailed auto-resets to SosIdle after 3 seconds        00:17 +1334: /Users/minhaj/Documents/MinhajSadik/Safora/test/presentation/blocs/sos_cubit_test.dart: ... — noContacts gate (testable) SosPreflightFailed auto-resets to SosIdle after 3 seconds        00:17 +1335: /Users/minhaj/Documents/MinhajSadik/Safora/test/presentation/blocs/sos_cubit_test.dart: ... — noContacts gate (testable) SosPreflightFailed auto-resets to SosIdle after 3 seconds        00:17 +1336: /Users/minhaj/Documents/MinhajSadik/Safora/test/presentation/blocs/sos_cubit_test.dart: ... — noContacts gate (testable) SosPreflightFailed auto-resets to SosIdle after 3 seconds        00:17 +1337: /Users/minhaj/Documents/MinhajSadik/Safora/test/presentation/blocs/sos_cubit_test.dart: ... — noContacts gate (testable) SosPreflightFailed auto-resets to SosIdle after 3 seconds        00:17 +1338: /Users/minhaj/Documents/MinhajSadik/Safora/test/presentation/blocs/sos_cubit_test.dart: ... — noContacts gate (testable) SosPreflightFailed auto-resets to SosIdle after 3 seconds        00:17 +1339: /Users/minhaj/Documents/MinhajSadik/Safora/test/presentation/blocs/sos_cubit_test.dart: ... — noContacts gate (testable) SosPreflightFailed auto-resets to SosIdle after 3 seconds        00:17 +1340: /Users/minhaj/Documents/MinhajSadik/Safora/test/presentation/blocs/sos_cubit_test.dart: ... — noContacts gate (testable) SosPreflightFailed auto-resets to SosIdle after 3 seconds        00:17 +1341: /Users/minhaj/Documents/MinhajSadik/Safora/test/presentation/blocs/sos_cubit_test.dart: ... — noContacts gate (testable) SosPreflightFailed auto-resets to SosIdle after 3 seconds        00:17 +1342: /Users/minhaj/Documents/MinhajSadik/Safora/test/presentation/blocs/sos_cubit_test.dart: ... — noContacts gate (testable) SosPreflightFailed auto-resets to SosIdle after 3 seconds        00:17 +1343: /Users/minhaj/Documents/MinhajSadik/Safora/test/presentation/blocs/sos_cubit_test.dart: ... — noContacts gate (testable) SosPreflightFailed auto-resets to SosIdle after 3 seconds        00:17 +1344: /Users/minhaj/Documents/MinhajSadik/Safora/test/presentation/blocs/sos_cubit_test.dart: ... — noContacts gate (testable) SosPreflightFailed auto-resets to SosIdle after 3 seconds        00:17 +1345: /Users/minhaj/Documents/MinhajSadik/Safora/test/presentation/blocs/sos_cubit_test.dart: ... — noContacts gate (testable) SosPreflightFailed auto-resets to SosIdle after 3 seconds        00:17 +1346: /Users/minhaj/Documents/MinhajSadik/Safora/test/presentation/blocs/sos_cubit_test.dart: ... — noContacts gate (testable) SosPreflightFailed auto-resets to SosIdle after 3 seconds        00:17 +1347: /Users/minhaj/Documents/MinhajSadik/Safora/test/presentation/blocs/sos_cubit_test.dart: ... — noContacts gate (testable) SosPreflightFailed auto-resets to SosIdle after 3 seconds        00:17 +1348: /Users/minhaj/Documents/MinhajSadik/Safora/test/presentation/blocs/sos_cubit_test.dart: ... — noContacts gate (testable) SosPreflightFailed auto-resets to SosIdle after 3 seconds        00:17 +1349: /Users/minhaj/Documents/MinhajSadik/Safora/test/presentation/blocs/sos_cubit_test.dart: ... — noContacts gate (testable) SosPreflightFailed auto-resets to SosIdle after 3 seconds        00:17 +1350: /Users/minhaj/Documents/MinhajSadik/Safora/test/presentation/blocs/sos_cubit_test.dart: ... — noContacts gate (testable) SosPreflightFailed auto-resets to SosIdle after 3 seconds        00:17 +1351: /Users/minhaj/Documents/MinhajSadik/Safora/test/presentation/blocs/sos_cubit_test.dart: ... — noContacts gate (testable) SosPreflightFailed auto-resets to SosIdle after 3 seconds        00:17 +1352: /Users/minhaj/Documents/MinhajSadik/Safora/test/presentation/blocs/sos_cubit_test.dart: ... — noContacts gate (testable) SosPreflightFailed auto-resets to SosIdle after 3 seconds        00:17 +1353: /Users/minhaj/Documents/MinhajSadik/Safora/test/presentation/blocs/sos_cubit_test.dart: ... — noContacts gate (testable) SosPreflightFailed auto-resets to SosIdle after 3 seconds        00:17 +1354: /Users/minhaj/Documents/MinhajSadik/Safora/test/presentation/blocs/sos_cubit_test.dart: ... — noContacts gate (testable) SosPreflightFailed auto-resets to SosIdle after 3 seconds        00:17 +1355: /Users/minhaj/Documents/MinhajSadik/Safora/test/presentation/blocs/sos_cubit_test.dart: ... — noContacts gate (testable) SosPreflightFailed auto-resets to SosIdle after 3 seconds        00:17 +1356: /Users/minhaj/Documents/MinhajSadik/Safora/test/presentation/blocs/sos_cubit_test.dart: ... — noContacts gate (testable) SosPreflightFailed auto-resets to SosIdle after 3 seconds        00:17 +1357: /Users/minhaj/Documents/MinhajSadik/Safora/test/presentation/blocs/sos_cubit_test.dart: ... — noContacts gate (testable) SosPreflightFailed auto-resets to SosIdle after 3 seconds        00:17 +1358: /Users/minhaj/Documents/MinhajSadik/Safora/test/presentation/blocs/sos_cubit_test.dart: ... — noContacts gate (testable) SosPreflightFailed auto-resets to SosIdle after 3 seconds        00:17 +1359: /Users/minhaj/Documents/MinhajSadik/Safora/test/presentation/blocs/sos_cubit_test.dart: ... — noContacts gate (testable) SosPreflightFailed auto-resets to SosIdle after 3 seconds        00:17 +1360: /Users/minhaj/Documents/MinhajSadik/Safora/test/presentation/blocs/sos_cubit_test.dart: ... — noContacts gate (testable) SosPreflightFailed auto-resets to SosIdle after 3 seconds        00:17 +1361: /Users/minhaj/Documents/MinhajSadik/Safora/test/presentation/blocs/sos_cubit_test.dart: ... — noContacts gate (testable) SosPreflightFailed auto-resets to SosIdle after 3 seconds        00:17 +1362: /Users/minhaj/Documents/MinhajSadik/Safora/test/presentation/blocs/sos_cubit_test.dart: ... — noContacts gate (testable) SosPreflightFailed auto-resets to SosIdle after 3 seconds        00:17 +1363: /Users/minhaj/Documents/MinhajSadik/Safora/test/presentation/blocs/sos_cubit_test.dart: ... — noContacts gate (testable) SosPreflightFailed auto-resets to SosIdle after 3 seconds        00:17 +1364: /Users/minhaj/Documents/MinhajSadik/Safora/test/presentation/blocs/sos_cubit_test.dart: ... — noContacts gate (testable) SosPreflightFailed auto-resets to SosIdle after 3 seconds        00:17 +1365: /Users/minhaj/Documents/MinhajSadik/Safora/test/presentation/blocs/sos_cubit_test.dart: ... — noContacts gate (testable) SosPreflightFailed auto-resets to SosIdle after 3 seconds        00:18 +1365: /Users/minhaj/Documents/MinhajSadik/Safora/test/presentation/blocs/sos_cubit_test.dart: ... — noContacts gate (testable) SosPreflightFailed auto-resets to SosIdle after 3 seconds        00:18 +1366: /Users/minhaj/Documents/MinhajSadik/Safora/test/presentation/blocs/sos_cubit_test.dart: ... — noContacts gate (testable) SosPreflightFailed auto-resets to SosIdle after 3 seconds        00:19 +1366: /Users/minhaj/Documents/MinhajSadik/Safora/test/presentation/blocs/sos_cubit_test.dart: ... — noContacts gate (testable) SosPreflightFailed auto-resets to SosIdle after 3 seconds        00:19 +1367: /Users/minhaj/Documents/MinhajSadik/Safora/test/presentation/blocs/alerts_cubit_test.dart: AlertsCubit clearFilters resets both category and priority                                     00:20 +1367: /Users/minhaj/Documents/MinhajSadik/Safora/test/presentation/blocs/alerts_cubit_test.dart: AlertsCubit clearFilters resets both category and priority                                     00:20 +1368: /Users/minhaj/Documents/MinhajSadik/Safora/test/presentation/blocs/alerts_cubit_test.dart: AlertsCubit clearFilters resets both category and priority                                     00:20 +1368: /Users/minhaj/Documents/MinhajSadik/Safora/test/presentation/blocs/alerts_cubit_test.dart: AlertsCubit refreshAlerts preserves filter state                                               00:21 +1368: /Users/minhaj/Documents/MinhajSadik/Safora/test/presentation/blocs/alerts_cubit_test.dart: AlertsCubit refreshAlerts preserves filter state                                               00:22 +1368: /Users/minhaj/Documents/MinhajSadik/Safora/test/presentation/blocs/alerts_cubit_test.dart: AlertsCubit refreshAlerts preserves filter state                                               00:22 +1369: /Users/minhaj/Documents/MinhajSadik/Safora/test/presentation/blocs/alerts_cubit_test.dart: AlertsCubit refreshAlerts preserves filter state                                               00:22 +1369: /Users/minhaj/Documents/MinhajSadik/Safora/test/presentation/blocs/alerts_cubit_test.dart: addLocalAlert drops local alert when shouldReceive is false                                    00:22 +1370: /Users/minhaj/Documents/MinhajSadik/Safora/test/presentation/blocs/alerts_cubit_test.dart: addLocalAlert drops local alert when shouldReceive is false                                    00:22 +1370: /Users/minhaj/Documents/MinhajSadik/Safora/test/presentation/blocs/alerts_cubit_test.dart: addLocalAlert uses shouldReceive gate (not only isEnabled)                                     00:22 +1371: /Users/minhaj/Documents/MinhajSadik/Safora/test/presentation/blocs/alerts_cubit_test.dart: addLocalAlert uses shouldReceive gate (not only isEnabled)                                     00:22 +1371: /Users/minhaj/Documents/MinhajSadik/Safora/test/presentation/blocs/alerts_cubit_test.dart: addLocalAlert injects alert into empty (initial) state                                         00:22 +1372: /Users/minhaj/Documents/MinhajSadik/Safora/test/presentation/blocs/alerts_cubit_test.dart: addLocalAlert injects alert into empty (initial) state                                         00:22 +1372: /Users/minhaj/Documents/MinhajSadik/Safora/test/presentation/blocs/alerts_cubit_test.dart: addLocalAlert injects alert at the front of existing loaded state                              00:23 +1372: /Users/minhaj/Documents/MinhajSadik/Safora/test/presentation/blocs/alerts_cubit_test.dart: addLocalAlert injects alert at the front of existing loaded state                              00:24 +1372: /Users/minhaj/Documents/MinhajSadik/Safora/test/presentation/blocs/alerts_cubit_test.dart: addLocalAlert injects alert at the front of existing loaded state                              00:24 +1373: /Users/minhaj/Documents/MinhajSadik/Safora/test/presentation/blocs/alerts_cubit_test.dart: addLocalAlert injects alert at the front of existing loaded state                              00:24 +1373: /Users/minhaj/Documents/MinhajSadik/Safora/test/presentation/blocs/alerts_cubit_test.dart: addLocalAlert deduplicates alerts by ID                                                        00:24 +1374: /Users/minhaj/Documents/MinhajSadik/Safora/test/presentation/blocs/alerts_cubit_test.dart: addLocalAlert deduplicates alerts by ID                                                        00:24 +1374: /Users/minhaj/Documents/MinhajSadik/Safora/test/presentation/blocs/alerts_cubit_test.dart: addLocalAlert persists alerts via saveAlerts on every injection                                00:24 +1375: /Users/minhaj/Documents/MinhajSadik/Safora/test/presentation/blocs/alerts_cubit_test.dart: addLocalAlert persists alerts via saveAlerts on every injection                                00:24 +1375: /Users/minhaj/Documents/MinhajSadik/Safora/test/presentation/blocs/alerts_cubit_test.dart: addLocalAlert triggers notification for critical-priority alerts                               00:24 +1376: /Users/minhaj/Documents/MinhajSadik/Safora/test/presentation/blocs/alerts_cubit_test.dart: addLocalAlert triggers notification for critical-priority alerts                               00:24 +1376: /Users/minhaj/Documents/MinhajSadik/Safora/test/presentation/blocs/alerts_cubit_test.dart: addLocalAlert does NOT trigger notification for non-critical alerts                            00:24 +1377: /Users/minhaj/Documents/MinhajSadik/Safora/test/presentation/blocs/alerts_cubit_test.dart: addLocalAlert does NOT trigger notification for non-critical alerts                            00:24 +1377: /Users/minhaj/Documents/MinhajSadik/Safora/test/presentation/blocs/alerts_cubit_test.dart: addLocalAlert alert coordinates are preserved from input                                       00:24 +1378: /Users/minhaj/Documents/MinhajSadik/Safora/test/presentation/blocs/alerts_cubit_test.dart: addLocalAlert alert coordinates are preserved from input                                       00:24 +1378: /Users/minhaj/Documents/MinhajSadik/Safora/test/presentation/blocs/alerts_cubit_test.dart: (tearDownAll)                                                                                  00:24 +1378: All tests passed!                                                                                                                                                                         
